Component: ARM Compiler 5.06 update 6 (build 750) Tool: armlink [4d35ed]

==============================================================================

Section Cross References

    startup_stm32f334x8.o(STACK) refers (Special) to heapauxi.o(.text) for __use_two_region_memory
    startup_stm32f334x8.o(HEAP) refers (Special) to heapauxi.o(.text) for __use_two_region_memory
    startup_stm32f334x8.o(RESET) refers (Special) to heapauxi.o(.text) for __use_two_region_memory
    startup_stm32f334x8.o(RESET) refers to startup_stm32f334x8.o(STACK) for __initial_sp
    startup_stm32f334x8.o(RESET) refers to startup_stm32f334x8.o(.text) for Reset_Handler
    startup_stm32f334x8.o(RESET) refers to stm32f3xx_it.o(i.NMI_Handler) for NMI_Handler
    startup_stm32f334x8.o(RESET) refers to stm32f3xx_it.o(i.HardFault_Handler) for HardFault_Handler
    startup_stm32f334x8.o(RESET) refers to stm32f3xx_it.o(i.MemManage_Handler) for MemManage_Handler
    startup_stm32f334x8.o(RESET) refers to stm32f3xx_it.o(i.BusFault_Handler) for BusFault_Handler
    startup_stm32f334x8.o(RESET) refers to stm32f3xx_it.o(i.UsageFault_Handler) for UsageFault_Handler
    startup_stm32f334x8.o(RESET) refers to stm32f3xx_it.o(i.SVC_Handler) for SVC_Handler
    startup_stm32f334x8.o(RESET) refers to stm32f3xx_it.o(i.DebugMon_Handler) for DebugMon_Handler
    startup_stm32f334x8.o(RESET) refers to stm32f3xx_it.o(i.PendSV_Handler) for PendSV_Handler
    startup_stm32f334x8.o(RESET) refers to stm32f3xx_it.o(i.SysTick_Handler) for SysTick_Handler
    startup_stm32f334x8.o(RESET) refers to stm32f3xx_it.o(i.DMA1_Channel1_IRQHandler) for DMA1_Channel1_IRQHandler
    startup_stm32f334x8.o(RESET) refers to stm32f3xx_it.o(i.DMA1_Channel2_IRQHandler) for DMA1_Channel2_IRQHandler
    startup_stm32f334x8.o(RESET) refers to stm32f3xx_it.o(i.CAN_RX0_IRQHandler) for CAN_RX0_IRQHandler
    startup_stm32f334x8.o(RESET) refers to stm32f3xx_it.o(i.USART3_IRQHandler) for USART3_IRQHandler
    startup_stm32f334x8.o(RESET) refers to stm32f3xx_it.o(i.HRTIM1_Master_IRQHandler) for HRTIM1_Master_IRQHandler
    startup_stm32f334x8.o(.text) refers (Special) to heapauxi.o(.text) for __use_two_region_memory
    startup_stm32f334x8.o(.text) refers to system_stm32f3xx.o(i.SystemInit) for SystemInit
    startup_stm32f334x8.o(.text) refers to __main.o(!!!main) for __main
    startup_stm32f334x8.o(.text) refers to startup_stm32f334x8.o(HEAP) for Heap_Mem
    startup_stm32f334x8.o(.text) refers to startup_stm32f334x8.o(STACK) for Stack_Mem
    main.o(i.HAL_CAN_RxFifo1MsgPendingCallback) refers to stm32f3xx_hal_can.o(i.HAL_CAN_GetRxMessage) for HAL_CAN_GetRxMessage
    main.o(i.HAL_CAN_RxFifo1MsgPendingCallback) refers to adc_function.o(i.ADC_Process) for ADC_Process
    main.o(i.HAL_CAN_RxFifo1MsgPendingCallback) refers to stm32f3xx_hal_can.o(i.HAL_CAN_AddTxMessage) for HAL_CAN_AddTxMessage
    main.o(i.HAL_CAN_RxFifo1MsgPendingCallback) refers to adc_function.o(.data) for RE_V_CHASSIS
    main.o(i.PID_InitAll) refers to pid.o(i.PID_Init) for PID_Init
    main.o(i.PID_InitAll) refers to main.o(.bss) for .bss
    main.o(i.SystemClock_Config) refers to rt_memclr_w.o(.text) for __aeabi_memclr4
    main.o(i.SystemClock_Config) refers to stm32f3xx_hal_rcc.o(i.HAL_RCC_OscConfig) for HAL_RCC_OscConfig
    main.o(i.SystemClock_Config) refers to stm32f3xx_hal_rcc.o(i.HAL_RCC_ClockConfig) for HAL_RCC_ClockConfig
    main.o(i.SystemClock_Config) refers to stm32f3xx_hal_rcc_ex.o(i.HAL_RCCEx_PeriphCLKConfig) for HAL_RCCEx_PeriphCLKConfig
    main.o(i.main) refers to stm32f3xx_hal.o(i.HAL_Init) for HAL_Init
    main.o(i.main) refers to main.o(i.SystemClock_Config) for SystemClock_Config
    main.o(i.main) refers to gpio.o(i.MX_GPIO_Init) for MX_GPIO_Init
    main.o(i.main) refers to dma.o(i.MX_DMA_Init) for MX_DMA_Init
    main.o(i.main) refers to hrtim.o(i.MX_HRTIM1_Init) for MX_HRTIM1_Init
    main.o(i.main) refers to adc.o(i.MX_ADC1_Init) for MX_ADC1_Init
    main.o(i.main) refers to adc.o(i.MX_ADC2_Init) for MX_ADC2_Init
    main.o(i.main) refers to can.o(i.MX_CAN_Init) for MX_CAN_Init
    main.o(i.main) refers to usart.o(i.MX_USART3_UART_Init) for MX_USART3_UART_Init
    main.o(i.main) refers to can_bsp.o(i.can_filter_init) for can_filter_init
    main.o(i.main) refers to adc_function.o(i.ADCF_Init) for ADCF_Init
    main.o(i.main) refers to adc_function.o(i.ADCF_Start) for ADCF_Start
    main.o(i.main) refers to cap_charge.o(i.CAP_Init) for CAP_Init
    main.o(i.main) refers to main.o(i.PID_InitAll) for PID_InitAll
    main.o(i.main) refers to pwm_ctrl.o(i.HRTIM_UpdateHighDuty) for HRTIM_UpdateHighDuty
    main.o(i.main) refers to stm32f3xx_hal_hrtim.o(i.HAL_HRTIM_WaveformCountStart_IT) for HAL_HRTIM_WaveformCountStart_IT
    main.o(i.main) refers to stm32f3xx_hal_hrtim.o(i.HAL_HRTIM_WaveformOutputStart) for HAL_HRTIM_WaveformOutputStart
    main.o(i.main) refers to adc_function.o(i.ADC_Process) for ADC_Process
[...]
    .text                                    0x08000410   Section        0  sys_exit.o(.text)
    .text                                    0x0800041c   Section        2  use_no_semi.o(.text)
    .text                                    0x0800041e   Section        0  indicate_semi.o(.text)
    i.ADCF_Init                              0x08000420   Section        0  adc_function.o(i.ADCF_Init)
    i.ADCF_PushSample                        0x08000470   Section        0  adc_function.o(i.ADCF_PushSample)
    i.ADCF_Start                             0x080004b0   Section        0  adc_function.o(i.ADCF_Start)
    i.ADC_Average                            0x08000510   Section        0  adc_function.o(i.ADC_Average)
    i.ADC_DMAConvCplt                        0x08000558   Section        0  stm32f3xx_hal_adc_ex.o(i.ADC_DMAConvCplt)
    ADC_DMAConvCplt                          0x08000559   Thumb Code    68  stm32f3xx_hal_adc_ex.o(i.ADC_DMAConvCplt)
    i.ADC_DMAError                           0x0800059c   Section        0  stm32f3xx_hal_adc_ex.o(i.ADC_DMAError)
    ADC_DMAError                             0x0800059d   Thumb Code    22  stm32f3xx_hal_adc_ex.o(i.ADC_DMAError)
    i.ADC_DMAHalfConvCplt                    0x080005b2   Section        0  stm32f3xx_hal_adc_ex.o(i.ADC_DMAHalfConvCplt)
    ADC_DMAHalfConvCplt                      0x080005b3   Thumb Code     6  stm32f3xx_hal_adc_ex.o(i.ADC_DMAHalfConvCplt)
    i.ADC_Disable                            0x080005b8   Section        0  stm32f3xx_hal_adc_ex.o(i.ADC_Disable)
    ADC_Disable                              0x080005b9   Thumb Code   106  stm32f3xx_hal_adc_ex.o(i.ADC_Disable)
    i.ADC_Enable                             0x08000624   Section        0  stm32f3xx_hal_adc_ex.o(i.ADC_Enable)
    ADC_Enable                               0x08000625   Thumb Code   102  stm32f3xx_hal_adc_ex.o(i.ADC_Enable)
    i.ADC_Process                            0x08000690   Section        0  adc_function.o(i.ADC_Process)
    i.BusFault_Handler                       0x080007b0   Section        0  stm32f3xx_it.o(i.BusFault_Handler)
    i.CAN_RX0_IRQHandler                     0x080007c0   Section        0  stm32f3xx_it.o(i.CAN_RX0_IRQHandler)
    i.CAP_Init                               0x080007cc   Section        0  cap_charge.o(i.CAP_Init)
    i.Charge_buck                            0x080007ec   Section        0  pwm_ctrl.o(i.Charge_buck)
    i.DMA1_Channel1_IRQHandler               0x0800081c   Section        0  stm32f3xx_it.o(i.DMA1_Channel1_IRQHandler)
    i.DMA1_Channel2_IRQHandler               0x08000828   Section        0  stm32f3xx_it.o(i.DMA1_Channel2_IRQHandler)
    i.DMA_CalcBaseAndBitshift                0x08000834   Section        0  stm32f3xx_hal_dma.o(i.DMA_CalcBaseAndBitshift)
    DMA_CalcBaseAndBitshift                  0x08000835   Thumb Code    22  stm32f3xx_hal_dma.o(i.DMA_CalcBaseAndBitshift)
    i.DMA_SetConfig                          0x08000854   Section        0  stm32f3xx_hal_dma.o(i.DMA_SetConfig)
    DMA_SetConfig                            0x08000855   Thumb Code    42  stm32f3xx_hal_dma.o(i.DMA_SetConfig)
    i.DebugMon_Handler                       0x0800087e   Section        0  stm32f3xx_it.o(i.DebugMon_Handler)
    i.Error_Handler                          0x08000880   Section        0  main.o(i.Error_Handler)
    i.HAL_ADCEx_Calibration_Start            0x08000884   Section        0  stm32f3xx_hal_adc_ex.o(i.HAL_ADCEx_Calibration_Start)
    i.HAL_ADCEx_MultiModeConfigChannel       0x08000924   Section        0  stm32f3xx_hal_adc_ex.o(i.HAL_ADCEx_MultiModeConfigChannel)
    i.HAL_ADC_ConfigChannel                  0x08000a04   Section        0  stm32f3xx_hal_adc_ex.o(i.HAL_ADC_ConfigChannel)
    i.HAL_ADC_ConvCpltCallback               0x08000d54   Section        0  stm32f3xx_hal_adc.o(i.HAL_ADC_ConvCpltCallback)
    i.HAL_ADC_ConvHalfCpltCallback           0x08000d56   Section        0  stm32f3xx_hal_adc.o(i.HAL_ADC_ConvHalfCpltCallback)
    i.HAL_ADC_ErrorCallback                  0x08000d58   Section        0  stm32f3xx_hal_adc.o(i.HAL_ADC_ErrorCallback)
    i.HAL_ADC_Init                           0x08000d5c   Section        0  stm32f3xx_hal_adc_ex.o(i.HAL_ADC_Init)
    i.HAL_ADC_MspInit                        0x08000f40   Section        0  adc.o(i.HAL_ADC_MspInit)
    i.HAL_ADC_Start_DMA                      0x0800103c   Section        0  stm32f3xx_hal_adc_ex.o(i.HAL_ADC_Start_DMA)
    i.HAL_CAN_ActivateNotification           0x08001144   Section        0  stm32f3xx_hal_can.o(i.HAL_CAN_ActivateNotification)
    i.HAL_CAN_AddTxMessage                   0x08001168   Section        0  stm32f3xx_hal_can.o(i.HAL_CAN_AddTxMessage)
    i.HAL_CAN_ConfigFilter                   0x08001224   Section        0  stm32f3xx_hal_can.o(i.HAL_CAN_ConfigFilter)
    i.HAL_CAN_ErrorCallback                  0x08001312   Section        0  stm32f3xx_hal_can.o(i.HAL_CAN_ErrorCallback)
    i.HAL_CAN_GetRxMessage                   0x08001314   Section        0  stm32f3xx_hal_can.o(i.HAL_CAN_GetRxMessage)
    i.HAL_CAN_IRQHandler                     0x08001408   Section        0  stm32f3xx_hal_can.o(i.HAL_CAN_IRQHandler)
    i.HAL_CAN_Init                           0x08001604   Section        0  stm32f3xx_hal_can.o(i.HAL_CAN_Init)
    i.HAL_CAN_MspInit                        0x08001720   Section        0  can.o(i.HAL_CAN_MspInit)
    i.HAL_CAN_RxFifo0FullCallback            0x080017b0   Section        0  stm32f3xx_hal_can.o(i.HAL_CAN_RxFifo0FullCallback)
    i.HAL_CAN_RxFifo0MsgPendingCallback      0x080017b2   Section        0  stm32f3xx_hal_can.o(i.HAL_CAN_RxFifo0MsgPendingCallback)
    i.HAL_CAN_RxFifo1FullCallback            0x080017b4   Section        0  stm32f3xx_hal_can.o(i.HAL_CAN_RxFifo1FullCallback)
    i.HAL_CAN_RxFifo1MsgPendingCallback      0x080017b8   Section        0  main.o(i.HAL_CAN_RxFifo1MsgPendingCallback)
    i.HAL_CAN_SleepCallback                  0x08001824   Section        0  stm32f3xx_hal_can.o(i.HAL_CAN_SleepCallback)
    i.HAL_CAN_Start                          0x08001828   Section        0  stm32f3xx_hal_can.o(i.HAL_CAN_Start)
    i.HAL_CAN_TxMailbox0AbortCallback        0x08001880   Section        0  stm32f3xx_hal_can.o(i.HAL_CAN_TxMailbox0AbortCallback)
    i.HAL_CAN_TxMailbox0CompleteCallback     0x08001882   Section        0  stm32f3xx_hal_can.o(i.HAL_CAN_TxMailbox0CompleteCallback)
    i.HAL_CAN_TxMailbox1AbortCallback        0x08001884   Section        0  stm32f3xx_hal_can.o(i.HAL_CAN_TxMailbox1AbortCallback)
    i.HAL_CAN_TxMailbox1CompleteCallback     0x08001886   Section        0  stm32f3xx_hal_can.o(i.HAL_CAN_TxMailbox1CompleteCallback)
    i.HAL_CAN_TxMailbox2AbortCallback        0x08001888   Section        0  stm32f3xx_hal_can.o(i.HAL_CAN_TxMailbox2AbortCallback)
    i.HAL_CAN_TxMailbox2CompleteCallback     0x0800188a   Section        0  stm32f3xx_hal_can.o(i.HAL_CAN_TxMailbox2CompleteCallback)
    i.HAL_CAN_WakeUpFromRxMsgCallback        0x0800188c   Section        0  stm32f3xx_hal_can.o(i.HAL_CAN_WakeUpFromRxMsgCallback)
    i.HAL_DMA_Abort                          0x0800188e   Section        0  stm32f3xx_hal_dma.o(i.HAL_DMA_Abort)
    i.HAL_DMA_Abort_IT                       0x080018d6   Section        0  stm32f3xx_hal_dma.o(i.HAL_DMA_Abort_IT)
    i.HAL_DMA_IRQHandler                     0x08001920   Section        0  stm32f3xx_hal_dma.o(i.HAL_DMA_IRQHandler)
    i.HAL_DMA_Init                           0x080019c8   Section        0  stm32f3xx_hal_dma.o(i.HAL_DMA_Init)
    i.HAL_DMA_Start_IT                       0x08001a16   Section        0  stm32f3xx_hal_dma.o(i.HAL_DMA_Start_IT)
    i.HAL_Delay                              0x08001a88   Section        0  stm32f3xx_hal.o(i.HAL_Delay)
    i.HAL_GPIO_Init                          0x08001aac   Section        0  stm32f3xx_hal_gpio.o(i.HAL_GPIO_Init)
    i.HAL_GPIO_WritePin                      0x08001ccc   Section        0  stm32f3xx_hal_gpio.o(i.HAL_GPIO_WritePin)
    i.HAL_GetTick                            0x08001cd8   Section        0  stm32f3xx_hal.o(i.HAL_GetTick)
    i.HAL_HRTIM_ADCTriggerConfig             0x08001ce4   Section        0  stm32f3xx_hal_hrtim.o(i.HAL_HRTIM_ADCTriggerConfig)
    i.HAL_HRTIM_BurstModePeriodCallback      0x08001da2   Section        0  stm32f3xx_hal_hrtim.o(i.HAL_HRTIM_BurstModePeriodCallback)
    i.HAL_HRTIM_Capture1EventCallback        0x08001da4   Section        0  stm32f3xx_hal_hrtim.o(i.HAL_HRTIM_Capture1EventCallback)
    i.HAL_HRTIM_Capture2EventCallback        0x08001da6   Section        0  stm32f3xx_hal_hrtim.o(i.HAL_HRTIM_Capture2EventCallback)
    i.HAL_HRTIM_Compare1EventCallback        0x08001da8   Section        0  stm32f3xx_hal_hrtim.o(i.HAL_HRTIM_Compare1EventCallback)
    i.HAL_HRTIM_Compare2EventCallback        0x08001daa   Section        0  stm32f3xx_hal_hrtim.o(i.HAL_HRTIM_Compare2EventCallback)
    i.HAL_HRTIM_Compare3EventCallback        0x08001dac   Section        0  stm32f3xx_hal_hrtim.o(i.HAL_HRTIM_Compare3EventCallback)
    i.HAL_HRTIM_Compare4EventCallback        0x08001dae   Section        0  stm32f3xx_hal_hrtim.o(i.HAL_HRTIM_Compare4EventCallback)
    i.HAL_HRTIM_CounterResetCallback         0x08001db0   Section        0  stm32f3xx_hal_hrtim.o(i.HAL_HRTIM_CounterResetCallback)
    i.HAL_HRTIM_DLLCalibrationReadyCallback  0x08001db2   Section        0  stm32f3xx_hal_hrtim.o(i.HAL_HRTIM_DLLCalibrationReadyCallback)
    i.HAL_HRTIM_DeadTimeConfig               0x08001db4   Section        0  stm32f3xx_hal_hrtim.o(i.HAL_HRTIM_DeadTimeConfig)
    i.HAL_HRTIM_DelayedProtectionCallback    0x08001e40   Section        0  stm32f3xx_hal_hrtim.o(i.HAL_HRTIM_DelayedProtectionCallback)
    i.HAL_HRTIM_Fault1Callback               0x08001e42   Section        0  stm32f3xx_hal_hrtim.o(i.HAL_HRTIM_Fault1Callback)
    i.HAL_HRTIM_Fault2Callback               0x08001e44   Section        0  stm32f3xx_hal_hrtim.o(i.HAL_HRTIM_Fault2Callback)
    i.HAL_HRTIM_Fault3Callback               0x08001e46   Section        0  stm32f3xx_hal_hrtim.o(i.HAL_HRTIM_Fault3Callback)
    i.HAL_HRTIM_Fault4Callback               0x08001e48   Section        0  stm32f3xx_hal_hrtim.o(i.HAL_HRTIM_Fault4Callback)
    i.HAL_HRTIM_Fault5Callback               0x08001e4a   Section        0  stm32f3xx_hal_hrtim.o(i.HAL_HRTIM_Fault5Callback)
    i.HAL_HRTIM_IRQHandler                   0x08001e4c   Section        0  stm32f3xx_hal_hrtim.o(i.HAL_HRTIM_IRQHandler)
    i.HAL_HRTIM_Init                         0x08001e60   Section        0  stm32f3xx_hal_hrtim.o(i.HAL_HRTIM_Init)
    i.HAL_HRTIM_MspInit                      0x08001f1c   Section        0  hrtim.o(i.HAL_HRTIM_MspInit)
    i.HAL_HRTIM_MspPostInit                  0x08001f58   Section        0  hrtim.o(i.HAL_HRTIM_MspPostInit)
    i.HAL_HRTIM_Output1ResetCallback         0x08001fac   Section        0  stm32f3xx_hal_hrtim.o(i.HAL_HRTIM_Output1ResetCallback)
    i.HAL_HRTIM_Output1SetCallback           0x08001fae   Section        0  stm32f3xx_hal_hrtim.o(i.HAL_HRTIM_Output1SetCallback)
    i.HAL_HRTIM_Output2ResetCallback         0x08001fb0   Section        0  stm32f3xx_hal_hrtim.o(i.HAL_HRTIM_Output2ResetCallback)
    i.HAL_HRTIM_Output2SetCallback           0x08001fb2   Section        0  stm32f3xx_hal_hrtim.o(i.HAL_HRTIM_Output2SetCallback)
    i.HAL_HRTIM_RegistersUpdateCallback      0x08001fb4   Section        0  stm32f3xx_hal_hrtim.o(i.HAL_HRTIM_RegistersUpdateCallback)
    i.HAL_HRTIM_RepetitionEventCallback      0x08001fb6   Section        0  stm32f3xx_hal_hrtim.o(i.HAL_HRTIM_RepetitionEventCallback)
    i.HAL_HRTIM_SynchronizationEventCallback 0x08001fb8   Section        0  stm32f3xx_hal_hrtim.o(i.HAL_HRTIM_SynchronizationEventCallback)
    i.HAL_HRTIM_SystemFaultCallback          0x08001fba   Section        0  stm32f3xx_hal_hrtim.o(i.HAL_HRTIM_SystemFaultCallback)
    i.HAL_HRTIM_TimeBaseConfig               0x08001fbc   Section        0  stm32f3xx_hal_hrtim.o(i.HAL_HRTIM_TimeBaseConfig)
    i.HAL_HRTIM_WaveformCompareConfig        0x08002036   Section        0  stm32f3xx_hal_hrtim.o(i.HAL_HRTIM_WaveformCompareConfig)
    i.HAL_HRTIM_WaveformCountStart_IT        0x0800216c   Section        0  stm32f3xx_hal_hrtim.o(i.HAL_HRTIM_WaveformCountStart_IT)
    i.HAL_HRTIM_WaveformOutputConfig         0x080021f0   Section        0  stm32f3xx_hal_hrtim.o(i.HAL_HRTIM_WaveformOutputConfig)
    i.HAL_HRTIM_WaveformOutputStart          0x08002226   Section        0  stm32f3xx_hal_hrtim.o(i.HAL_HRTIM_WaveformOutputStart)
    i.HAL_HRTIM_WaveformOutputStop           0x08002256   Section        0  stm32f3xx_hal_hrtim.o(i.HAL_HRTIM_WaveformOutputStop)
    i.HAL_HRTIM_WaveformTimerConfig          0x08002286   Section        0  stm32f3xx_hal_hrtim.o(i.HAL_HRTIM_WaveformTimerConfig)
    i.HAL_IncTick                            0x08002340   Section        0  stm32f3xx_hal.o(i.HAL_IncTick)
    i.HAL_Init                               0x08002350   Section        0  stm32f3xx_hal.o(i.HAL_Init)
    i.HAL_InitTick                           0x08002374   Section        0  stm32f3xx_hal.o(i.HAL_InitTick)
    i.HAL_MspInit                            0x080023b4   Section        0  stm32f3xx_hal_msp.o(i.HAL_MspInit)
    i.HAL_NVIC_DisableIRQ                    0x080023e0   Section        0  stm32f3xx_hal_cortex.o(i.HAL_NVIC_DisableIRQ)
    i.HAL_NVIC_EnableIRQ                     0x08002402   Section        0  stm32f3xx_hal_cortex.o(i.HAL_NVIC_EnableIRQ)
    i.HAL_NVIC_SetPriority                   0x0800241c   Section        0  stm32f3xx_hal_cortex.o(i.HAL_NVIC_SetPriority)
    i.HAL_NVIC_SetPriorityGrouping           0x0800245c   Section        0  stm32f3xx_hal_cortex.o(i.HAL_NVIC_SetPriorityGrouping)
    i.HAL_RCCEx_PeriphCLKConfig              0x08002480   Section        0  stm32f3xx_hal_rcc_ex.o(i.HAL_RCCEx_PeriphCLKConfig)
    i.HAL_RCC_ClockConfig                    0x08002608   Section        0  stm32f3xx_hal_rcc.o(i.HAL_RCC_ClockConfig)
    i.HAL_RCC_GetPCLK1Freq                   0x08002750   Section        0  stm32f3xx_hal_rcc.o(i.HAL_RCC_GetPCLK1Freq)
    i.HAL_RCC_GetPCLK2Freq                   0x08002780   Section        0  stm32f3xx_hal_rcc.o(i.HAL_RCC_GetPCLK2Freq)
    i.HAL_RCC_GetSysClockFreq                0x080027b0   Section        0  stm32f3xx_hal_rcc.o(i.HAL_RCC_GetSysClockFreq)
    i.HAL_RCC_OscConfig                      0x08002800   Section        0  stm32f3xx_hal_rcc.o(i.HAL_RCC_OscConfig)
    i.HAL_SYSTICK_Config                     0x08002dc8   Section        0  stm32f3xx_hal_cortex.o(i.HAL_SYSTICK_Config)
    i.HAL_UARTEx_RxEventCallback             0x08002df0   Section        0  stm32f3xx_hal_uart.o(i.HAL_UARTEx_RxEventCallback)
    i.HAL_UARTEx_WakeupCallback              0x08002df2   Section        0  stm32f3xx_hal_uart_ex.o(i.HAL_UARTEx_WakeupCallback)
    i.HAL_UART_ErrorCallback                 0x08002df4   Section        0  stm32f3xx_hal_uart.o(i.HAL_UART_ErrorCallback)
    i.HAL_UART_IRQHandler                    0x08002df8   Section        0  stm32f3xx_hal_uart.o(i.HAL_UART_IRQHandler)
    i.HAL_UART_Init                          0x080030b0   Section        0  stm32f3xx_hal_uart.o(i.HAL_UART_Init)
    i.HAL_UART_MspInit                       0x08003118   Section        0  usart.o(i.HAL_UART_MspInit)
    i.HAL_UART_Transmit                      0x08003190   Section        0  stm32f3xx_hal_uart.o(i.HAL_UART_Transmit)
    i.HAL_UART_TxCpltCallback                0x08003234   Section        0  stm32f3xx_hal_uart.o(i.HAL_UART_TxCpltCallback)
    i.HRTIM1_Master_IRQHandler               0x08003238   Section        0  stm32f3xx_it.o(i.HRTIM1_Master_IRQHandler)
    i.HRTIM_ForceRegistersUpdate             0x08003244   Section        0  stm32f3xx_hal_hrtim.o(i.HRTIM_ForceRegistersUpdate)
    HRTIM_ForceRegistersUpdate               0x08003245   Thumb Code    90  stm32f3xx_hal_hrtim.o(i.HRTIM_ForceRegistersUpdate)
    i.HRTIM_HRTIM_ISR                        0x0800329e   Section        0  stm32f3xx_hal_hrtim.o(i.HRTIM_HRTIM_ISR)
    HRTIM_HRTIM_ISR                          0x0800329f   Thumb Code   146  stm32f3xx_hal_hrtim.o(i.HRTIM_HRTIM_ISR)
    i.HRTIM_Master_ISR                       0x08003330   Section        0  stm32f3xx_hal_hrtim.o(i.HRTIM_Master_ISR)
    HRTIM_Master_ISR                         0x08003331   Thumb Code   240  stm32f3xx_hal_hrtim.o(i.HRTIM_Master_ISR)
    i.HRTIM_OutputConfig                     0x08003420   Section        0  stm32f3xx_hal_hrtim.o(i.HRTIM_OutputConfig)
    HRTIM_OutputConfig                       0x08003421   Thumb Code   206  stm32f3xx_hal_hrtim.o(i.HRTIM_OutputConfig)
    i.HRTIM_Timer_ISR                        0x080034ee   Section        0  stm32f3xx_hal_hrtim.o(i.HRTIM_Timer_ISR)
    HRTIM_Timer_ISR                          0x080034ef   Thumb Code   358  stm32f3xx_hal_hrtim.o(i.HRTIM_Timer_ISR)
    i.HRTIM_TimingUnitWaveform_Config        0x08003654   Section        0  stm32f3xx_hal_hrtim.o(i.HRTIM_TimingUnitWaveform_Config)
    HRTIM_TimingUnitWaveform_Config          0x08003655   Thumb Code   322  stm32f3xx_hal_hrtim.o(i.HRTIM_TimingUnitWaveform_Config)
    i.HRTIM_UpdateHighDuty                   0x08003798   Section        0  pwm_ctrl.o(i.HRTIM_UpdateHighDuty)
    i.HardFault_Handler                      0x08003844   Section        0  stm32f3xx_it.o(i.HardFault_Handler)
    i.MX_ADC1_Init                           0x08003854   Section        0  adc.o(i.MX_ADC1_Init)
    i.MX_ADC2_Init                           0x08003900   Section        0  adc.o(i.MX_ADC2_Init)
    i.MX_CAN_Init                            0x08003998   Section        0  can.o(i.MX_CAN_Init)
    i.MX_DMA_Init                            0x080039d8   Section        0  dma.o(i.MX_DMA_Init)
    i.MX_GPIO_Init                           0x08003a14   Section        0  gpio.o(i.MX_GPIO_Init)
    i.MX_HRTIM1_Init                         0x08003a94   Section        0  hrtim.o(i.MX_HRTIM1_Init)
    i.MX_USART3_UART_Init                    0x08003ce0   Section        0  usart.o(i.MX_USART3_UART_Init)
    i.MemManage_Handler                      0x08003d1c   Section        0  stm32f3xx_it.o(i.MemManage_Handler)
    i.NMI_Handler                            0x08003d1e   Section        0  stm32f3xx_it.o(i.NMI_Handler)
    i.PID_Calculate                          0x08003d20   Section        0  pid.o(i.PID_Calculate)
    i.PID_Init                               0x08003f40   Section        0  pid.o(i.PID_Init)
    i.PID_InitAll                            0x08003f70   Section        0  main.o(i.PID_InitAll)
    i.PendSV_Handler                         0x0800400c   Section        0  stm32f3xx_it.o(i.PendSV_Handler)
    i.SVC_Handler                            0x0800400e   Section        0  stm32f3xx_it.o(i.SVC_Handler)
    i.SysTick_Handler                        0x08004010   Section        0  stm32f3xx_it.o(i.SysTick_Handler)
    i.SystemClock_Config                     0x08004014   Section        0  main.o(i.SystemClock_Config)
    i.SystemInit                             0x08004094   Section        0  system_stm32f3xx.o(i.SystemInit)
    i.UART_AdvFeatureConfig                  0x080040a4   Section        0  stm32f3xx_hal_uart.o(i.UART_AdvFeatureConfig)
    i.UART_CheckIdleState                    0x0800416c   Section        0  stm32f3xx_hal_uart.o(i.UART_CheckIdleState)
    i.UART_DMAAbortOnError                   0x08004214   Section        0  stm32f3xx_hal_uart.o(i.UART_DMAAbortOnError)
    UART_DMAAbortOnError                     0x08004215   Thumb Code    20  stm32f3xx_hal_uart.o(i.UART_DMAAbortOnError)
    i.UART_EndRxTransfer                     0x08004228   Section        0  stm32f3xx_hal_uart.o(i.UART_EndRxTransfer)
    UART_EndRxTransfer                       0x08004229   Thumb Code    76  stm32f3xx_hal_uart.o(i.UART_EndRxTransfer)
    i.UART_SetConfig                         0x08004274   Section        0  stm32f3xx_hal_uart.o(i.UART_SetConfig)
    i.UART_WaitOnFlagUntilTimeout            0x080043b4   Section        0  stm32f3xx_hal_uart.o(i.UART_WaitOnFlagUntilTimeout)
    i.USART3_IRQHandler                      0x08004448   Section        0  stm32f3xx_it.o(i.USART3_IRQHandler)
    i.UsageFault_Handler                     0x08004454   Section        0  stm32f3xx_it.o(i.UsageFault_Handler)
    i.__NVIC_SetPriority                     0x08004464   Section        0  stm32f3xx_hal_cortex.o(i.__NVIC_SetPriority)
    __NVIC_SetPriority                       0x08004465   Thumb Code    32  stm32f3xx_hal_cortex.o(i.__NVIC_SetPriority)
    i.can_filter_init                        0x08004484   Section        0  can_bsp.o(i.can_filter_init)
    i.clamp01                                0x080044bc   Section        0  pwm_ctrl.o(i.clamp01)
    clamp01                                  0x080044bd   Thumb Code    32  pwm_ctrl.o(i.clamp01)
    i.f_Changing_Integral_Rate               0x080044e0   Section        0  pid.o(i.f_Changing_Integral_Rate)
    f_Changing_Integral_Rate                 0x080044e1   Thumb Code   140  pid.o(i.f_Changing_Integral_Rate)
    i.f_Integral_Limit                       0x08004570   Section        0  pid.o(i.f_Integral_Limit)
    f_Integral_Limit                         0x08004571   Thumb Code   128  pid.o(i.f_Integral_Limit)
    i.f_PID_param_init                       0x080045f4   Section        0  pid.o(i.f_PID_param_init)
    f_PID_param_init                         0x080045f5   Thumb Code    90  pid.o(i.f_PID_param_init)
    i.f_PID_reset                            0x08004654   Section        0  pid.o(i.f_PID_reset)
    f_PID_reset                              0x08004655   Thumb Code    28  pid.o(i.f_PID_reset)
    i.main                                   0x08004674   Section        0  main.o(i.main)
    x$fpl$fpinit                             0x080047f8   Section       10  fpinit.o(x$fpl$fpinit)
    $v0                                      0x080047f8   Number         0  fpinit.o(x$fpl$fpinit)
    .constdata                               0x08004802   Section       32  stm32f3xx_hal_rcc.o(.constdata)
    aPLLMULFactorTable                       0x08004802   Data          16  stm32f3xx_hal_rcc.o(.constdata)
    aPredivFactorTable                       0x08004812   Data          16  stm32f3xx_hal_rcc.o(.constdata)
    .constdata                               0x08004822   Section       16  system_stm32f3xx.o(.constdata)
    .constdata                               0x08004832   Section        8  system_stm32f3xx.o(.constdata)
    .data                                    0x20000000   Section        4  adc.o(.data)
    HAL_RCC_ADC12_CLK_ENABLED                0x20000000   Data           4  adc.o(.data)
    .data                                    0x20000004   Section        6  adc.o(.data)
    .data                                    0x2000000a   Section        6  adc.o(.data)
    .data                                    0x20000010   Section       12  stm32f3xx_it.o(.data)
    .data                                    0x2000001c   Section       12  stm32f3xx_hal.o(.data)
    .data                                    0x20000028   Section       24  stm32f3xx_hal_hrtim.o(.data)
    TimerIdxToTimerId                        0x20000028   Data          24  stm32f3xx_hal_hrtim.o(.data)
    .data                                    0x20000040   Section        4  system_stm32f3xx.o(.data)
    .data                                    0x20000044   Section       24  cap_charge.o(.data)
    ctrl_flag                                0x20000044   Data           1  cap_charge.o(.data)
    i_ref_out                                0x20000048   Data           4  cap_charge.o(.data)
    v_cap_out                                0x2000004c   Data           4  cap_charge.o(.data)
    s_cfg                                    0x20000050   Data          12  cap_charge.o(.data)
    .data                                    0x2000005c   Section       24  adc_function.o(.data)
    .bss                                     0x20000078   Section      272  main.o(.bss)
    .bss                                     0x20000188   Section      296  adc.o(.bss)
    .bss                                     0x200002b0   Section       40  can.o(.bss)
    .bss                                     0x200002d8   Section      220  hrtim.o(.bss)
    .bss                                     0x200003b4   Section      136  usart.o(.bss)
    .bss                                     0x2000043c   Section      124  adc_function.o(.bss)
    .bss                                     0x200004b8   Section       96  libspace.o(.bss)
    HEAP                                     0x20000518   Section      512  startup_stm32f334x8.o(HEAP)
    Heap_Mem                                 0x20000518   Data         512  startup_stm32f334x8.o(HEAP)
    STACK                                    0x20000718   Section     1024  startup_stm32f334x8.o(STACK)
    Stack_Mem                                0x20000718   Data        1024  startup_stm32f334x8.o(STACK)
    __initial_sp                             0x20000b18   Data           0  startup_stm32f334x8.o(STACK)

    Global Symbols

    Symbol Name                              Value     Ov Type        Size  Object(Section)

    BuildAttributes$$THM_ISAv4$E$P$D$K$B$S$7EM$VFPi3$EXTD16$VFPS$VFMA$PE$A:L22UL41UL21$X:L11$S22US41US21$IEEE1$IW$USESV6$~STKCKD$USESV7$~SHL$OSPACE$ROPI$EBA8$UX$STANDARDLIB$REQ8$PRES8$EABIv2 0x00000000   Number         0  anon$$obj.o ABSOLUTE
    __ARM_use_no_argv                        0x00000000   Number         0  main.o ABSOLUTE
    __ARM_exceptions_init                     - Undefined Weak Reference
    __alloca_initialize                       - Undefined Weak Reference
    __arm_preinit_                            - Undefined Weak Reference
    __cpp_initialize__aeabi_                  - Undefined Weak Reference
    __cxa_finalize                            - Undefined Weak Reference
    __rt_locale                               - Undefined Weak Reference
    __sigvec_lookup                           - Undefined Weak Reference
    _atexit_init                              - Undefined Weak Reference
    _call_atexit_fns                          - Undefined Weak Reference
    _clock_init                               - Undefined Weak Reference
    _fp_trap_init                             - Undefined Weak Reference
    _fp_trap_shutdown                         - Undefined Weak Reference
    _get_lc_collate                           - Undefined Weak Reference
    _get_lc_ctype                             - Undefined Weak Reference
    _get_lc_monetary                          - Undefined Weak Reference
    _get_lc_numeric                           - Undefined Weak Reference
    _get_lc_time                              - Undefined Weak Reference
    _getenv_init                              - Undefined Weak Reference
    _handle_redirection                       - Undefined Weak Reference
    _init_alloc                               - Undefined Weak Reference
    _init_user_alloc                          - Undefined Weak Reference
    _initio                                   - Undefined Weak Reference
    _rand_init                                - Undefined Weak Reference
    _signal_finish                            - Undefined Weak Reference
    _signal_init                              - Undefined Weak Reference
    _terminate_alloc                          - Undefined Weak Reference
    _terminate_user_alloc                     - Undefined Weak Reference
    _terminateio                              - Undefined Weak Reference
    __Vectors_Size                           0x00000188   Number         0  startup_stm32f334x8.o ABSOLUTE
    __Vectors                                0x08000000   Data           4  startup_stm32f334x8.o(RESET)
    __Vectors_End                            0x08000188   Data           0  startup_stm32f334x8.o(RESET)
    __main                                   0x08000189   Thumb Code     8  __main.o(!!!main)
    __scatterload                            0x08000191   Thumb Code     0  __scatter.o(!!!scatter)
    __scatterload_rt2                        0x08000191   Thumb Code    44  __scatter.o(!!!scatter)
    __scatterload_rt2_thumb_only             0x08000191   Thumb Code     0  __scatter.o(!!!scatter)
    __scatterload_null                       0x0800019f   Thumb Code     0  __scatter.o(!!!scatter)
    __scatterload_copy                       0x080001c5   Thumb Code    26  __scatter_copy.o(!!handler_copy)
    __scatterload_zeroinit                   0x080001e1   Thumb Code    28  __scatter_zi.o(!!handler_zi)
    __rt_lib_init                            0x080001fd   Thumb Code     0  libinit.o(.ARM.Collect$$libinit$$00000000)
    __rt_lib_init_fp_1                       0x080001ff   Thumb Code     0  libinit2.o(.ARM.Collect$$libinit$$00000001)
    __rt_lib_init_alloca_1                   0x08000203   Thumb Code     0  libinit2.o(.ARM.Collect$$libinit$$0000002E)
    __rt_lib_init_argv_1                     0x08000203   Thumb Code     0  libinit2.o(.ARM.Collect$$libinit$$0000002C)
    __rt_lib_init_atexit_1                   0x08000203   Thumb Code     0  libinit2.o(.ARM.Collect$$libinit$$0000001B)
    __rt_lib_init_clock_1                    0x08000203   Thumb Code     0  libinit2.o(.ARM.Collect$$libinit$$00000021)
    __rt_lib_init_cpp_1                      0x08000203   Thumb Code     0  libinit2.o(.ARM.Collect$$libinit$$00000032)
    __rt_lib_init_exceptions_1               0x08000203   Thumb Code     0  libinit2.o(.ARM.Collect$$libinit$$00000030)
    __rt_lib_init_fp_trap_1                  0x08000203   Thumb Code     0  libinit2.o(.ARM.Collect$$libinit$$0000001F)
    __rt_lib_init_getenv_1                   0x08000203   Thumb Code     0  libinit2.o(.ARM.Collect$$libinit$$00000023)
    __rt_lib_init_heap_1                     0x08000203   Thumb Code     0  libinit2.o(.ARM.Collect$$libinit$$0000000A)
    __rt_lib_init_lc_collate_1               0x08000203   Thumb Code     0  libinit2.o(.ARM.Collect$$libinit$$00000011)
    __rt_lib_init_lc_ctype_1                 0x08000203   Thumb Code     0  libinit2.o(.ARM.Collect$$libinit$$00000013)
    __rt_lib_init_lc_monetary_1              0x08000203   Thumb Code     0  libinit2.o(.ARM.Collect$$libinit$$00000015)
    __rt_lib_init_lc_numeric_1               0x08000203   Thumb Code     0  libinit2.o(.ARM.Collect$$libinit$$00000017)
    __rt_lib_init_lc_time_1                  0x08000203   Thumb Code     0  libinit2.o(.ARM.Collect$$libinit$$00000019)
    __rt_lib_init_preinit_1                  0x08000203   Thumb Code     0  libinit2.o(.ARM.Collect$$libinit$$00000004)
    __rt_lib_init_rand_1                     0x08000203   Thumb Code     0  libinit2.o(.ARM.Collect$$libinit$$0000000E)
    __rt_lib_init_return                     0x08000203   Thumb Code     0  libinit2.o(.ARM.Collect$$libinit$$00000033)
    __rt_lib_init_signal_1                   0x08000203   Thumb Code     0  libinit2.o(.ARM.Collect$$libinit$$0000001D)
    __rt_lib_init_stdio_1                    0x08000203   Thumb Code     0  libinit2.o(.ARM.Collect$$libinit$$00000025)
    __rt_lib_init_user_alloc_1               0x08000203   Thumb Code     0  libinit2.o(.ARM.Collect$$libinit$$0000000C)
    __rt_lib_shutdown                        0x08000205   Thumb Code     0  libshutdown.o(.ARM.Collect$$libshutdown$$00000000)
    __rt_lib_shutdown_cpp_1                  0x08000207   Thumb Code     0  libshutdown2.o(.ARM.Collect$$libshutdown$$00000002)
    __rt_lib_shutdown_fp_trap_1              0x08000207   Thumb Code     0  libshutdown2.o(.ARM.Collect$$libshutdown$$00000007)
    __rt_lib_shutdown_heap_1                 0x08000207   Thumb Code     0  libshutdown2.o(.ARM.Collect$$libshutdown$$0000000F)
    __rt_lib_shutdown_return                 0x08000207   Thumb Code     0  libshutdown2.o(.ARM.Collect$$libshutdown$$00000010)
    __rt_lib_shutdown_signal_1               0x08000207   Thumb Code     0  libshutdown2.o(.ARM.Collect$$libshutdown$$0000000A)
    __rt_lib_shutdown_stdio_1                0x08000207   Thumb Code     0  libshutdown2.o(.ARM.Collect$$libshutdown$$00000004)
    __rt_lib_shutdown_user_alloc_1           0x08000207   Thumb Code     0  libshutdown2.o(.ARM.Collect$$libshutdown$$0000000C)
    __rt_entry                               0x08000209   Thumb Code     0  __rtentry.o(.ARM.Collect$$rtentry$$00000000)
    __rt_entry_presh_1                       0x08000209   Thumb Code     0  __rtentry2.o(.ARM.Collect$$rtentry$$00000002)
    __rt_entry_sh                            0x08000209   Thumb Code     0  __rtentry4.o(.ARM.Collect$$rtentry$$00000004)
    __rt_entry_li                            0x0800020f   Thumb Code     0  __rtentry2.o(.ARM.Collect$$rtentry$$0000000A)
    __rt_entry_postsh_1                      0x0800020f   Thumb Code     0  __rtentry2.o(.ARM.Collect$$rtentry$$00000009)
    __rt_entry_main                          0x08000213   Thumb Code     0  __rtentry2.o(.ARM.Collect$$rtentry$$0000000D)
    __rt_entry_postli_1                      0x08000213   Thumb Code     0  __rtentry2.o(.ARM.Collect$$rtentry$$0000000C)
    __rt_exit                                0x0800021b   Thumb Code     0  rtexit.o(.ARM.Collect$$rtexit$$00000000)
    __rt_exit_ls                             0x0800021d   Thumb Code     0  rtexit2.o(.ARM.Collect$$rtexit$$00000003)
    __rt_exit_prels_1                        0x0800021d   Thumb Code     0  rtexit2.o(.ARM.Collect$$rtexit$$00000002)
    __rt_exit_exit                           0x08000221   Thumb Code     0  rtexit2.o(.ARM.Collect$$rtexit$$00000004)
    Reset_Handler                            0x08000229   Thumb Code     8  startup_stm32f334x8.o(.text)
    ADC1_2_IRQHandler                        0x08000243   Thumb Code     0  startup_stm32f334x8.o(.text)
    CAN_RX1_IRQHandler                       0x08000243   Thumb Code     0  startup_stm32f334x8.o(.text)
    CAN_SCE_IRQHandler                       0x08000243   Thumb Code     0  startup_stm32f334x8.o(.text)
    CAN_TX_IRQHandler                        0x08000243   Thumb Code     0  startup_stm32f334x8.o(.text)
    COMP2_IRQHandler                         0x08000243   Thumb Code     0  startup_stm32f334x8.o(.text)
    COMP4_6_IRQHandler                       0x08000243   Thumb Code     0  startup_stm32f334x8.o(.text)
    DMA1_Channel3_IRQHandler                 0x08000243   Thumb Code     0  startup_stm32f334x8.o(.text)
    DMA1_Channel4_IRQHandler                 0x08000243   Thumb Code     0  startup_stm32f334x8.o(.text)
    DMA1_Channel5_IRQHandler                 0x08000243   Thumb Code     0  startup_stm32f334x8.o(.text)
    DMA1_Channel6_IRQHandler                 0x08000243   Thumb Code     0  startup_stm32f334x8.o(.text)
    DMA1_Channel7_IRQHandler                 0x08000243   Thumb Code     0  startup_stm32f334x8.o(.text)
    EXTI0_IRQHandler                         0x08000243   Thumb Code     0  startup_stm32f334x8.o(.text)
    EXTI15_10_IRQHandler                     0x08000243   Thumb Code     0  startup_stm32f334x8.o(.text)
    EXTI1_IRQHandler                         0x08000243   Thumb Code     0  startup_stm32f334x8.o(.text)
    EXTI2_TSC_IRQHandler                     0x08000243   Thumb Code     0  startup_stm32f334x8.o(.text)
    EXTI3_IRQHandler                         0x08000243   Thumb Code     0  startup_stm32f334x8.o(.text)
    EXTI4_IRQHandler                         0x08000243   Thumb Code     0  startup_stm32f334x8.o(.text)
    EXTI9_5_IRQHandler                       0x08000243   Thumb Code     0  startup_stm32f334x8.o(.text)
    FLASH_IRQHandler                         0x08000243   Thumb Code     0  startup_stm32f334x8.o(.text)
    FPU_IRQHandler                           0x08000243   Thumb Code     0  startup_stm32f334x8.o(.text)
    HRTIM1_FLT_IRQHandler                    0x08000243   Thumb Code     0  startup_stm32f334x8.o(.text)
    HRTIM1_TIMA_IRQHandler                   0x08000243   Thumb Code     0  startup_stm32f334x8.o(.text)
    HRTIM1_TIMB_IRQHandler                   0x08000243   Thumb Code     0  startup_stm32f334x8.o(.text)
    HRTIM1_TIMC_IRQHandler                   0x08000243   Thumb Code     0  startup_stm32f334x8.o(.text)
    HRTIM1_TIMD_IRQHandler                   0x08000243   Thumb Code     0  startup_stm32f334x8.o(.text)
    HRTIM1_TIME_IRQHandler                   0x08000243   Thumb Code     0  startup_stm32f334x8.o(.text)
    I2C1_ER_IRQHandler                       0x08000243   Thumb Code     0  startup_stm32f334x8.o(.text)
    I2C1_EV_IRQHandler                       0x08000243   Thumb Code     0  startup_stm32f334x8.o(.text)
    PVD_IRQHandler                           0x08000243   Thumb Code     0  startup_stm32f334x8.o(.text)
    RCC_IRQHandler                           0x08000243   Thumb Code     0  startup_stm32f334x8.o(.text)
    RTC_Alarm_IRQHandler                     0x08000243   Thumb Code     0  startup_stm32f334x8.o(.text)
    RTC_WKUP_IRQHandler                      0x08000243   Thumb Code     0  startup_stm32f334x8.o(.text)
    SPI1_IRQHandler                          0x08000243   Thumb Code     0  startup_stm32f334x8.o(.text)
    TAMP_STAMP_IRQHandler                    0x08000243   Thumb Code     0  startup_stm32f334x8.o(.text)
    TIM1_BRK_TIM15_IRQHandler                0x08000243   Thumb Code     0  startup_stm32f334x8.o(.text)
    TIM1_CC_IRQHandler                       0x08000243   Thumb Code     0  startup_stm32f334x8.o(.text)
    TIM1_TRG_COM_TIM17_IRQHandler            0x08000243   Thumb Code     0  startup_stm32f334x8.o(.text)
    TIM1_UP_TIM16_IRQHandler                 0x08000243   Thumb Code     0  startup_stm32f334x8.o(.text)
    TIM2_IRQHandler                          0x08000243   Thumb Code     0  startup_stm32f334x8.o(.text)
    TIM3_IRQHandler                          0x08000243   Thumb Code     0  startup_stm32f334x8.o(.text)
    TIM6_DAC1_IRQHandler                     0x08000243   Thumb Code     0  startup_stm32f334x8.o(.text)
    TIM7_DAC2_IRQHandler                     0x08000243   Thumb Code     0  startup_stm32f334x8.o(.text)
    USART1_IRQHandler                        0x08000243   Thumb Code     0  startup_stm32f334x8.o(.text)
    USART2_IRQHandler                        0x08000243   Thumb Code     0  startup_stm32f334x8.o(.text)
    WWDG_IRQHandler                          0x08000243   Thumb Code     0  startup_stm32f334x8.o(.text)
    __user_initial_stackheap                 0x08000245   Thumb Code     0  startup_stm32f334x8.o(.text)
    __aeabi_uldivmod                         0x08000269   Thumb Code     0  lludivv7m.o(.text)
    _ll_udiv                                 0x08000269   Thumb Code   238  lludivv7m.o(.text)
    __aeabi_memclr4                          0x08000357   Thumb Code     0  rt_memclr_w.o(.text)
    __aeabi_memclr8                          0x08000357   Thumb Code     0  rt_memclr_w.o(.text)
    __rt_memclr_w                            0x08000357   Thumb Code    78  rt_memclr_w.o(.text)
    _memset_w                                0x0800035b   Thumb Code     0  rt_memclr_w.o(.text)
    __use_two_region_memory                  0x080003a5   Thumb Code     2  heapauxi.o(.text)
    __rt_heap_escrow$2region                 0x080003a7   Thumb Code     2  heapauxi.o(.text)
    __rt_heap_expand$2region                 0x080003a9   Thumb Code     2  heapauxi.o(.text)
    __user_setup_stackheap                   0x080003ab   Thumb Code    74  sys_stackheap_outer.o(.text)
    exit                                     0x080003f5   Thumb Code    18  exit.o(.text)
    __user_libspace                          0x08000409   Thumb Code     8  libspace.o(.text)
    __user_perproc_libspace                  0x08000409   Thumb Code     0  libspace.o(.text)
    __user_perthread_libspace                0x08000409   Thumb Code     0  libspace.o(.text)
    _sys_exit                                0x08000411   Thumb Code     8  sys_exit.o(.text)
    __I$use$semihosting                      0x0800041d   Thumb Code     0  use_no_semi.o(.text)
    __use_no_semihosting_swi                 0x0800041d   Thumb Code     2  use_no_semi.o(.text)
    __semihosting_library_function           0x0800041f   Thumb Code     0  indicate_semi.o(.text)
    ADCF_Init                                0x08000421   Thumb Code    72  adc_function.o(i.ADCF_Init)
    ADCF_PushSample                          0x08000471   Thumb Code    58  adc_function.o(i.ADCF_PushSample)
    ADCF_Start                               0x080004b1   Thumb Code    78  adc_function.o(i.ADCF_Start)
    ADC_Average                              0x08000511   Thumb Code    68  adc_function.o(i.ADC_Average)
    ADC_Process                              0x08000691   Thumb Code   234  adc_function.o(i.ADC_Process)
    BusFault_Handler                         0x080007b1   Thumb Code    10  stm32f3xx_it.o(i.BusFault_Handler)
    CAN_RX0_IRQHandler                       0x080007c1   Thumb Code     6  stm32f3xx_it.o(i.CAN_RX0_IRQHandler)
    CAP_Init                                 0x080007cd   Thumb Code    28  cap_charge.o(i.CAP_Init)
    Charge_buck                              0x080007ed   Thumb Code    42  pwm_ctrl.o(i.Charge_buck)
    DMA1_Channel1_IRQHandler                 0x0800081d   Thumb Code     6  stm32f3xx_it.o(i.DMA1_Channel1_IRQHandler)
    DMA1_Channel2_IRQHandler                 0x08000829   Thumb Code     6  stm32f3xx_it.o(i.DMA1_Channel2_IRQHandler)
    DebugMon_Handler                         0x0800087f   Thumb Code     2  stm32f3xx_it.o(i.DebugMon_Handler)
    Error_Handler                            0x08000881   Thumb Code     4  main.o(i.Error_Handler)
    HAL_ADCEx_Calibration_Start              0x08000885   Thumb Code   158  stm32f3xx_hal_adc_ex.o(i.HAL_ADCEx_Calibration_Start)
    HAL_ADCEx_MultiModeConfigChannel         0x08000925   Thumb Code   214  stm32f3xx_hal_adc_ex.o(i.HAL_ADCEx_MultiModeConfigChannel)
    HAL_ADC_ConfigChannel                    0x08000a05   Thumb Code   828  stm32f3xx_hal_adc_ex.o(i.HAL_ADC_ConfigChannel)
    HAL_ADC_ConvCpltCallback                 0x08000d55   Thumb Code     2  stm32f3xx_hal_adc.o(i.HAL_ADC_ConvCpltCallback)
    HAL_ADC_ConvHalfCpltCallback             0x08000d57   Thumb Code     2  stm32f3xx_hal_adc.o(i.HAL_ADC_ConvHalfCpltCallback)
    HAL_ADC_ErrorCallback                    0x08000d59   Thumb Code     2  stm32f3xx_hal_adc.o(i.HAL_ADC_ErrorCallback)
    HAL_ADC_Init                             0x08000d5d   Thumb Code   460  stm32f3xx_hal_adc_ex.o(i.HAL_ADC_Init)
    HAL_ADC_MspInit                          0x08000f41   Thumb Code   228  adc.o(i.HAL_ADC_MspInit)
    HAL_ADC_Start_DMA                        0x0800103d   Thumb Code   246  stm32f3xx_hal_adc_ex.o(i.HAL_ADC_Start_DMA)
    HAL_CAN_ActivateNotification             0x08001145   Thumb Code    36  stm32f3xx_hal_can.o(i.HAL_CAN_ActivateNotification)
    HAL_CAN_AddTxMessage                     0x08001169   Thumb Code   188  stm32f3xx_hal_can.o(i.HAL_CAN_AddTxMessage)
    HAL_CAN_ConfigFilter                     0x08001225   Thumb Code   238  stm32f3xx_hal_can.o(i.HAL_CAN_ConfigFilter)
    HAL_CAN_ErrorCallback                    0x08001313   Thumb Code     2  stm32f3xx_hal_can.o(i.HAL_CAN_ErrorCallback)
    HAL_CAN_GetRxMessage                     0x08001315   Thumb Code   244  stm32f3xx_hal_can.o(i.HAL_CAN_GetRxMessage)
    HAL_CAN_IRQHandler                       0x08001409   Thumb Code   508  stm32f3xx_hal_can.o(i.HAL_CAN_IRQHandler)
    HAL_CAN_Init                             0x08001605   Thumb Code   282  stm32f3xx_hal_can.o(i.HAL_CAN_Init)
    HAL_CAN_MspInit                          0x08001721   Thumb Code   130  can.o(i.HAL_CAN_MspInit)
    HAL_CAN_RxFifo0FullCallback              0x080017b1   Thumb Code     2  stm32f3xx_hal_can.o(i.HAL_CAN_RxFifo0FullCallback)
    HAL_CAN_RxFifo0MsgPendingCallback        0x080017b3   Thumb Code     2  stm32f3xx_hal_can.o(i.HAL_CAN_RxFifo0MsgPendingCallback)
    HAL_CAN_RxFifo1FullCallback              0x080017b5   Thumb Code     2  stm32f3xx_hal_can.o(i.HAL_CAN_RxFifo1FullCallback)
    HAL_CAN_RxFifo1MsgPendingCallback        0x080017b9   Thumb Code    94  main.o(i.HAL_CAN_RxFifo1MsgPendingCallback)
    HAL_CAN_SleepCallback                    0x08001825   Thumb Code     2  stm32f3xx_hal_can.o(i.HAL_CAN_SleepCallback)
    HAL_CAN_Start                            0x08001829   Thumb Code    88  stm32f3xx_hal_can.o(i.HAL_CAN_Start)
    HAL_CAN_TxMailbox0AbortCallback          0x08001881   Thumb Code     2  stm32f3xx_hal_can.o(i.HAL_CAN_TxMailbox0AbortCallback)
    HAL_CAN_TxMailbox0CompleteCallback       0x08001883   Thumb Code     2  stm32f3xx_hal_can.o(i.HAL_CAN_TxMailbox0CompleteCallback)
    HAL_CAN_TxMailbox1AbortCallback          0x08001885   Thumb Code     2  stm32f3xx_hal_can.o(i.HAL_CAN_TxMailbox1AbortCallback)
    HAL_CAN_TxMailbox1CompleteCallback       0x08001887   Thumb Code     2  stm32f3xx_hal_can.o(i.HAL_CAN_TxMailbox1CompleteCallback)
    HAL_CAN_TxMailbox2AbortCallback          0x08001889   Thumb Code     2  stm32f3xx_hal_can.o(i.HAL_CAN_TxMailbox2AbortCallback)
    HAL_CAN_TxMailbox2CompleteCallback       0x0800188b   Thumb Code     2  stm32f3xx_hal_can.o(i.HAL_CAN_TxMailbox2CompleteCallback)
    HAL_CAN_WakeUpFromRxMsgCallback          0x0800188d   Thumb Code     2  stm32f3xx_hal_can.o(i.HAL_CAN_WakeUpFromRxMsgCallback)
    HAL_DMA_Abort                            0x0800188f   Thumb Code    72  stm32f3xx_hal_dma.o(i.HAL_DMA_Abort)
    HAL_DMA_Abort_IT                         0x080018d7   Thumb Code    74  stm32f3xx_hal_dma.o(i.HAL_DMA_Abort_IT)
    HAL_DMA_IRQHandler                       0x08001921   Thumb Code   168  stm32f3xx_hal_dma.o(i.HAL_DMA_IRQHandler)
    HAL_DMA_Init                             0x080019c9   Thumb Code    78  stm32f3xx_hal_dma.o(i.HAL_DMA_Init)
    HAL_DMA_Start_IT                         0x08001a17   Thumb Code   112  stm32f3xx_hal_dma.o(i.HAL_DMA_Start_IT)
    HAL_Delay                                0x08001a89   Thumb Code    32  stm32f3xx_hal.o(i.HAL_Delay)
    HAL_GPIO_Init                            0x08001aad   Thumb Code   518  stm32f3xx_hal_gpio.o(i.HAL_GPIO_Init)
    HAL_GPIO_WritePin                        0x08001ccd   Thumb Code    10  stm32f3xx_hal_gpio.o(i.HAL_GPIO_WritePin)
    HAL_GetTick                              0x08001cd9   Thumb Code     6  stm32f3xx_hal.o(i.HAL_GetTick)
    HAL_HRTIM_ADCTriggerConfig               0x08001ce5   Thumb Code   190  stm32f3xx_hal_hrtim.o(i.HAL_HRTIM_ADCTriggerConfig)
    HAL_HRTIM_BurstModePeriodCallback        0x08001da3   Thumb Code     2  stm32f3xx_hal_hrtim.o(i.HAL_HRTIM_BurstModePeriodCallback)
    HAL_HRTIM_Capture1EventCallback          0x08001da5   Thumb Code     2  stm32f3xx_hal_hrtim.o(i.HAL_HRTIM_Capture1EventCallback)
    HAL_HRTIM_Capture2EventCallback          0x08001da7   Thumb Code     2  stm32f3xx_hal_hrtim.o(i.HAL_HRTIM_Capture2EventCallback)
    HAL_HRTIM_Compare1EventCallback          0x08001da9   Thumb Code     2  stm32f3xx_hal_hrtim.o(i.HAL_HRTIM_Compare1EventCallback)
    HAL_HRTIM_Compare2EventCallback          0x08001dab   Thumb Code     2  stm32f3xx_hal_hrtim.o(i.HAL_HRTIM_Compare2EventCallback)
    HAL_HRTIM_Compare3EventCallback          0x08001dad   Thumb Code     2  stm32f3xx_hal_hrtim.o(i.HAL_HRTIM_Compare3EventCallback)
    HAL_HRTIM_Compare4EventCallback          0x08001daf   Thumb Code     2  stm32f3xx_hal_hrtim.o(i.HAL_HRTIM_Compare4EventCallback)
    HAL_HRTIM_CounterResetCallback           0x08001db1   Thumb Code     2  stm32f3xx_hal_hrtim.o(i.HAL_HRTIM_CounterResetCallback)
    HAL_HRTIM_DLLCalibrationReadyCallback    0x08001db3   Thumb Code     2  stm32f3xx_hal_hrtim.o(i.HAL_HRTIM_DLLCalibrationReadyCallback)
    HAL_HRTIM_DeadTimeConfig                 0x08001db5   Thumb Code   136  stm32f3xx_hal_hrtim.o(i.HAL_HRTIM_DeadTimeConfig)
    HAL_HRTIM_DelayedProtectionCallback      0x08001e41   Thumb Code     2  stm32f3xx_hal_hrtim.o(i.HAL_HRTIM_DelayedProtectionCallback)
    HAL_HRTIM_Fault1Callback                 0x08001e43   Thumb Code     2  stm32f3xx_hal_hrtim.o(i.HAL_HRTIM_Fault1Callback)
    HAL_HRTIM_Fault2Callback                 0x08001e45   Thumb Code     2  stm32f3xx_hal_hrtim.o(i.HAL_HRTIM_Fault2Callback)
    HAL_HRTIM_Fault3Callback                 0x08001e47   Thumb Code     2  stm32f3xx_hal_hrtim.o(i.HAL_HRTIM_Fault3Callback)
    HAL_HRTIM_Fault4Callback                 0x08001e49   Thumb Code     2  stm32f3xx_hal_hrtim.o(i.HAL_HRTIM_Fault4Callback)
    HAL_HRTIM_Fault5Callback                 0x08001e4b   Thumb Code     2  stm32f3xx_hal_hrtim.o(i.HAL_HRTIM_Fault5Callback)
    HAL_HRTIM_IRQHandler                     0x08001e4d   Thumb Code    20  stm32f3xx_hal_hrtim.o(i.HAL_HRTIM_IRQHandler)
    HAL_HRTIM_Init                           0x08001e61   Thumb Code   180  stm32f3xx_hal_hrtim.o(i.HAL_HRTIM_Init)
    HAL_HRTIM_MspInit                        0x08001f1d   Thumb Code    50  hrtim.o(i.HAL_HRTIM_MspInit)
    HAL_HRTIM_MspPostInit                    0x08001f59   Thumb Code    76  hrtim.o(i.HAL_HRTIM_MspPostInit)
    HAL_HRTIM_Output1ResetCallback           0x08001fad   Thumb Code     2  stm32f3xx_hal_hrtim.o(i.HAL_HRTIM_Output1ResetCallback)
    HAL_HRTIM_Output1SetCallback             0x08001faf   Thumb Code     2  stm32f3xx_hal_hrtim.o(i.HAL_HRTIM_Output1SetCallback)
    HAL_HRTIM_Output2ResetCallback           0x08001fb1   Thumb Code     2  stm32f3xx_hal_hrtim.o(i.HAL_HRTIM_Output2ResetCallback)
    HAL_HRTIM_Output2SetCallback             0x08001fb3   Thumb Code     2  stm32f3xx_hal_hrtim.o(i.HAL_HRTIM_Output2SetCallback)
    HAL_HRTIM_RegistersUpdateCallback        0x08001fb5   Thumb Code     2  stm32f3xx_hal_hrtim.o(i.HAL_HRTIM_RegistersUpdateCallback)
    HAL_HRTIM_RepetitionEventCallback        0x08001fb7   Thumb Code     2  stm32f3xx_hal_hrtim.o(i.HAL_HRTIM_RepetitionEventCallback)
    HAL_HRTIM_SynchronizationEventCallback   0x08001fb9   Thumb Code     2  stm32f3xx_hal_hrtim.o(i.HAL_HRTIM_SynchronizationEventCallback)
    HAL_HRTIM_SystemFaultCallback            0x08001fbb   Thumb Code     2  stm32f3xx_hal_hrtim.o(i.HAL_HRTIM_SystemFaultCallback)
    HAL_HRTIM_TimeBaseConfig                 0x08001fbd   Thumb Code   122  stm32f3xx_hal_hrtim.o(i.HAL_HRTIM_TimeBaseConfig)
    HAL_HRTIM_WaveformCompareConfig          0x08002037   Thumb Code   308  stm32f3xx_hal_hrtim.o(i.HAL_HRTIM_WaveformCompareConfig)
    HAL_HRTIM_WaveformCountStart_IT          0x0800216d   Thumb Code   128  stm32f3xx_hal_hrtim.o(i.HAL_HRTIM_WaveformCountStart_IT)
    HAL_HRTIM_WaveformOutputConfig           0x080021f1   Thumb Code    54  stm32f3xx_hal_hrtim.o(i.HAL_HRTIM_WaveformOutputConfig)
    HAL_HRTIM_WaveformOutputStart            0x08002227   Thumb Code    48  stm32f3xx_hal_hrtim.o(i.HAL_HRTIM_WaveformOutputStart)
    HAL_HRTIM_WaveformOutputStop             0x08002257   Thumb Code    48  stm32f3xx_hal_hrtim.o(i.HAL_HRTIM_WaveformOutputStop)
    HAL_HRTIM_WaveformTimerConfig            0x08002287   Thumb Code   186  stm32f3xx_hal_hrtim.o(i.HAL_HRTIM_WaveformTimerConfig)
    HAL_IncTick                              0x08002341   Thumb Code    12  stm32f3xx_hal.o(i.HAL_IncTick)
    HAL_Init                                 0x08002351   Thumb Code    32  stm32f3xx_hal.o(i.HAL_Init)
    HAL_InitTick                             0x08002375   Thumb Code    54  stm32f3xx_hal.o(i.HAL_InitTick)
    HAL_MspInit                              0x080023b5   Thumb Code    38  stm32f3xx_hal_msp.o(i.HAL_MspInit)
    HAL_NVIC_DisableIRQ                      0x080023e1   Thumb Code    34  stm32f3xx_hal_cortex.o(i.HAL_NVIC_DisableIRQ)
    HAL_NVIC_EnableIRQ                       0x08002403   Thumb Code    26  stm32f3xx_hal_cortex.o(i.HAL_NVIC_EnableIRQ)
    HAL_NVIC_SetPriority                     0x0800241d   Thumb Code    60  stm32f3xx_hal_cortex.o(i.HAL_NVIC_SetPriority)
    HAL_NVIC_SetPriorityGrouping             0x0800245d   Thumb Code    26  stm32f3xx_hal_cortex.o(i.HAL_NVIC_SetPriorityGrouping)
    HAL_RCCEx_PeriphCLKConfig                0x08002481   Thumb Code   378  stm32f3xx_hal_rcc_ex.o(i.HAL_RCCEx_PeriphCLKConfig)
    HAL_RCC_ClockConfig                      0x08002609   Thumb Code   308  stm32f3xx_hal_rcc.o(i.HAL_RCC_ClockConfig)
    HAL_RCC_GetPCLK1Freq                     0x08002751   Thumb Code    34  stm32f3xx_hal_rcc.o(i.HAL_RCC_GetPCLK1Freq)
    HAL_RCC_GetPCLK2Freq                     0x08002781   Thumb Code    34  stm32f3xx_hal_rcc.o(i.HAL_RCC_GetPCLK2Freq)
    HAL_RCC_GetSysClockFreq                  0x080027b1   Thumb Code    64  stm32f3xx_hal_rcc.o(i.HAL_RCC_GetSysClockFreq)
    HAL_RCC_OscConfig                        0x08002801   Thumb Code  1480  stm32f3xx_hal_rcc.o(i.HAL_RCC_OscConfig)
    HAL_SYSTICK_Config                       0x08002dc9   Thumb Code    40  stm32f3xx_hal_cortex.o(i.HAL_SYSTICK_Config)
    HAL_UARTEx_RxEventCallback               0x08002df1   Thumb Code     2  stm32f3xx_hal_uart.o(i.HAL_UARTEx_RxEventCallback)
    HAL_UARTEx_WakeupCallback                0x08002df3   Thumb Code     2  stm32f3xx_hal_uart_ex.o(i.HAL_UARTEx_WakeupCallback)
    HAL_UART_ErrorCallback                   0x08002df5   Thumb Code     2  stm32f3xx_hal_uart.o(i.HAL_UART_ErrorCallback)
    HAL_UART_IRQHandler                      0x08002df9   Thumb Code   686  stm32f3xx_hal_uart.o(i.HAL_UART_IRQHandler)
    HAL_UART_Init                            0x080030b1   Thumb Code   102  stm32f3xx_hal_uart.o(i.HAL_UART_Init)
    HAL_UART_MspInit                         0x08003119   Thumb Code   106  usart.o(i.HAL_UART_MspInit)
    HAL_UART_Transmit                        0x08003191   Thumb Code   164  stm32f3xx_hal_uart.o(i.HAL_UART_Transmit)
    HAL_UART_TxCpltCallback                  0x08003235   Thumb Code     2  stm32f3xx_hal_uart.o(i.HAL_UART_TxCpltCallback)
    HRTIM1_Master_IRQHandler                 0x08003239   Thumb Code     8  stm32f3xx_it.o(i.HRTIM1_Master_IRQHandler)
    HRTIM_UpdateHighDuty                     0x08003799   Thumb Code   160  pwm_ctrl.o(i.HRTIM_UpdateHighDuty)
    HardFault_Handler                        0x08003845   Thumb Code    10  stm32f3xx_it.o(i.HardFault_Handler)
    MX_ADC1_Init                             0x08003855   Thumb Code   166  adc.o(i.MX_ADC1_Init)
    MX_ADC2_Init                             0x08003901   Thumb Code   144  adc.o(i.MX_ADC2_Init)
    MX_CAN_Init                              0x08003999   Thumb Code    56  can.o(i.MX_CAN_Init)
    MX_DMA_Init                              0x080039d9   Thumb Code    56  dma.o(i.MX_DMA_Init)
    MX_GPIO_Init                             0x08003a15   Thumb Code   118  gpio.o(i.MX_GPIO_Init)
    MX_HRTIM1_Init                           0x08003a95   Thumb Code   578  hrtim.o(i.MX_HRTIM1_Init)
    MX_USART3_UART_Init                      0x08003ce1   Thumb Code    52  usart.o(i.MX_USART3_UART_Init)
    MemManage_Handler                        0x08003d1d   Thumb Code     2  stm32f3xx_it.o(i.MemManage_Handler)
    NMI_Handler                              0x08003d1f   Thumb Code     2  stm32f3xx_it.o(i.NMI_Handler)
    PID_Calculate                            0x08003d21   Thumb Code   532  pid.o(i.PID_Calculate)
    PID_Init                                 0x08003f41   Thumb Code    40  pid.o(i.PID_Init)
    PID_InitAll                              0x08003f71   Thumb Code   118  main.o(i.PID_InitAll)
    PendSV_Handler                           0x0800400d   Thumb Code     2  stm32f3xx_it.o(i.PendSV_Handler)
    SVC_Handler                              0x0800400f   Thumb Code     2  stm32f3xx_it.o(i.SVC_Handler)
    SysTick_Handler                          0x08004011   Thumb Code     4  stm32f3xx_it.o(i.SysTick_Handler)
    SystemClock_Config                       0x08004015   Thumb Code   128  main.o(i.SystemClock_Config)
    SystemInit                               0x08004095   Thumb Code    12  system_stm32f3xx.o(i.SystemInit)
    UART_AdvFeatureConfig                    0x080040a5   Thumb Code   200  stm32f3xx_hal_uart.o(i.UART_AdvFeatureConfig)
    UART_CheckIdleState                      0x0800416d   Thumb Code   168  stm32f3xx_hal_uart.o(i.UART_CheckIdleState)
    UART_SetConfig                           0x08004275   Thumb Code   296  stm32f3xx_hal_uart.o(i.UART_SetConfig)
    UART_WaitOnFlagUntilTimeout              0x080043b5   Thumb Code   148  stm32f3xx_hal_uart.o(i.UART_WaitOnFlagUntilTimeout)
    USART3_IRQHandler                        0x08004449   Thumb Code     6  stm32f3xx_it.o(i.USART3_IRQHandler)
    UsageFault_Handler                       0x08004455   Thumb Code    10  stm32f3xx_it.o(i.UsageFault_Handler)
    can_filter_init                          0x08004485   Thumb Code    52  can_bsp.o(i.can_filter_init)
    main                                     0x08004675   Thumb Code   342  main.o(i.main)
    _fp_init                                 0x080047f9   Thumb Code    10  fpinit.o(x$fpl$fpinit)
    __fplib_config_fpu_vfp                   0x08004801   Thumb Code     0  fpinit.o(x$fpl$fpinit)
    __fplib_config_pureend_doubles           0x08004801   Thumb Code     0  fpinit.o(x$fpl$fpinit)
    AHBPrescTable                            0x08004822   Data          16  system_stm32f3xx.o(.constdata)
    APBPrescTable                            0x08004832   Data           8  system_stm32f3xx.o(.constdata)
    Region$$Table$$Base                      0x0800483c   Number         0  anon$$obj.o(Region$$Table)
    Region$$Table$$Limit                     0x0800485c   Number         0  anon$$obj.o(Region$$Table)
    adc1_raw_data                            0x20000004   Data           6  adc.o(.data)
    adc2_raw_data                            0x2000000a   Data           6  adc.o(.data)
    g_hardfault_flag                         0x20000010   Data           4  stm32f3xx_it.o(.data)
    g_busfault_flag                          0x20000014   Data           4  stm32f3xx_it.o(.data)
    g_usagefault_flag                        0x20000018   Data           4  stm32f3xx_it.o(.data)
    uwTickFreq                               0x2000001c   Data           1  stm32f3xx_hal.o(.data)
    uwTickPrio                               0x20000020   Data           4  stm32f3xx_hal.o(.data)
    uwTick                                   0x20000024   Data           4  stm32f3xx_hal.o(.data)
    SystemCoreClock                          0x20000040   Data           4  system_stm32f3xx.o(.data)
    RE_V_CHASSIS                             0x2000005c   Data           4  adc_function.o(.data)
    RE_V_CAP                                 0x20000060   Data           4  adc_function.o(.data)
    RE_I_REFEREE                             0x20000064   Data           4  adc_function.o(.data)
    RE_I_CHASSIS                             0x20000068   Data           4  adc_function.o(.data)
    RE_CAP_I                                 0x2000006c   Data           4  adc_function.o(.data)
    TEMP                                     0x20000070   Data           4  adc_function.o(.data)
    pid_charge                               0x20000078   Data         136  main.o(.bss)
    pid_discharge                            0x20000100   Data         136  main.o(.bss)
    hadc1                                    0x20000188   Data          80  adc.o(.bss)
    hadc2                                    0x200001d8   Data          80  adc.o(.bss)
    hdma_adc1                                0x20000228   Data          68  adc.o(.bss)
    hdma_adc2                                0x2000026c   Data          68  adc.o(.bss)
    hcan                                     0x200002b0   Data          40  can.o(.bss)
    hhrtim1                                  0x200002d8   Data         220  hrtim.o(.bss)
    huart3                                   0x200003b4   Data         136  usart.o(.bss)
    g_adcf                                   0x2000043c   Data         124  adc_function.o(.bss)
    __libspace_start                         0x200004b8   Data          96  libspace.o(.bss)
    __temporary_stack_top$libspace           0x20000518   Data           0  libspace.o(.bss)



==============================================================================

Memory Map of the image

  Image Entry point : 0x08000189

  Load Region LR_IROM1 (Base: 0x08000000, Size: 0x000048d0, Max: 0x00010000, ABSOLUTE)

    Execution Region ER_IROM1 (Exec base: 0x08000000, Load base: 0x08000000, Size: 0x0000485c, Max: 0x00010000, ABSOLUTE)

    Exec Addr    Load Addr    Size         Type   Attr      Idx    E Section Name        Object

    0x08000000   0x08000000   0x00000188   Data   RO            3    RESET               startup_stm32f334x8.o
    0x08000188   0x08000188   0x00000008   Code   RO         4231  * !!!main             c_w.l(__main.o)
    0x08000190   0x08000190   0x00000034   Code   RO         4398    !!!scatter          c_w.l(__scatter.o)
    0x080001c4   0x080001c4   0x0000001a   Code   RO         4400    !!handler_copy      c_w.l(__scatter_copy.o)
    0x080001de   0x080001de   0x00000002   PAD
    0x080001e0   0x080001e0   0x0000001c   Code   RO         4402    !!handler_zi        c_w.l(__scatter_zi.o)
    0x080001fc   0x080001fc   0x00000002   Code   RO         4268    .ARM.Collect$$libinit$$00000000  c_w.l(libinit.o)
    0x080001fe   0x080001fe   0x00000004   Code   RO         4280    .ARM.Collect$$libinit$$00000001  c_w.l(libinit2.o)
    0x08000202   0x08000202   0x00000000   Code   RO         4283    .ARM.Collect$$libinit$$00000004  c_w.l(libinit2.o)
    0x08000202   0x08000202   0x00000000   Code   RO         4286    .ARM.Collect$$libinit$$0000000A  c_w.l(libinit2.o)
    0x08000202   0x08000202   0x00000000   Code   RO         4288    .ARM.Collect$$libinit$$0000000C  c_w.l(libinit2.o)
    0x08000202   0x08000202   0x00000000   Code   RO         4290    .ARM.Collect$$libinit$$0000000E  c_w.l(libinit2.o)
    0x08000202   0x08000202   0x00000000   Code   RO         4293    .ARM.Collect$$libinit$$00000011  c_w.l(libinit2.o)
    0x08000202   0x08000202   0x00000000   Code   RO         4295    .ARM.Collect$$libinit$$00000013  c_w.l(libinit2.o)
    0x08000202   0x08000202   0x00000000   Code   RO         4297    .ARM.Collect$$libinit$$00000015  c_w.l(libinit2.o)
    0x08000202   0x08000202   0x00000000   Code   RO         4299    .ARM.Collect$$libinit$$00000017  c_w.l(libinit2.o)
    0x08000202   0x08000202   0x00000000   Code   RO         4301    .ARM.Collect$$libinit$$00000019  c_w.l(libinit2.o)
    0x08000202   0x08000202   0x00000000   Code   RO         4303    .ARM.Collect$$libinit$$0000001B  c_w.l(libinit2.o)
    0x08000202   0x08000202   0x00000000   Code   RO         4305    .ARM.Collect$$libinit$$0000001D  c_w.l(libinit2.o)
    0x08000202   0x08000202   0x00000000   Code   RO         4307    .ARM.Collect$$libinit$$0000001F  c_w.l(libinit2.o)
    0x08000202   0x08000202   0x00000000   Code   RO         4309    .ARM.Collect$$libinit$$00000021  c_w.l(libinit2.o)
    0x08000202   0x08000202   0x00000000   Code   RO         4311    .ARM.Collect$$libinit$$00000023  c_w.l(libinit2.o)
    0x08000202   0x08000202   0x00000000   Code   RO         4313    .ARM.Collect$$libinit$$00000025  c_w.l(libinit2.o)
    0x08000202   0x08000202   0x00000000   Code   RO         4317    .ARM.Collect$$libinit$$0000002C  c_w.l(libinit2.o)
    0x08000202   0x08000202   0x00000000   Code   RO         4319    .ARM.Collect$$libinit$$0000002E  c_w.l(libinit2.o)
    0x08000202   0x08000202   0x00000000   Code   RO         4321    .ARM.Collect$$libinit$$00000030  c_w.l(libinit2.o)
    0x08000202   0x08000202   0x00000000   Code   RO         4323    .ARM.Collect$$libinit$$00000032  c_w.l(libinit2.o)
    0x08000202   0x08000202   0x00000002   Code   RO         4324    .ARM.Collect$$libinit$$00000033  c_w.l(libinit2.o)
    0x08000204   0x08000204   0x00000002   Code   RO         4355    .ARM.Collect$$libshutdown$$00000000  c_w.l(libshutdown.o)
    0x08000206   0x08000206   0x00000000   Code   RO         4381    .ARM.Collect$$libshutdown$$00000002  c_w.l(libshutdown2.o)
    0x08000206   0x08000206   0x00000000   Code   RO         4383    .ARM.Collect$$libshutdown$$00000004  c_w.l(libshutdown2.o)
    0x08000206   0x08000206   0x00000000   Code   RO         4386    .ARM.Collect$$libshutdown$$00000007  c_w.l(libshutdown2.o)
    0x08000206   0x08000206   0x00000000   Code   RO         4389    .ARM.Collect$$libshutdown$$0000000A  c_w.l(libshutdown2.o)
    0x08000206   0x08000206   0x00000000   Code   RO         4391    .ARM.Collect$$libshutdown$$0000000C  c_w.l(libshutdown2.o)
    0x08000206   0x08000206   0x00000000   Code   RO         4394    .ARM.Collect$$libshutdown$$0000000F  c_w.l(libshutdown2.o)
    0x08000206   0x08000206   0x00000002   Code   RO         4395    .ARM.Collect$$libshutdown$$00000010  c_w.l(libshutdown2.o)
    0x08000208   0x08000208   0x00000000   Code   RO         4233    .ARM.Collect$$rtentry$$00000000  c_w.l(__rtentry.o)
    0x08000208   0x08000208   0x00000000   Code   RO         4239    .ARM.Collect$$rtentry$$00000002  c_w.l(__rtentry2.o)
    0x08000208   0x08000208   0x00000006   Code   RO         4251    .ARM.Collect$$rtentry$$00000004  c_w.l(__rtentry4.o)
    0x0800020e   0x0800020e   0x00000000   Code   RO         4241    .ARM.Collect$$rtentry$$00000009  c_w.l(__rtentry2.o)
    0x0800020e   0x0800020e   0x00000004   Code   RO         4242    .ARM.Collect$$rtentry$$0000000A  c_w.l(__rtentry2.o)
    0x08000212   0x08000212   0x00000000   Code   RO         4244    .ARM.Collect$$rtentry$$0000000C  c_w.l(__rtentry2.o)
    0x08000212   0x08000212   0x00000008   Code   RO         4245    .ARM.Collect$$rtentry$$0000000D  c_w.l(__rtentry2.o)
    0x0800021a   0x0800021a   0x00000002   Code   RO         4272    .ARM.Collect$$rtexit$$00000000  c_w.l(rtexit.o)
    0x0800021c   0x0800021c   0x00000000   Code   RO         4328    .ARM.Collect$$rtexit$$00000002  c_w.l(rtexit2.o)
    0x0800021c   0x0800021c   0x00000004   Code   RO         4329    .ARM.Collect$$rtexit$$00000003  c_w.l(rtexit2.o)
    0x08000220   0x08000220   0x00000006   Code   RO         4330    .ARM.Collect$$rtexit$$00000004  c_w.l(rtexit2.o)
    0x08000226   0x08000226   0x00000002   PAD
    0x08000228   0x08000228   0x00000040   Code   RO            4    .text               startup_stm32f334x8.o
    0x08000268   0x08000268   0x000000ee   Code   RO         4223    .text               c_w.l(lludivv7m.o)
    0x08000356   0x08000356   0x0000004e   Code   RO         4227    .text               c_w.l(rt_memclr_w.o)
    0x080003a4   0x080003a4   0x00000006   Code   RO         4229    .text               c_w.l(heapauxi.o)
    0x080003aa   0x080003aa   0x0000004a   Code   RO         4255    .text               c_w.l(sys_stackheap_outer.o)
    0x080003f4   0x080003f4   0x00000012   Code   RO         4257    .text               c_w.l(exit.o)
    0x08000406   0x08000406   0x00000002   PAD
    0x08000408   0x08000408   0x00000008   Code   RO         4269    .text               c_w.l(libspace.o)
    0x08000410   0x08000410   0x0000000c   Code   RO         4325    .text               c_w.l(sys_exit.o)
    0x0800041c   0x0800041c   0x00000002   Code   RO         4344    .text               c_w.l(use_no_semi.o)
    0x0800041e   0x0800041e   0x00000000   Code   RO         4346    .text               c_w.l(indicate_semi.o)
    0x0800041e   0x0800041e   0x00000002   PAD
    0x08000420   0x08000420   0x00000050   Code   RO         4080    i.ADCF_Init         adc_function.o
    0x08000470   0x08000470   0x00000040   Code   RO         4081    i.ADCF_PushSample   adc_function.o
    0x080004b0   0x080004b0   0x00000060   Code   RO         4082    i.ADCF_Start        adc_function.o
    0x08000510   0x08000510   0x00000048   Code   RO         4083    i.ADC_Average       adc_function.o
    0x08000558   0x08000558   0x00000044   Code   RO          734    i.ADC_DMAConvCplt   stm32f3xx_hal_adc_ex.o
    0x0800059c   0x0800059c   0x00000016   Code   RO          735    i.ADC_DMAError      stm32f3xx_hal_adc_ex.o
    0x080005b2   0x080005b2   0x00000006   Code   RO          736    i.ADC_DMAHalfConvCplt  stm32f3xx_hal_adc_ex.o
    0x080005b8   0x080005b8   0x0000006a   Code   RO          737    i.ADC_Disable       stm32f3xx_hal_adc_ex.o
    0x08000622   0x08000622   0x00000002   PAD
    0x08000624   0x08000624   0x0000006c   Code   RO          738    i.ADC_Enable        stm32f3xx_hal_adc_ex.o
    0x08000690   0x08000690   0x00000120   Code   RO         4084    i.ADC_Process       adc_function.o
    0x080007b0   0x080007b0   0x00000010   Code   RO          450    i.BusFault_Handler  stm32f3xx_it.o
    0x080007c0   0x080007c0   0x0000000c   Code   RO          451    i.CAN_RX0_IRQHandler  stm32f3xx_it.o
    0x080007cc   0x080007cc   0x00000020   Code   RO         4007    i.CAP_Init          cap_charge.o
    0x080007ec   0x080007ec   0x00000030   Code   RO         4183    i.Charge_buck       pwm_ctrl.o
    0x0800081c   0x0800081c   0x0000000c   Code   RO          452    i.DMA1_Channel1_IRQHandler  stm32f3xx_it.o
    0x08000828   0x08000828   0x0000000c   Code   RO          453    i.DMA1_Channel2_IRQHandler  stm32f3xx_it.o
    0x08000834   0x08000834   0x00000020   Code   RO         1383    i.DMA_CalcBaseAndBitshift  stm32f3xx_hal_dma.o
    0x08000854   0x08000854   0x0000002a   Code   RO         1384    i.DMA_SetConfig     stm32f3xx_hal_dma.o
    0x0800087e   0x0800087e   0x00000002   Code   RO          454    i.DebugMon_Handler  stm32f3xx_it.o
    0x08000880   0x08000880   0x00000004   Code   RO           13    i.Error_Handler     main.o
    0x08000884   0x08000884   0x0000009e   Code   RO          741    i.HAL_ADCEx_Calibration_Start  stm32f3xx_hal_adc_ex.o
    0x08000922   0x08000922   0x00000002   PAD
    0x08000924   0x08000924   0x000000e0   Code   RO          753    i.HAL_ADCEx_MultiModeConfigChannel  stm32f3xx_hal_adc_ex.o
    0x08000a04   0x08000a04   0x00000350   Code   RO          762    i.HAL_ADC_ConfigChannel  stm32f3xx_hal_adc_ex.o
    0x08000d54   0x08000d54   0x00000002   Code   RO          585    i.HAL_ADC_ConvCpltCallback  stm32f3xx_hal_adc.o
    0x08000d56   0x08000d56   0x00000002   Code   RO          586    i.HAL_ADC_ConvHalfCpltCallback  stm32f3xx_hal_adc.o
    0x08000d58   0x08000d58   0x00000002   Code   RO          588    i.HAL_ADC_ErrorCallback  stm32f3xx_hal_adc.o
    0x08000d5a   0x08000d5a   0x00000002   PAD
    0x08000d5c   0x08000d5c   0x000001e4   Code   RO          766    i.HAL_ADC_Init      stm32f3xx_hal_adc_ex.o
    0x08000f40   0x08000f40   0x000000fc   Code   RO          244    i.HAL_ADC_MspInit   adc.o
    0x0800103c   0x0800103c   0x00000108   Code   RO          770    i.HAL_ADC_Start_DMA  stm32f3xx_hal_adc_ex.o
    0x08001144   0x08001144   0x00000024   Code   RO         2525    i.HAL_CAN_ActivateNotification  stm32f3xx_hal_can.o
    0x08001168   0x08001168   0x000000bc   Code   RO         2526    i.HAL_CAN_AddTxMessage  stm32f3xx_hal_can.o
    0x08001224   0x08001224   0x000000ee   Code   RO         2527    i.HAL_CAN_ConfigFilter  stm32f3xx_hal_can.o
    0x08001312   0x08001312   0x00000002   Code   RO         2530    i.HAL_CAN_ErrorCallback  stm32f3xx_hal_can.o
    0x08001314   0x08001314   0x000000f4   Code   RO         2533    i.HAL_CAN_GetRxMessage  stm32f3xx_hal_can.o
    0x08001408   0x08001408   0x000001fc   Code   RO         2537    i.HAL_CAN_IRQHandler  stm32f3xx_hal_can.o
    0x08001604   0x08001604   0x0000011a   Code   RO         2538    i.HAL_CAN_Init      stm32f3xx_hal_can.o
    0x0800171e   0x0800171e   0x00000002   PAD
    0x08001720   0x08001720   0x00000090   Code   RO          295    i.HAL_CAN_MspInit   can.o
    0x080017b0   0x080017b0   0x00000002   Code   RO         2545    i.HAL_CAN_RxFifo0FullCallback  stm32f3xx_hal_can.o
    0x080017b2   0x080017b2   0x00000002   Code   RO         2546    i.HAL_CAN_RxFifo0MsgPendingCallback  stm32f3xx_hal_can.o
    0x080017b4   0x080017b4   0x00000002   Code   RO         2547    i.HAL_CAN_RxFifo1FullCallback  stm32f3xx_hal_can.o
    0x080017b6   0x080017b6   0x00000002   PAD
    0x080017b8   0x080017b8   0x0000006c   Code   RO           14    i.HAL_CAN_RxFifo1MsgPendingCallback  main.o
    0x08001824   0x08001824   0x00000002   Code   RO         2549    i.HAL_CAN_SleepCallback  stm32f3xx_hal_can.o
    0x08001826   0x08001826   0x00000002   PAD
    0x08001828   0x08001828   0x00000058   Code   RO         2550    i.HAL_CAN_Start     stm32f3xx_hal_can.o
    0x08001880   0x08001880   0x00000002   Code   RO         2552    i.HAL_CAN_TxMailbox0AbortCallback  stm32f3xx_hal_can.o
    0x08001882   0x08001882   0x00000002   Code   RO         2553    i.HAL_CAN_TxMailbox0CompleteCallback  stm32f3xx_hal_can.o
    0x08001884   0x08001884   0x00000002   Code   RO         2554    i.HAL_CAN_TxMailbox1AbortCallback  stm32f3xx_hal_can.o
    0x08001886   0x08001886   0x00000002   Code   RO         2555    i.HAL_CAN_TxMailbox1CompleteCallback  stm32f3xx_hal_can.o
    0x08001888   0x08001888   0x00000002   Code   RO         2556    i.HAL_CAN_TxMailbox2AbortCallback  stm32f3xx_hal_can.o
    0x0800188a   0x0800188a   0x00000002   Code   RO         2557    i.HAL_CAN_TxMailbox2CompleteCallback  stm32f3xx_hal_can.o
    0x0800188c   0x0800188c   0x00000002   Code   RO         2559    i.HAL_CAN_WakeUpFromRxMsgCallback  stm32f3xx_hal_can.o
    0x0800188e   0x0800188e   0x00000048   Code   RO         1385    i.HAL_DMA_Abort     stm32f3xx_hal_dma.o
    0x080018d6   0x080018d6   0x0000004a   Code   RO         1386    i.HAL_DMA_Abort_IT  stm32f3xx_hal_dma.o
    0x08001920   0x08001920   0x000000a8   Code   RO         1390    i.HAL_DMA_IRQHandler  stm32f3xx_hal_dma.o
    0x080019c8   0x080019c8   0x0000004e   Code   RO         1391    i.HAL_DMA_Init      stm32f3xx_hal_dma.o
    0x08001a16   0x08001a16   0x00000070   Code   RO         1395    i.HAL_DMA_Start_IT  stm32f3xx_hal_dma.o
    0x08001a86   0x08001a86   0x00000002   PAD
    0x08001a88   0x08001a88   0x00000024   Code   RO         1004    i.HAL_Delay         stm32f3xx_hal.o
    0x08001aac   0x08001aac   0x00000220   Code   RO         1320    i.HAL_GPIO_Init     stm32f3xx_hal_gpio.o
    0x08001ccc   0x08001ccc   0x0000000a   Code   RO         1324    i.HAL_GPIO_WritePin  stm32f3xx_hal_gpio.o
    0x08001cd6   0x08001cd6   0x00000002   PAD
    0x08001cd8   0x08001cd8   0x0000000c   Code   RO         1008    i.HAL_GetTick       stm32f3xx_hal.o
    0x08001ce4   0x08001ce4   0x000000be   Code   RO         2759    i.HAL_HRTIM_ADCTriggerConfig  stm32f3xx_hal_hrtim.o
    0x08001da2   0x08001da2   0x00000002   Code   RO         2765    i.HAL_HRTIM_BurstModePeriodCallback  stm32f3xx_hal_hrtim.o
    0x08001da4   0x08001da4   0x00000002   Code   RO         2767    i.HAL_HRTIM_Capture1EventCallback  stm32f3xx_hal_hrtim.o
    0x08001da6   0x08001da6   0x00000002   Code   RO         2768    i.HAL_HRTIM_Capture2EventCallback  stm32f3xx_hal_hrtim.o
    0x08001da8   0x08001da8   0x00000002   Code   RO         2770    i.HAL_HRTIM_Compare1EventCallback  stm32f3xx_hal_hrtim.o
    0x08001daa   0x08001daa   0x00000002   Code   RO         2771    i.HAL_HRTIM_Compare2EventCallback  stm32f3xx_hal_hrtim.o
    0x08001dac   0x08001dac   0x00000002   Code   RO         2772    i.HAL_HRTIM_Compare3EventCallback  stm32f3xx_hal_hrtim.o
    0x08001dae   0x08001dae   0x00000002   Code   RO         2773    i.HAL_HRTIM_Compare4EventCallback  stm32f3xx_hal_hrtim.o
    0x08001db0   0x08001db0   0x00000002   Code   RO         2774    i.HAL_HRTIM_CounterResetCallback  stm32f3xx_hal_hrtim.o
    0x08001db2   0x08001db2   0x00000002   Code   RO         2775    i.HAL_HRTIM_DLLCalibrationReadyCallback  stm32f3xx_hal_hrtim.o
    0x08001db4   0x08001db4   0x0000008c   Code   RO         2779    i.HAL_HRTIM_DeadTimeConfig  stm32f3xx_hal_hrtim.o
    0x08001e40   0x08001e40   0x00000002   Code   RO         2780    i.HAL_HRTIM_DelayedProtectionCallback  stm32f3xx_hal_hrtim.o
    0x08001e42   0x08001e42   0x00000002   Code   RO         2784    i.HAL_HRTIM_Fault1Callback  stm32f3xx_hal_hrtim.o
    0x08001e44   0x08001e44   0x00000002   Code   RO         2785    i.HAL_HRTIM_Fault2Callback  stm32f3xx_hal_hrtim.o
    0x08001e46   0x08001e46   0x00000002   Code   RO         2786    i.HAL_HRTIM_Fault3Callback  stm32f3xx_hal_hrtim.o
    0x08001e48   0x08001e48   0x00000002   Code   RO         2787    i.HAL_HRTIM_Fault4Callback  stm32f3xx_hal_hrtim.o
    0x08001e4a   0x08001e4a   0x00000002   Code   RO         2788    i.HAL_HRTIM_Fault5Callback  stm32f3xx_hal_hrtim.o
    0x08001e4c   0x08001e4c   0x00000014   Code   RO         2798    i.HAL_HRTIM_IRQHandler  stm32f3xx_hal_hrtim.o
    0x08001e60   0x08001e60   0x000000bc   Code   RO         2799    i.HAL_HRTIM_Init    stm32f3xx_hal_hrtim.o
    0x08001f1c   0x08001f1c   0x0000003c   Code   RO          361    i.HAL_HRTIM_MspInit  hrtim.o
    0x08001f58   0x08001f58   0x00000054   Code   RO          362    i.HAL_HRTIM_MspPostInit  hrtim.o
    0x08001fac   0x08001fac   0x00000002   Code   RO         2802    i.HAL_HRTIM_Output1ResetCallback  stm32f3xx_hal_hrtim.o
    0x08001fae   0x08001fae   0x00000002   Code   RO         2803    i.HAL_HRTIM_Output1SetCallback  stm32f3xx_hal_hrtim.o
    0x08001fb0   0x08001fb0   0x00000002   Code   RO         2804    i.HAL_HRTIM_Output2ResetCallback  stm32f3xx_hal_hrtim.o
    0x08001fb2   0x08001fb2   0x00000002   Code   RO         2805    i.HAL_HRTIM_Output2SetCallback  stm32f3xx_hal_hrtim.o
    0x08001fb4   0x08001fb4   0x00000002   Code   RO         2807    i.HAL_HRTIM_RegistersUpdateCallback  stm32f3xx_hal_hrtim.o
    0x08001fb6   0x08001fb6   0x00000002   Code   RO         2808    i.HAL_HRTIM_RepetitionEventCallback  stm32f3xx_hal_hrtim.o
    0x08001fb8   0x08001fb8   0x00000002   Code   RO         2844    i.HAL_HRTIM_SynchronizationEventCallback  stm32f3xx_hal_hrtim.o
    0x08001fba   0x08001fba   0x00000002   Code   RO         2845    i.HAL_HRTIM_SystemFaultCallback  stm32f3xx_hal_hrtim.o
    0x08001fbc   0x08001fbc   0x0000007a   Code   RO         2846    i.HAL_HRTIM_TimeBaseConfig  stm32f3xx_hal_hrtim.o
    0x08002036   0x08002036   0x00000134   Code   RO         2851    i.HAL_HRTIM_WaveformCompareConfig  stm32f3xx_hal_hrtim.o
    0x0800216a   0x0800216a   0x00000002   PAD
    0x0800216c   0x0800216c   0x00000084   Code   RO         2854    i.HAL_HRTIM_WaveformCountStart_IT  stm32f3xx_hal_hrtim.o
    0x080021f0   0x080021f0   0x00000036   Code   RO         2860    i.HAL_HRTIM_WaveformOutputConfig  stm32f3xx_hal_hrtim.o
    0x08002226   0x08002226   0x00000030   Code   RO         2861    i.HAL_HRTIM_WaveformOutputStart  stm32f3xx_hal_hrtim.o
    0x08002256   0x08002256   0x00000030   Code   RO         2862    i.HAL_HRTIM_WaveformOutputStop  stm32f3xx_hal_hrtim.o
    0x08002286   0x08002286   0x000000ba   Code   RO         2864    i.HAL_HRTIM_WaveformTimerConfig  stm32f3xx_hal_hrtim.o
    0x08002340   0x08002340   0x00000010   Code   RO         1014    i.HAL_IncTick       stm32f3xx_hal.o
    0x08002350   0x08002350   0x00000024   Code   RO         1015    i.HAL_Init          stm32f3xx_hal.o
    0x08002374   0x08002374   0x00000040   Code   RO         1016    i.HAL_InitTick      stm32f3xx_hal.o
    0x080023b4   0x080023b4   0x0000002c   Code   RO          559    i.HAL_MspInit       stm32f3xx_hal_msp.o
    0x080023e0   0x080023e0   0x00000022   Code   RO         1484    i.HAL_NVIC_DisableIRQ  stm32f3xx_hal_cortex.o
    0x08002402   0x08002402   0x0000001a   Code   RO         1485    i.HAL_NVIC_EnableIRQ  stm32f3xx_hal_cortex.o
    0x0800241c   0x0800241c   0x00000040   Code   RO         1491    i.HAL_NVIC_SetPriority  stm32f3xx_hal_cortex.o
    0x0800245c   0x0800245c   0x00000024   Code   RO         1492    i.HAL_NVIC_SetPriorityGrouping  stm32f3xx_hal_cortex.o
    0x08002480   0x08002480   0x00000188   Code   RO         1277    i.HAL_RCCEx_PeriphCLKConfig  stm32f3xx_hal_rcc_ex.o
    0x08002608   0x08002608   0x00000148   Code   RO         1172    i.HAL_RCC_ClockConfig  stm32f3xx_hal_rcc.o
    0x08002750   0x08002750   0x00000030   Code   RO         1179    i.HAL_RCC_GetPCLK1Freq  stm32f3xx_hal_rcc.o
    0x08002780   0x08002780   0x00000030   Code   RO         1180    i.HAL_RCC_GetPCLK2Freq  stm32f3xx_hal_rcc.o
    0x080027b0   0x080027b0   0x00000050   Code   RO         1181    i.HAL_RCC_GetSysClockFreq  stm32f3xx_hal_rcc.o
    0x08002800   0x08002800   0x000005c8   Code   RO         1184    i.HAL_RCC_OscConfig  stm32f3xx_hal_rcc.o
    0x08002dc8   0x08002dc8   0x00000028   Code   RO         1496    i.HAL_SYSTICK_Config  stm32f3xx_hal_cortex.o
    0x08002df0   0x08002df0   0x00000002   Code   RO         3508    i.HAL_UARTEx_RxEventCallback  stm32f3xx_hal_uart.o
    0x08002df2   0x08002df2   0x00000002   Code   RO         3900    i.HAL_UARTEx_WakeupCallback  stm32f3xx_hal_uart_ex.o
    0x08002df4   0x08002df4   0x00000002   Code   RO         3524    i.HAL_UART_ErrorCallback  stm32f3xx_hal_uart.o
    0x08002df6   0x08002df6   0x00000002   PAD
    0x08002df8   0x08002df8   0x000002b8   Code   RO         3527    i.HAL_UART_IRQHandler  stm32f3xx_hal_uart.o
    0x080030b0   0x080030b0   0x00000066   Code   RO         3528    i.HAL_UART_Init     stm32f3xx_hal_uart.o
    0x08003116   0x08003116   0x00000002   PAD
    0x08003118   0x08003118   0x00000078   Code   RO          409    i.HAL_UART_MspInit  usart.o
    0x08003190   0x08003190   0x000000a4   Code   RO         3537    i.HAL_UART_Transmit  stm32f3xx_hal_uart.o
    0x08003234   0x08003234   0x00000002   Code   RO         3540    i.HAL_UART_TxCpltCallback  stm32f3xx_hal_uart.o
    0x08003236   0x08003236   0x00000002   PAD
    0x08003238   0x08003238   0x0000000c   Code   RO          455    i.HRTIM1_Master_IRQHandler  stm32f3xx_it.o
    0x08003244   0x08003244   0x0000005a   Code   RO         2871    i.HRTIM_ForceRegistersUpdate  stm32f3xx_hal_hrtim.o
    0x0800329e   0x0800329e   0x00000092   Code   RO         2875    i.HRTIM_HRTIM_ISR   stm32f3xx_hal_hrtim.o
    0x08003330   0x08003330   0x000000f0   Code   RO         2876    i.HRTIM_Master_ISR  stm32f3xx_hal_hrtim.o
    0x08003420   0x08003420   0x000000ce   Code   RO         2877    i.HRTIM_OutputConfig  stm32f3xx_hal_hrtim.o
    0x080034ee   0x080034ee   0x00000166   Code   RO         2879    i.HRTIM_Timer_ISR   stm32f3xx_hal_hrtim.o
    0x08003654   0x08003654   0x00000142   Code   RO         2880    i.HRTIM_TimingUnitWaveform_Config  stm32f3xx_hal_hrtim.o
    0x08003796   0x08003796   0x00000002   PAD
    0x08003798   0x08003798   0x000000ac   Code   RO         4184    i.HRTIM_UpdateHighDuty  pwm_ctrl.o
    0x08003844   0x08003844   0x00000010   Code   RO          456    i.HardFault_Handler  stm32f3xx_it.o
    0x08003854   0x08003854   0x000000ac   Code   RO          245    i.MX_ADC1_Init      adc.o
    0x08003900   0x08003900   0x00000098   Code   RO          246    i.MX_ADC2_Init      adc.o
    0x08003998   0x08003998   0x00000040   Code   RO          296    i.MX_CAN_Init       can.o
    0x080039d8   0x080039d8   0x0000003c   Code   RO          336    i.MX_DMA_Init       dma.o
    0x08003a14   0x08003a14   0x00000080   Code   RO          219    i.MX_GPIO_Init      gpio.o
    0x08003a94   0x08003a94   0x0000024c   Code   RO          363    i.MX_HRTIM1_Init    hrtim.o
    0x08003ce0   0x08003ce0   0x0000003c   Code   RO          410    i.MX_USART3_UART_Init  usart.o
    0x08003d1c   0x08003d1c   0x00000002   Code   RO          457    i.MemManage_Handler  stm32f3xx_it.o
    0x08003d1e   0x08003d1e   0x00000002   Code   RO          458    i.NMI_Handler       stm32f3xx_it.o
    0x08003d20   0x08003d20   0x00000220   Code   RO         4133    i.PID_Calculate     pid.o
    0x08003f40   0x08003f40   0x00000030   Code   RO         4134    i.PID_Init          pid.o
    0x08003f70   0x08003f70   0x0000009c   Code   RO           15    i.PID_InitAll       main.o
    0x0800400c   0x0800400c   0x00000002   Code   RO          459    i.PendSV_Handler    stm32f3xx_it.o
    0x0800400e   0x0800400e   0x00000002   Code   RO          460    i.SVC_Handler       stm32f3xx_it.o
    0x08004010   0x08004010   0x00000004   Code   RO          461    i.SysTick_Handler   stm32f3xx_it.o
    0x08004014   0x08004014   0x00000080   Code   RO           16    i.SystemClock_Config  main.o
    0x08004094   0x08004094   0x00000010   Code   RO         3970    i.SystemInit        system_stm32f3xx.o
    0x080040a4   0x080040a4   0x000000c8   Code   RO         3542    i.UART_AdvFeatureConfig  stm32f3xx_hal_uart.o
    0x0800416c   0x0800416c   0x000000a8   Code   RO         3543    i.UART_CheckIdleState  stm32f3xx_hal_uart.o
    0x08004214   0x08004214   0x00000014   Code   RO         3544    i.UART_DMAAbortOnError  stm32f3xx_hal_uart.o
    0x08004228   0x08004228   0x0000004c   Code   RO         3554    i.UART_EndRxTransfer  stm32f3xx_hal_uart.o
    0x08004274   0x08004274   0x00000140   Code   RO         3558    i.UART_SetConfig    stm32f3xx_hal_uart.o
    0x080043b4   0x080043b4   0x00000094   Code   RO         3563    i.UART_WaitOnFlagUntilTimeout  stm32f3xx_hal_uart.o
    0x08004448   0x08004448   0x0000000c   Code   RO          462    i.USART3_IRQHandler  stm32f3xx_it.o
    0x08004454   0x08004454   0x00000010   Code   RO          463    i.UsageFault_Handler  stm32f3xx_it.o
    0x08004464   0x08004464   0x00000020   Code   RO         1498    i.__NVIC_SetPriority  stm32f3xx_hal_cortex.o
    0x08004484   0x08004484   0x00000038   Code   RO         4052    i.can_filter_init   can_bsp.o
    0x080044bc   0x080044bc   0x00000024   Code   RO         4186    i.clamp01           pwm_ctrl.o
    0x080044e0   0x080044e0   0x00000090   Code   RO         4136    i.f_Changing_Integral_Rate  pid.o
    0x08004570   0x08004570   0x00000084   Code   RO         4137    i.f_Integral_Limit  pid.o
    0x080045f4   0x080045f4   0x00000060   Code   RO         4138    i.f_PID_param_init  pid.o
    0x08004654   0x08004654   0x00000020   Code   RO         4139    i.f_PID_reset       pid.o
    0x08004674   0x08004674   0x00000184   Code   RO           17    i.main              main.o
    0x080047f8   0x080047f8   0x0000000a   Code   RO         4340    x$fpl$fpinit        fz_wm.l(fpinit.o)
    0x08004802   0x08004802   0x00000020   Data   RO         1185    .constdata          stm32f3xx_hal_rcc.o
    0x08004822   0x08004822   0x00000010   Data   RO         3971    .constdata          system_stm32f3xx.o
    0x08004832   0x08004832   0x00000008   Data   RO         3972    .constdata          system_stm32f3xx.o
    0x0800483a   0x0800483a   0x00000002   PAD
    0x0800483c   0x0800483c   0x00000020   Data   RO         4396    Region$$Table       anon$$obj.o


    Execution Region RW_IRAM1 (Exec base: 0x20000000, Load base: 0x0800485c, Size: 0x00000b18, Max: 0x00003000, ABSOLUTE)

    Exec Addr    Load Addr    Size         Type   Attr      Idx    E Section Name        Object

    0x20000000   0x0800485c   0x00000004   Data   RW          248    .data               adc.o
    0x20000004   0x08004860   0x00000006   Data   RW          249    .data               adc.o
    0x2000000a   0x08004866   0x00000006   Data   RW          250    .data               adc.o
    0x20000010   0x0800486c   0x0000000c   Data   RW          464    .data               stm32f3xx_it.o
    0x2000001c   0x08004878   0x0000000c   Data   RW         1022    .data               stm32f3xx_hal.o
    0x20000028   0x08004884   0x00000018   Data   RW         2881    .data               stm32f3xx_hal_hrtim.o
    0x20000040   0x0800489c   0x00000004   Data   RW         3973    .data               system_stm32f3xx.o
    0x20000044   0x080048a0   0x00000018   Data   RW         4010    .data               cap_charge.o
    0x2000005c   0x080048b8   0x00000018   Data   RW         4086    .data               adc_function.o
    0x20000074   0x080048d0   0x00000004   PAD
    0x20000078        -       0x00000110   Zero   RW           18    .bss                main.o
    0x20000188        -       0x00000128   Zero   RW          247    .bss                adc.o
    0x200002b0        -       0x00000028   Zero   RW          297    .bss                can.o
    0x200002d8        -       0x000000dc   Zero   RW          364    .bss                hrtim.o
    0x200003b4        -       0x00000088   Zero   RW          411    .bss                usart.o
    0x2000043c        -       0x0000007c   Zero   RW         4085    .bss                adc_function.o
    0x200004b8        -       0x00000060   Zero   RW         4270    .bss                c_w.l(libspace.o)
    0x20000518        -       0x00000200   Zero   RW            2    HEAP                startup_stm32f334x8.o
    0x20000718        -       0x00000400   Zero   RW            1    STACK               startup_stm32f334x8.o


==============================================================================

Image component sizes


      Code (inc. data)   RO Data    RW Data    ZI Data      Debug   Object Name

       576         38          0         16        296       2898   adc.o
       600         90          0         24        124       4740   adc_function.o
       208         22          0          0         40       1667   can.o
        56          4          0          0          0        534   can_bsp.o
        32          4          0         24          0       1691   cap_charge.o
        60          4          0          0          0        750   dma.o
       128         10          0          0          0        915   gpio.o
       732         28          0          0        220       2719   hrtim.o
       784         98          0          0        272     746604   main.o
       996         38          0          0          0       7167   pid.o
       256         22          0          0          0       2565   pwm_ctrl.o
        64         26        392          0       1536        828   startup_stm32f334x8.o
       164         28          0         12          0      15053   stm32f3xx_hal.o
         6          0          0          0          0       1962   stm32f3xx_hal_adc.o
      2288         78          0          0          0       9688   stm32f3xx_hal_adc_ex.o
      1608          0          0          0          0      13959   stm32f3xx_hal_can.o
       232         14          0          0          0      32825   stm32f3xx_hal_cortex.o
       578         10          0          0          0       5486   stm32f3xx_hal_dma.o
       554         26          0          0          0       2228   stm32f3xx_hal_gpio.o
      2844         28          0         24          0      30034   stm32f3xx_hal_hrtim.o
        44          6          0          0          0        822   stm32f3xx_hal_msp.o
      1984         76         32          0          0       5624   stm32f3xx_hal_rcc.o
       392         14          0          0          0       1432   stm32f3xx_hal_rcc_ex.o
      1900         54          0          0          0      10887   stm32f3xx_hal_uart.o
         2          0          0          0          0        992   stm32f3xx_hal_uart_ex.o
       122         46          0         12          0       7063   stm32f3xx_it.o
        16          4         24          4          0       1079   system_stm32f3xx.o
       180         22          0          0        136       1654   usart.o

    ----------------------------------------------------------------------
     17432        790        482        116       2628     913866   Object Totals
         0          0         32          0          0          0   (incl. Generated)
        26          0          2          0          4          0   (incl. Padding)

    ----------------------------------------------------------------------

      Code (inc. data)   RO Data    RW Data    ZI Data      Debug   Library Member Name

         8          0          0          0          0         68   __main.o
         0          0          0          0          0          0   __rtentry.o
        12          0          0          0          0          0   __rtentry2.o
         6          0          0          0          0          0   __rtentry4.o
        52          8          0          0          0          0   __scatter.o
        26          0          0          0          0          0   __scatter_copy.o
        28          0          0          0          0          0   __scatter_zi.o
        18          0          0          0          0         80   exit.o
         6          0          0          0          0        152   heapauxi.o
         0          0          0          0          0          0   indicate_semi.o
         2          0          0          0          0          0   libinit.o
         6          0          0          0          0          0   libinit2.o
         2          0          0          0          0          0   libshutdown.o
         2          0          0          0          0          0   libshutdown2.o
         8          4          0          0         96         68   libspace.o
       238          0          0          0          0        100   lludivv7m.o
        78          0          0          0          0         80   rt_memclr_w.o
         2          0          0          0          0          0   rtexit.o
        10          0          0          0          0          0   rtexit2.o
        12          4          0          0          0         68   sys_exit.o
        74          0          0          0          0         80   sys_stackheap_outer.o
         2          0          0          0          0         68   use_no_semi.o
        10          0          0          0          0        116   fpinit.o

    ----------------------------------------------------------------------
       610         16          0          0         96        880   Library Totals
         8          0          0          0          0          0   (incl. Padding)

    ----------------------------------------------------------------------

      Code (inc. data)   RO Data    RW Data    ZI Data      Debug   Library Name

       592         16          0          0         96        764   c_w.l
        10          0          0          0          0        116   fz_wm.l

    ----------------------------------------------------------------------
       610         16          0          0         96        880   Library Totals

    ----------------------------------------------------------------------

==============================================================================


      Code (inc. data)   RO Data    RW Data    ZI Data      Debug   

     18042        806        482        116       2724     899586   Grand Totals
     18042        806        482        116       2724     899586   ELF Image Totals
     18042        806        482        116          0          0   ROM Totals

==============================================================================

    Total RO  Size (Code + RO Data)                18524 (  18.09kB)
    Total RW  Size (RW Data + ZI Data)              2840 (   2.77kB)
    Total ROM Size (Code + RO Data + RW Data)      18640 (  18.20kB)

==============================================================================

