Component: ARM Compiler 5.06 update 6 (build 750) Tool: armlink [4d35ed]

==============================================================================

Section Cross References

    startup_stm32f334x8.o(STACK) refers (Special) to heapauxi.o(.text) for __use_two_region_memory
    startup_stm32f334x8.o(HEAP) refers (Special) to heapauxi.o(.text) for __use_two_region_memory
    startup_stm32f334x8.o(RESET) refers (Special) to heapauxi.o(.text) for __use_two_region_memory
    startup_stm32f334x8.o(RESET) refers to startup_stm32f334x8.o(STACK) for __initial_sp
    startup_stm32f334x8.o(RESET) refers to startup_stm32f334x8.o(.text) for Reset_Handler
    startup_stm32f334x8.o(RESET) refers to stm32f3xx_it.o(i.NMI_Handler) for NMI_Handler
    startup_stm32f334x8.o(RESET) refers to stm32f3xx_it.o(i.HardFault_Handler) for HardFault_Handler
    startup_stm32f334x8.o(RESET) refers to stm32f3xx_it.o(i.MemManage_Handler) for MemManage_Handler
    startup_stm32f334x8.o(RESET) refers to stm32f3xx_it.o(i.BusFault_Handler) for BusFault_Handler
    startup_stm32f334x8.o(RESET) refers to stm32f3xx_it.o(i.UsageFault_Handler) for UsageFault_Handler
    startup_stm32f334x8.o(RESET) refers to stm32f3xx_it.o(i.SVC_Handler) for SVC_Handler
    startup_stm32f334x8.o(RESET) refers to stm32f3xx_it.o(i.DebugMon_Handler) for DebugMon_Handler
    startup_stm32f334x8.o(RESET) refers to stm32f3xx_it.o(i.PendSV_Handler) for PendSV_Handler
    startup_stm32f334x8.o(RESET) refers to stm32f3xx_it.o(i.SysTick_Handler) for SysTick_Handler
    startup_stm32f334x8.o(RESET) refers to stm32f3xx_it.o(i.DMA1_Channel1_IRQHandler) for DMA1_Channel1_IRQHandler
    startup_stm32f334x8.o(RESET) refers to stm32f3xx_it.o(i.DMA1_Channel2_IRQHandler) for DMA1_Channel2_IRQHandler
    startup_stm32f334x8.o(RESET) refers to stm32f3xx_it.o(i.CAN_RX0_IRQHandler) for CAN_RX0_IRQHandler
    startup_stm32f334x8.o(RESET) refers to stm32f3xx_it.o(i.USART3_IRQHandler) for USART3_IRQHandler
    startup_stm32f334x8.o(RESET) refers to stm32f3xx_it.o(i.HRTIM1_Master_IRQHandler) for HRTIM1_Master_IRQHandler
    startup_stm32f334x8.o(.text) refers (Special) to heapauxi.o(.text) for __use_two_region_memory
    startup_stm32f334x8.o(.text) refers to system_stm32f3xx.o(i.SystemInit) for SystemInit
    startup_stm32f334x8.o(.text) refers to __main.o(!!!main) for __main
    startup_stm32f334x8.o(.text) refers to startup_stm32f334x8.o(HEAP) for Heap_Mem
    startup_stm32f334x8.o(.text) refers to startup_stm32f334x8.o(STACK) for Stack_Mem
    main.o(i.HAL_CAN_RxFifo1MsgPendingCallback) refers to stm32f3xx_hal_can.o(i.HAL_CAN_GetRxMessage) for HAL_CAN_GetRxMessage
    main.o(i.HAL_CAN_RxFifo1MsgPendingCallback) refers to adc_function.o(i.ADC_Process) for ADC_Process
    main.o(i.HAL_CAN_RxFifo1MsgPendingCallback) refers to stm32f3xx_hal_can.o(i.HAL_CAN_AddTxMessage) for HAL_CAN_AddTxMessage
    main.o(i.HAL_CAN_RxFifo1MsgPendingCallback) refers to adc_function.o(.data) for RE_V_CHASSIS
    main.o(i.PID_InitAll) refers to pid.o(i.PID_Init) for PID_Init
    main.o(i.PID_InitAll) refers to main.o(.bss) for .bss
    main.o(i.SystemClock_Config) refers to rt_memclr_w.o(.text) for __aeabi_memclr4
    main.o(i.SystemClock_Config) refers to stm32f3xx_hal_rcc.o(i.HAL_RCC_OscConfig) for HAL_RCC_OscConfig
    main.o(i.SystemClock_Config) refers to stm32f3xx_hal_rcc.o(i.HAL_RCC_ClockConfig) for HAL_RCC_ClockConfig
    main.o(i.SystemClock_Config) refers to stm32f3xx_hal_rcc_ex.o(i.HAL_RCCEx_PeriphCLKConfig) for HAL_RCCEx_PeriphCLKConfig
    main.o(i.main) refers to stm32f3xx_hal.o(i.HAL_Init) for HAL_Init
    main.o(i.main) refers to main.o(i.SystemClock_Config) for SystemClock_Config
    main.o(i.main) refers to gpio.o(i.MX_GPIO_Init) for MX_GPIO_Init
    main.o(i.main) refers to dma.o(i.MX_DMA_Init) for MX_DMA_Init
    main.o(i.main) refers to hrtim.o(i.MX_HRTIM1_Init) for MX_HRTIM1_Init
    main.o(i.main) refers to adc.o(i.MX_ADC1_Init) for MX_ADC1_Init
    main.o(i.main) refers to adc.o(i.MX_ADC2_Init) for MX_ADC2_Init
    main.o(i.main) refers to can.o(i.MX_CAN_Init) for MX_CAN_Init
    main.o(i.main) refers to usart.o(i.MX_USART3_UART_Init) for MX_USART3_UART_Init
    main.o(i.main) refers to can_bsp.o(i.can_filter_init) for can_filter_init
    main.o(i.main) refers to adc_function.o(i.ADCF_Init) for ADCF_Init
    main.o(i.main) refers to adc_function.o(i.ADCF_Start) for ADCF_Start
    main.o(i.main) refers to cap_charge.o(i.CAP_Init) for CAP_Init
    main.o(i.main) refers to main.o(i.PID_InitAll) for PID_InitAll
    main.o(i.main) refers to pwm_ctrl.o(i.HRTIM_UpdateHighDuty) for HRTIM_UpdateHighDuty
    main.o(i.main) refers to stm32f3xx_hal_hrtim.o(i.HAL_HRTIM_WaveformCountStart_IT) for HAL_HRTIM_WaveformCountStart_IT
    main.o(i.main) refers to stm32f3xx_hal_hrtim.o(i.HAL_HRTIM_WaveformOutputStart) for HAL_HRTIM_WaveformOutputStart
    main.o(i.main) refers to adc_function.o(i.ADC_Process) for ADC_Process
[...]
    i.ADC_Disable                            0x080005b8   Section        0  stm32f3xx_hal_adc_ex.o(i.ADC_Disable)
    ADC_Disable                              0x080005b9   Thumb Code   106  stm32f3xx_hal_adc_ex.o(i.ADC_Disable)
    i.ADC_Enable                             0x08000624   Section        0  stm32f3xx_hal_adc_ex.o(i.ADC_Enable)
    ADC_Enable                               0x08000625   Thumb Code   102  stm32f3xx_hal_adc_ex.o(i.ADC_Enable)
    i.ADC_Process                            0x08000690   Section        0  adc_function.o(i.ADC_Process)
    i.BusFault_Handler                       0x080007b8   Section        0  stm32f3xx_it.o(i.BusFault_Handler)
    i.CAN_RX0_IRQHandler                     0x080007c8   Section        0  stm32f3xx_it.o(i.CAN_RX0_IRQHandler)
    i.CAP_Init                               0x080007d4   Section        0  cap_charge.o(i.CAP_Init)
    i.Charge_buck                            0x080007f4   Section        0  pwm_ctrl.o(i.Charge_buck)
    i.DMA1_Channel1_IRQHandler               0x08000824   Section        0  stm32f3xx_it.o(i.DMA1_Channel1_IRQHandler)
    i.DMA1_Channel2_IRQHandler               0x08000830   Section        0  stm32f3xx_it.o(i.DMA1_Channel2_IRQHandler)
    i.DMA_CalcBaseAndBitshift                0x0800083c   Section        0  stm32f3xx_hal_dma.o(i.DMA_CalcBaseAndBitshift)
    DMA_CalcBaseAndBitshift                  0x0800083d   Thumb Code    22  stm32f3xx_hal_dma.o(i.DMA_CalcBaseAndBitshift)
    i.DMA_SetConfig                          0x0800085c   Section        0  stm32f3xx_hal_dma.o(i.DMA_SetConfig)
    DMA_SetConfig                            0x0800085d   Thumb Code    42  stm32f3xx_hal_dma.o(i.DMA_SetConfig)
    i.DebugMon_Handler                       0x08000886   Section        0  stm32f3xx_it.o(i.DebugMon_Handler)
    i.Error_Handler                          0x08000888   Section        0  main.o(i.Error_Handler)
    i.HAL_ADCEx_Calibration_Start            0x0800088c   Section        0  stm32f3xx_hal_adc_ex.o(i.HAL_ADCEx_Calibration_Start)
    i.HAL_ADCEx_MultiModeConfigChannel       0x0800092c   Section        0  stm32f3xx_hal_adc_ex.o(i.HAL_ADCEx_MultiModeConfigChannel)
    i.HAL_ADC_ConfigChannel                  0x08000a0c   Section        0  stm32f3xx_hal_adc_ex.o(i.HAL_ADC_ConfigChannel)
    i.HAL_ADC_ConvCpltCallback               0x08000d5c   Section        0  stm32f3xx_hal_adc.o(i.HAL_ADC_ConvCpltCallback)
    i.HAL_ADC_ConvHalfCpltCallback           0x08000d5e   Section        0  stm32f3xx_hal_adc.o(i.HAL_ADC_ConvHalfCpltCallback)
    i.HAL_ADC_ErrorCallback                  0x08000d60   Section        0  stm32f3xx_hal_adc.o(i.HAL_ADC_ErrorCallback)
    i.HAL_ADC_Init                           0x08000d64   Section        0  stm32f3xx_hal_adc_ex.o(i.HAL_ADC_Init)
    i.HAL_ADC_MspInit                        0x08000f48   Section        0  adc.o(i.HAL_ADC_MspInit)
    i.HAL_ADC_Start_DMA                      0x08001044   Section        0  stm32f3xx_hal_adc_ex.o(i.HAL_ADC_Start_DMA)
    i.HAL_CAN_ActivateNotification           0x0800114c   Section        0  stm32f3xx_hal_can.o(i.HAL_CAN_ActivateNotification)
    i.HAL_CAN_AddTxMessage                   0x08001170   Section        0  stm32f3xx_hal_can.o(i.HAL_CAN_AddTxMessage)
    i.HAL_CAN_ConfigFilter                   0x0800122c   Section        0  stm32f3xx_hal_can.o(i.HAL_CAN_ConfigFilter)
    i.HAL_CAN_ErrorCallback                  0x0800131a   Section        0  stm32f3xx_hal_can.o(i.HAL_CAN_ErrorCallback)
    i.HAL_CAN_GetRxMessage                   0x0800131c   Section        0  stm32f3xx_hal_can.o(i.HAL_CAN_GetRxMessage)
    i.HAL_CAN_IRQHandler                     0x08001410   Section        0  stm32f3xx_hal_can.o(i.HAL_CAN_IRQHandler)
    i.HAL_CAN_Init                           0x0800160c   Section        0  stm32f3xx_hal_can.o(i.HAL_CAN_Init)
    i.HAL_CAN_MspInit                        0x08001728   Section        0  can.o(i.HAL_CAN_MspInit)
    i.HAL_CAN_RxFifo0FullCallback            0x080017b8   Section        0  stm32f3xx_hal_can.o(i.HAL_CAN_RxFifo0FullCallback)
    i.HAL_CAN_RxFifo0MsgPendingCallback      0x080017ba   Section        0  stm32f3xx_hal_can.o(i.HAL_CAN_RxFifo0MsgPendingCallback)
    i.HAL_CAN_RxFifo1FullCallback            0x080017bc   Section        0  stm32f3xx_hal_can.o(i.HAL_CAN_RxFifo1FullCallback)
    i.HAL_CAN_RxFifo1MsgPendingCallback      0x080017c0   Section        0  main.o(i.HAL_CAN_RxFifo1MsgPendingCallback)
    i.HAL_CAN_SleepCallback                  0x0800182c   Section        0  stm32f3xx_hal_can.o(i.HAL_CAN_SleepCallback)
    i.HAL_CAN_Start                          0x08001830   Section        0  stm32f3xx_hal_can.o(i.HAL_CAN_Start)
    i.HAL_CAN_TxMailbox0AbortCallback        0x08001888   Section        0  stm32f3xx_hal_can.o(i.HAL_CAN_TxMailbox0AbortCallback)
    i.HAL_CAN_TxMailbox0CompleteCallback     0x0800188a   Section        0  stm32f3xx_hal_can.o(i.HAL_CAN_TxMailbox0CompleteCallback)
    i.HAL_CAN_TxMailbox1AbortCallback        0x0800188c   Section        0  stm32f3xx_hal_can.o(i.HAL_CAN_TxMailbox1AbortCallback)
    i.HAL_CAN_TxMailbox1CompleteCallback     0x0800188e   Section        0  stm32f3xx_hal_can.o(i.HAL_CAN_TxMailbox1CompleteCallback)
    i.HAL_CAN_TxMailbox2AbortCallback        0x08001890   Section        0  stm32f3xx_hal_can.o(i.HAL_CAN_TxMailbox2AbortCallback)
    i.HAL_CAN_TxMailbox2CompleteCallback     0x08001892   Section        0  stm32f3xx_hal_can.o(i.HAL_CAN_TxMailbox2CompleteCallback)
    i.HAL_CAN_WakeUpFromRxMsgCallback        0x08001894   Section        0  stm32f3xx_hal_can.o(i.HAL_CAN_WakeUpFromRxMsgCallback)
    i.HAL_DMA_Abort                          0x08001896   Section        0  stm32f3xx_hal_dma.o(i.HAL_DMA_Abort)
    i.HAL_DMA_Abort_IT                       0x080018de   Section        0  stm32f3xx_hal_dma.o(i.HAL_DMA_Abort_IT)
    i.HAL_DMA_IRQHandler                     0x08001928   Section        0  stm32f3xx_hal_dma.o(i.HAL_DMA_IRQHandler)
    i.HAL_DMA_Init                           0x080019d0   Section        0  stm32f3xx_hal_dma.o(i.HAL_DMA_Init)
    i.HAL_DMA_Start_IT                       0x08001a1e   Section        0  stm32f3xx_hal_dma.o(i.HAL_DMA_Start_IT)
    i.HAL_GPIO_Init                          0x08001a90   Section        0  stm32f3xx_hal_gpio.o(i.HAL_GPIO_Init)
    i.HAL_GPIO_WritePin                      0x08001cb0   Section        0  stm32f3xx_hal_gpio.o(i.HAL_GPIO_WritePin)
    i.HAL_GetTick                            0x08001cbc   Section        0  stm32f3xx_hal.o(i.HAL_GetTick)
    i.HAL_HRTIM_ADCTriggerConfig             0x08001cc8   Section        0  stm32f3xx_hal_hrtim.o(i.HAL_HRTIM_ADCTriggerConfig)
    i.HAL_HRTIM_BurstModePeriodCallback      0x08001d86   Section        0  stm32f3xx_hal_hrtim.o(i.HAL_HRTIM_BurstModePeriodCallback)
    i.HAL_HRTIM_Capture1EventCallback        0x08001d88   Section        0  stm32f3xx_hal_hrtim.o(i.HAL_HRTIM_Capture1EventCallback)
    i.HAL_HRTIM_Capture2EventCallback        0x08001d8a   Section        0  stm32f3xx_hal_hrtim.o(i.HAL_HRTIM_Capture2EventCallback)
    i.HAL_HRTIM_Compare1EventCallback        0x08001d8c   Section        0  stm32f3xx_hal_hrtim.o(i.HAL_HRTIM_Compare1EventCallback)
    i.HAL_HRTIM_Compare2EventCallback        0x08001d8e   Section        0  stm32f3xx_hal_hrtim.o(i.HAL_HRTIM_Compare2EventCallback)
    i.HAL_HRTIM_Compare3EventCallback        0x08001d90   Section        0  stm32f3xx_hal_hrtim.o(i.HAL_HRTIM_Compare3EventCallback)
    i.HAL_HRTIM_Compare4EventCallback        0x08001d92   Section        0  stm32f3xx_hal_hrtim.o(i.HAL_HRTIM_Compare4EventCallback)
    i.HAL_HRTIM_CounterResetCallback         0x08001d94   Section        0  stm32f3xx_hal_hrtim.o(i.HAL_HRTIM_CounterResetCallback)
    i.HAL_HRTIM_DLLCalibrationReadyCallback  0x08001d96   Section        0  stm32f3xx_hal_hrtim.o(i.HAL_HRTIM_DLLCalibrationReadyCallback)
    i.HAL_HRTIM_DeadTimeConfig               0x08001d98   Section        0  stm32f3xx_hal_hrtim.o(i.HAL_HRTIM_DeadTimeConfig)
    i.HAL_HRTIM_DelayedProtectionCallback    0x08001e24   Section        0  stm32f3xx_hal_hrtim.o(i.HAL_HRTIM_DelayedProtectionCallback)
    i.HAL_HRTIM_Fault1Callback               0x08001e26   Section        0  stm32f3xx_hal_hrtim.o(i.HAL_HRTIM_Fault1Callback)
    i.HAL_HRTIM_Fault2Callback               0x08001e28   Section        0  stm32f3xx_hal_hrtim.o(i.HAL_HRTIM_Fault2Callback)
    i.HAL_HRTIM_Fault3Callback               0x08001e2a   Section        0  stm32f3xx_hal_hrtim.o(i.HAL_HRTIM_Fault3Callback)
    i.HAL_HRTIM_Fault4Callback               0x08001e2c   Section        0  stm32f3xx_hal_hrtim.o(i.HAL_HRTIM_Fault4Callback)
    i.HAL_HRTIM_Fault5Callback               0x08001e2e   Section        0  stm32f3xx_hal_hrtim.o(i.HAL_HRTIM_Fault5Callback)
    i.HAL_HRTIM_IRQHandler                   0x08001e30   Section        0  stm32f3xx_hal_hrtim.o(i.HAL_HRTIM_IRQHandler)
    i.HAL_HRTIM_Init                         0x08001e44   Section        0  stm32f3xx_hal_hrtim.o(i.HAL_HRTIM_Init)
    i.HAL_HRTIM_MspInit                      0x08001f00   Section        0  hrtim.o(i.HAL_HRTIM_MspInit)
    i.HAL_HRTIM_MspPostInit                  0x08001f3c   Section        0  hrtim.o(i.HAL_HRTIM_MspPostInit)
    i.HAL_HRTIM_Output1ResetCallback         0x08001f90   Section        0  stm32f3xx_hal_hrtim.o(i.HAL_HRTIM_Output1ResetCallback)
    i.HAL_HRTIM_Output1SetCallback           0x08001f92   Section        0  stm32f3xx_hal_hrtim.o(i.HAL_HRTIM_Output1SetCallback)
    i.HAL_HRTIM_Output2ResetCallback         0x08001f94   Section        0  stm32f3xx_hal_hrtim.o(i.HAL_HRTIM_Output2ResetCallback)
    i.HAL_HRTIM_Output2SetCallback           0x08001f96   Section        0  stm32f3xx_hal_hrtim.o(i.HAL_HRTIM_Output2SetCallback)
    i.HAL_HRTIM_RegistersUpdateCallback      0x08001f98   Section        0  stm32f3xx_hal_hrtim.o(i.HAL_HRTIM_RegistersUpdateCallback)
    i.HAL_HRTIM_RepetitionEventCallback      0x08001f9a   Section        0  stm32f3xx_hal_hrtim.o(i.HAL_HRTIM_RepetitionEventCallback)
    i.HAL_HRTIM_SynchronizationEventCallback 0x08001f9c   Section        0  stm32f3xx_hal_hrtim.o(i.HAL_HRTIM_SynchronizationEventCallback)
    i.HAL_HRTIM_SystemFaultCallback          0x08001f9e   Section        0  stm32f3xx_hal_hrtim.o(i.HAL_HRTIM_SystemFaultCallback)
    i.HAL_HRTIM_TimeBaseConfig               0x08001fa0   Section        0  stm32f3xx_hal_hrtim.o(i.HAL_HRTIM_TimeBaseConfig)
    i.HAL_HRTIM_WaveformCompareConfig        0x0800201a   Section        0  stm32f3xx_hal_hrtim.o(i.HAL_HRTIM_WaveformCompareConfig)
    i.HAL_HRTIM_WaveformCountStart_IT        0x08002150   Section        0  stm32f3xx_hal_hrtim.o(i.HAL_HRTIM_WaveformCountStart_IT)
    i.HAL_HRTIM_WaveformOutputConfig         0x080021d4   Section        0  stm32f3xx_hal_hrtim.o(i.HAL_HRTIM_WaveformOutputConfig)
    i.HAL_HRTIM_WaveformOutputStart          0x0800220a   Section        0  stm32f3xx_hal_hrtim.o(i.HAL_HRTIM_WaveformOutputStart)
    i.HAL_HRTIM_WaveformOutputStop           0x0800223a   Section        0  stm32f3xx_hal_hrtim.o(i.HAL_HRTIM_WaveformOutputStop)
    i.HAL_HRTIM_WaveformTimerConfig          0x0800226a   Section        0  stm32f3xx_hal_hrtim.o(i.HAL_HRTIM_WaveformTimerConfig)
    i.HAL_IncTick                            0x08002324   Section        0  stm32f3xx_hal.o(i.HAL_IncTick)
    i.HAL_Init                               0x08002334   Section        0  stm32f3xx_hal.o(i.HAL_Init)
    i.HAL_InitTick                           0x08002358   Section        0  stm32f3xx_hal.o(i.HAL_InitTick)
    i.HAL_MspInit                            0x08002398   Section        0  stm32f3xx_hal_msp.o(i.HAL_MspInit)
    i.HAL_NVIC_DisableIRQ                    0x080023c4   Section        0  stm32f3xx_hal_cortex.o(i.HAL_NVIC_DisableIRQ)
    i.HAL_NVIC_EnableIRQ                     0x080023e6   Section        0  stm32f3xx_hal_cortex.o(i.HAL_NVIC_EnableIRQ)
    i.HAL_NVIC_SetPriority                   0x08002400   Section        0  stm32f3xx_hal_cortex.o(i.HAL_NVIC_SetPriority)
    i.HAL_NVIC_SetPriorityGrouping           0x08002440   Section        0  stm32f3xx_hal_cortex.o(i.HAL_NVIC_SetPriorityGrouping)
    i.HAL_RCCEx_PeriphCLKConfig              0x08002464   Section        0  stm32f3xx_hal_rcc_ex.o(i.HAL_RCCEx_PeriphCLKConfig)
    i.HAL_RCC_ClockConfig                    0x080025ec   Section        0  stm32f3xx_hal_rcc.o(i.HAL_RCC_ClockConfig)
    i.HAL_RCC_GetPCLK1Freq                   0x08002734   Section        0  stm32f3xx_hal_rcc.o(i.HAL_RCC_GetPCLK1Freq)
    i.HAL_RCC_GetPCLK2Freq                   0x08002764   Section        0  stm32f3xx_hal_rcc.o(i.HAL_RCC_GetPCLK2Freq)
    i.HAL_RCC_GetSysClockFreq                0x08002794   Section        0  stm32f3xx_hal_rcc.o(i.HAL_RCC_GetSysClockFreq)
    i.HAL_RCC_OscConfig                      0x080027e4   Section        0  stm32f3xx_hal_rcc.o(i.HAL_RCC_OscConfig)
    i.HAL_SYSTICK_Config                     0x08002dac   Section        0  stm32f3xx_hal_cortex.o(i.HAL_SYSTICK_Config)
    i.HAL_UARTEx_RxEventCallback             0x08002dd4   Section        0  stm32f3xx_hal_uart.o(i.HAL_UARTEx_RxEventCallback)
    i.HAL_UARTEx_WakeupCallback              0x08002dd6   Section        0  stm32f3xx_hal_uart_ex.o(i.HAL_UARTEx_WakeupCallback)
    i.HAL_UART_ErrorCallback                 0x08002dd8   Section        0  stm32f3xx_hal_uart.o(i.HAL_UART_ErrorCallback)
    i.HAL_UART_IRQHandler                    0x08002ddc   Section        0  stm32f3xx_hal_uart.o(i.HAL_UART_IRQHandler)
    i.HAL_UART_Init                          0x08003094   Section        0  stm32f3xx_hal_uart.o(i.HAL_UART_Init)
    i.HAL_UART_MspInit                       0x080030fc   Section        0  usart.o(i.HAL_UART_MspInit)
    i.HAL_UART_Transmit_IT                   0x08003174   Section        0  stm32f3xx_hal_uart.o(i.HAL_UART_Transmit_IT)
    i.HAL_UART_TxCpltCallback                0x080031d0   Section        0  stm32f3xx_hal_uart.o(i.HAL_UART_TxCpltCallback)
    i.HRTIM1_Master_IRQHandler               0x080031d4   Section        0  stm32f3xx_it.o(i.HRTIM1_Master_IRQHandler)
    i.HRTIM_ForceRegistersUpdate             0x080031e0   Section        0  stm32f3xx_hal_hrtim.o(i.HRTIM_ForceRegistersUpdate)
    HRTIM_ForceRegistersUpdate               0x080031e1   Thumb Code    90  stm32f3xx_hal_hrtim.o(i.HRTIM_ForceRegistersUpdate)
    i.HRTIM_HRTIM_ISR                        0x0800323a   Section        0  stm32f3xx_hal_hrtim.o(i.HRTIM_HRTIM_ISR)
    HRTIM_HRTIM_ISR                          0x0800323b   Thumb Code   146  stm32f3xx_hal_hrtim.o(i.HRTIM_HRTIM_ISR)
    i.HRTIM_Master_ISR                       0x080032cc   Section        0  stm32f3xx_hal_hrtim.o(i.HRTIM_Master_ISR)
    HRTIM_Master_ISR                         0x080032cd   Thumb Code   240  stm32f3xx_hal_hrtim.o(i.HRTIM_Master_ISR)
    i.HRTIM_OutputConfig                     0x080033bc   Section        0  stm32f3xx_hal_hrtim.o(i.HRTIM_OutputConfig)
    HRTIM_OutputConfig                       0x080033bd   Thumb Code   206  stm32f3xx_hal_hrtim.o(i.HRTIM_OutputConfig)
    i.HRTIM_Timer_ISR                        0x0800348a   Section        0  stm32f3xx_hal_hrtim.o(i.HRTIM_Timer_ISR)
    HRTIM_Timer_ISR                          0x0800348b   Thumb Code   358  stm32f3xx_hal_hrtim.o(i.HRTIM_Timer_ISR)
    i.HRTIM_TimingUnitWaveform_Config        0x080035f0   Section        0  stm32f3xx_hal_hrtim.o(i.HRTIM_TimingUnitWaveform_Config)
    HRTIM_TimingUnitWaveform_Config          0x080035f1   Thumb Code   322  stm32f3xx_hal_hrtim.o(i.HRTIM_TimingUnitWaveform_Config)
    i.HRTIM_UpdateHighDuty                   0x08003734   Section        0  pwm_ctrl.o(i.HRTIM_UpdateHighDuty)
    i.HardFault_Handler                      0x080037e0   Section        0  stm32f3xx_it.o(i.HardFault_Handler)
    i.MX_ADC1_Init                           0x080037f0   Section        0  adc.o(i.MX_ADC1_Init)
    i.MX_ADC2_Init                           0x0800389c   Section        0  adc.o(i.MX_ADC2_Init)
    i.MX_CAN_Init                            0x08003934   Section        0  can.o(i.MX_CAN_Init)
    i.MX_DMA_Init                            0x08003974   Section        0  dma.o(i.MX_DMA_Init)
    i.MX_GPIO_Init                           0x080039b0   Section        0  gpio.o(i.MX_GPIO_Init)
    i.MX_HRTIM1_Init                         0x08003a30   Section        0  hrtim.o(i.MX_HRTIM1_Init)
    i.MX_USART3_UART_Init                    0x08003c7c   Section        0  usart.o(i.MX_USART3_UART_Init)
    i.MemManage_Handler                      0x08003cb8   Section        0  stm32f3xx_it.o(i.MemManage_Handler)
    i.NMI_Handler                            0x08003cba   Section        0  stm32f3xx_it.o(i.NMI_Handler)
    i.Output_boost                           0x08003cbc   Section        0  pwm_ctrl.o(i.Output_boost)
    i.PID_Calculate                          0x08003cec   Section        0  pid.o(i.PID_Calculate)
    i.PID_Init                               0x08003f0c   Section        0  pid.o(i.PID_Init)
    i.PID_InitAll                            0x08003f3c   Section        0  main.o(i.PID_InitAll)
    i.PID_Output_To_Duty                     0x08003fd8   Section        0  main.o(i.PID_Output_To_Duty)
    PID_Output_To_Duty                       0x08003fd9   Thumb Code    44  main.o(i.PID_Output_To_Duty)
    i.PendSV_Handler                         0x08004008   Section        0  stm32f3xx_it.o(i.PendSV_Handler)
    i.SVC_Handler                            0x0800400a   Section        0  stm32f3xx_it.o(i.SVC_Handler)
    i.SysTick_Handler                        0x0800400c   Section        0  stm32f3xx_it.o(i.SysTick_Handler)
    i.SystemClock_Config                     0x08004010   Section        0  main.o(i.SystemClock_Config)
    i.SystemInit                             0x08004090   Section        0  system_stm32f3xx.o(i.SystemInit)
    i.UART_AdvFeatureConfig                  0x080040a0   Section        0  stm32f3xx_hal_uart.o(i.UART_AdvFeatureConfig)
    i.UART_CheckIdleState                    0x08004168   Section        0  stm32f3xx_hal_uart.o(i.UART_CheckIdleState)
    i.UART_DMAAbortOnError                   0x08004210   Section        0  stm32f3xx_hal_uart.o(i.UART_DMAAbortOnError)
    UART_DMAAbortOnError                     0x08004211   Thumb Code    20  stm32f3xx_hal_uart.o(i.UART_DMAAbortOnError)
    i.UART_EndRxTransfer                     0x08004224   Section        0  stm32f3xx_hal_uart.o(i.UART_EndRxTransfer)
    UART_EndRxTransfer                       0x08004225   Thumb Code    76  stm32f3xx_hal_uart.o(i.UART_EndRxTransfer)
    i.UART_SetConfig                         0x08004270   Section        0  stm32f3xx_hal_uart.o(i.UART_SetConfig)
    i.UART_TxISR_16BIT                       0x080043b0   Section        0  stm32f3xx_hal_uart.o(i.UART_TxISR_16BIT)
    UART_TxISR_16BIT                         0x080043b1   Thumb Code    80  stm32f3xx_hal_uart.o(i.UART_TxISR_16BIT)
    i.UART_TxISR_8BIT                        0x08004400   Section        0  stm32f3xx_hal_uart.o(i.UART_TxISR_8BIT)
    UART_TxISR_8BIT                          0x08004401   Thumb Code    76  stm32f3xx_hal_uart.o(i.UART_TxISR_8BIT)
    i.UART_WaitOnFlagUntilTimeout            0x0800444c   Section        0  stm32f3xx_hal_uart.o(i.UART_WaitOnFlagUntilTimeout)
    i.USART3_IRQHandler                      0x080044e0   Section        0  stm32f3xx_it.o(i.USART3_IRQHandler)
    i.UsageFault_Handler                     0x080044ec   Section        0  stm32f3xx_it.o(i.UsageFault_Handler)
    i.__NVIC_SetPriority                     0x080044fc   Section        0  stm32f3xx_hal_cortex.o(i.__NVIC_SetPriority)
    __NVIC_SetPriority                       0x080044fd   Thumb Code    32  stm32f3xx_hal_cortex.o(i.__NVIC_SetPriority)
    i.can_filter_init                        0x0800451c   Section        0  can_bsp.o(i.can_filter_init)
    i.clamp01                                0x08004554   Section        0  pwm_ctrl.o(i.clamp01)
    clamp01                                  0x08004555   Thumb Code    32  pwm_ctrl.o(i.clamp01)
    i.f_Changing_Integral_Rate               0x08004578   Section        0  pid.o(i.f_Changing_Integral_Rate)
    f_Changing_Integral_Rate                 0x08004579   Thumb Code   140  pid.o(i.f_Changing_Integral_Rate)
    i.f_Integral_Limit                       0x08004608   Section        0  pid.o(i.f_Integral_Limit)
    f_Integral_Limit                         0x08004609   Thumb Code   128  pid.o(i.f_Integral_Limit)
    i.f_PID_param_init                       0x0800468c   Section        0  pid.o(i.f_PID_param_init)
    f_PID_param_init                         0x0800468d   Thumb Code    90  pid.o(i.f_PID_param_init)
    i.f_PID_reset                            0x080046ec   Section        0  pid.o(i.f_PID_reset)
    f_PID_reset                              0x080046ed   Thumb Code    28  pid.o(i.f_PID_reset)
    i.main                                   0x0800470c   Section        0  main.o(i.main)
    x$fpl$fpinit                             0x080049a4   Section       10  fpinit.o(x$fpl$fpinit)
    $v0                                      0x080049a4   Number         0  fpinit.o(x$fpl$fpinit)
    .constdata                               0x080049ae   Section       32  stm32f3xx_hal_rcc.o(.constdata)
    aPLLMULFactorTable                       0x080049ae   Data          16  stm32f3xx_hal_rcc.o(.constdata)
    aPredivFactorTable                       0x080049be   Data          16  stm32f3xx_hal_rcc.o(.constdata)
    .constdata                               0x080049ce   Section       16  system_stm32f3xx.o(.constdata)
    .constdata                               0x080049de   Section        8  system_stm32f3xx.o(.constdata)
    .data                                    0x20000000   Section        8  main.o(.data)
    current_duty                             0x20000000   Data           4  main.o(.data)
    current_duty_dis                         0x20000004   Data           4  main.o(.data)
    .data                                    0x20000008   Section        4  adc.o(.data)
    HAL_RCC_ADC12_CLK_ENABLED                0x20000008   Data           4  adc.o(.data)
    .data                                    0x2000000c   Section        6  adc.o(.data)
    .data                                    0x20000012   Section        6  adc.o(.data)
    .data                                    0x20000018   Section       12  stm32f3xx_it.o(.data)
    .data                                    0x20000024   Section       12  stm32f3xx_hal.o(.data)
    .data                                    0x20000030   Section       24  stm32f3xx_hal_hrtim.o(.data)
    TimerIdxToTimerId                        0x20000030   Data          24  stm32f3xx_hal_hrtim.o(.data)
    .data                                    0x20000048   Section        4  system_stm32f3xx.o(.data)
    .data                                    0x2000004c   Section       24  cap_charge.o(.data)
    ctrl_flag                                0x2000004c   Data           1  cap_charge.o(.data)
    i_ref_out                                0x20000050   Data           4  cap_charge.o(.data)
    v_cap_out                                0x20000054   Data           4  cap_charge.o(.data)
    s_cfg                                    0x20000058   Data          12  cap_charge.o(.data)
    .data                                    0x20000064   Section       24  adc_function.o(.data)
    .bss                                     0x20000080   Section      296  main.o(.bss)
    send_data                                0x20000080   Data          24  main.o(.bss)
    .bss                                     0x200001a8   Section      296  adc.o(.bss)
    .bss                                     0x200002d0   Section       40  can.o(.bss)
    .bss                                     0x200002f8   Section      220  hrtim.o(.bss)
    .bss                                     0x200003d4   Section      136  usart.o(.bss)
    .bss                                     0x2000045c   Section      124  adc_function.o(.bss)
    .bss                                     0x200004d8   Section       96  libspace.o(.bss)
    HEAP                                     0x20000538   Section      512  startup_stm32f334x8.o(HEAP)
    Heap_Mem                                 0x20000538   Data         512  startup_stm32f334x8.o(HEAP)
    STACK                                    0x20000738   Section     1024  startup_stm32f334x8.o(STACK)
    Stack_Mem                                0x20000738   Data        1024  startup_stm32f334x8.o(STACK)
    __initial_sp                             0x20000b38   Data           0  startup_stm32f334x8.o(STACK)

    Global Symbols

    Symbol Name                              Value     Ov Type        Size  Object(Section)

    BuildAttributes$$THM_ISAv4$E$P$D$K$B$S$7EM$VFPi3$EXTD16$VFPS$VFMA$PE$A:L22UL41UL21$X:L11$S22US41US21$IEEE1$IW$USESV6$~STKCKD$USESV7$~SHL$OSPACE$ROPI$EBA8$UX$STANDARDLIB$REQ8$PRES8$EABIv2 0x00000000   Number         0  anon$$obj.o ABSOLUTE
    __ARM_use_no_argv                        0x00000000   Number         0  main.o ABSOLUTE
    __ARM_exceptions_init                     - Undefined Weak Reference
    __alloca_initialize                       - Undefined Weak Reference
    __arm_preinit_                            - Undefined Weak Reference
    __cpp_initialize__aeabi_                  - Undefined Weak Reference
    __cxa_finalize                            - Undefined Weak Reference
    __rt_locale                               - Undefined Weak Reference
    __sigvec_lookup                           - Undefined Weak Reference
    _atexit_init                              - Undefined Weak Reference
    _call_atexit_fns                          - Undefined Weak Reference
    _clock_init                               - Undefined Weak Reference
    _fp_trap_init                             - Undefined Weak Reference
    _fp_trap_shutdown                         - Undefined Weak Reference
    _get_lc_collate                           - Undefined Weak Reference
    _get_lc_ctype                             - Undefined Weak Reference
    _get_lc_monetary                          - Undefined Weak Reference
    _get_lc_numeric                           - Undefined Weak Reference
    _get_lc_time                              - Undefined Weak Reference
    _getenv_init                              - Undefined Weak Reference
    _handle_redirection                       - Undefined Weak Reference
    _init_alloc                               - Undefined Weak Reference
    _init_user_alloc                          - Undefined Weak Reference
    _initio                                   - Undefined Weak Reference
    _rand_init                                - Undefined Weak Reference
    _signal_finish                            - Undefined Weak Reference
    _signal_init                              - Undefined Weak Reference
    _terminate_alloc                          - Undefined Weak Reference
    _terminate_user_alloc                     - Undefined Weak Reference
    _terminateio                              - Undefined Weak Reference
    __Vectors_Size                           0x00000188   Number         0  startup_stm32f334x8.o ABSOLUTE
    __Vectors                                0x08000000   Data           4  startup_stm32f334x8.o(RESET)
    __Vectors_End                            0x08000188   Data           0  startup_stm32f334x8.o(RESET)
    __main                                   0x08000189   Thumb Code     8  __main.o(!!!main)
    __scatterload                            0x08000191   Thumb Code     0  __scatter.o(!!!scatter)
    __scatterload_rt2                        0x08000191   Thumb Code    44  __scatter.o(!!!scatter)
    __scatterload_rt2_thumb_only             0x08000191   Thumb Code     0  __scatter.o(!!!scatter)
    __scatterload_null                       0x0800019f   Thumb Code     0  __scatter.o(!!!scatter)
    __scatterload_copy                       0x080001c5   Thumb Code    26  __scatter_copy.o(!!handler_copy)
    __scatterload_zeroinit                   0x080001e1   Thumb Code    28  __scatter_zi.o(!!handler_zi)
    __rt_lib_init                            0x080001fd   Thumb Code     0  libinit.o(.ARM.Collect$$libinit$$00000000)
    __rt_lib_init_fp_1                       0x080001ff   Thumb Code     0  libinit2.o(.ARM.Collect$$libinit$$00000001)
    __rt_lib_init_alloca_1                   0x08000203   Thumb Code     0  libinit2.o(.ARM.Collect$$libinit$$0000002E)
    __rt_lib_init_argv_1                     0x08000203   Thumb Code     0  libinit2.o(.ARM.Collect$$libinit$$0000002C)
    __rt_lib_init_atexit_1                   0x08000203   Thumb Code     0  libinit2.o(.ARM.Collect$$libinit$$0000001B)
    __rt_lib_init_clock_1                    0x08000203   Thumb Code     0  libinit2.o(.ARM.Collect$$libinit$$00000021)
    __rt_lib_init_cpp_1                      0x08000203   Thumb Code     0  libinit2.o(.ARM.Collect$$libinit$$00000032)
    __rt_lib_init_exceptions_1               0x08000203   Thumb Code     0  libinit2.o(.ARM.Collect$$libinit$$00000030)
    __rt_lib_init_fp_trap_1                  0x08000203   Thumb Code     0  libinit2.o(.ARM.Collect$$libinit$$0000001F)
    __rt_lib_init_getenv_1                   0x08000203   Thumb Code     0  libinit2.o(.ARM.Collect$$libinit$$00000023)
    __rt_lib_init_heap_1                     0x08000203   Thumb Code     0  libinit2.o(.ARM.Collect$$libinit$$0000000A)
    __rt_lib_init_lc_collate_1               0x08000203   Thumb Code     0  libinit2.o(.ARM.Collect$$libinit$$00000011)
    __rt_lib_init_lc_ctype_1                 0x08000203   Thumb Code     0  libinit2.o(.ARM.Collect$$libinit$$00000013)
    __rt_lib_init_lc_monetary_1              0x08000203   Thumb Code     0  libinit2.o(.ARM.Collect$$libinit$$00000015)
    __rt_lib_init_lc_numeric_1               0x08000203   Thumb Code     0  libinit2.o(.ARM.Collect$$libinit$$00000017)
    __rt_lib_init_lc_time_1                  0x08000203   Thumb Code     0  libinit2.o(.ARM.Collect$$libinit$$00000019)
    __rt_lib_init_preinit_1                  0x08000203   Thumb Code     0  libinit2.o(.ARM.Collect$$libinit$$00000004)
    __rt_lib_init_rand_1                     0x08000203   Thumb Code     0  libinit2.o(.ARM.Collect$$libinit$$0000000E)
    __rt_lib_init_return                     0x08000203   Thumb Code     0  libinit2.o(.ARM.Collect$$libinit$$00000033)
    __rt_lib_init_signal_1                   0x08000203   Thumb Code     0  libinit2.o(.ARM.Collect$$libinit$$0000001D)
    __rt_lib_init_stdio_1                    0x08000203   Thumb Code     0  libinit2.o(.ARM.Collect$$libinit$$00000025)
    __rt_lib_init_user_alloc_1               0x08000203   Thumb Code     0  libinit2.o(.ARM.Collect$$libinit$$0000000C)
    __rt_lib_shutdown                        0x08000205   Thumb Code     0  libshutdown.o(.ARM.Collect$$libshutdown$$00000000)
    __rt_lib_shutdown_cpp_1                  0x08000207   Thumb Code     0  libshutdown2.o(.ARM.Collect$$libshutdown$$00000002)
    __rt_lib_shutdown_fp_trap_1              0x08000207   Thumb Code     0  libshutdown2.o(.ARM.Collect$$libshutdown$$00000007)
    __rt_lib_shutdown_heap_1                 0x08000207   Thumb Code     0  libshutdown2.o(.ARM.Collect$$libshutdown$$0000000F)
    __rt_lib_shutdown_return                 0x08000207   Thumb Code     0  libshutdown2.o(.ARM.Collect$$libshutdown$$00000010)
    __rt_lib_shutdown_signal_1               0x08000207   Thumb Code     0  libshutdown2.o(.ARM.Collect$$libshutdown$$0000000A)
    __rt_lib_shutdown_stdio_1                0x08000207   Thumb Code     0  libshutdown2.o(.ARM.Collect$$libshutdown$$00000004)
    __rt_lib_shutdown_user_alloc_1           0x08000207   Thumb Code     0  libshutdown2.o(.ARM.Collect$$libshutdown$$0000000C)
    __rt_entry                               0x08000209   Thumb Code     0  __rtentry.o(.ARM.Collect$$rtentry$$00000000)
    __rt_entry_presh_1                       0x08000209   Thumb Code     0  __rtentry2.o(.ARM.Collect$$rtentry$$00000002)
    __rt_entry_sh                            0x08000209   Thumb Code     0  __rtentry4.o(.ARM.Collect$$rtentry$$00000004)
    __rt_entry_li                            0x0800020f   Thumb Code     0  __rtentry2.o(.ARM.Collect$$rtentry$$0000000A)
    __rt_entry_postsh_1                      0x0800020f   Thumb Code     0  __rtentry2.o(.ARM.Collect$$rtentry$$00000009)
    __rt_entry_main                          0x08000213   Thumb Code     0  __rtentry2.o(.ARM.Collect$$rtentry$$0000000D)
    __rt_entry_postli_1                      0x08000213   Thumb Code     0  __rtentry2.o(.ARM.Collect$$rtentry$$0000000C)
    __rt_exit                                0x0800021b   Thumb Code     0  rtexit.o(.ARM.Collect$$rtexit$$00000000)
    __rt_exit_ls                             0x0800021d   Thumb Code     0  rtexit2.o(.ARM.Collect$$rtexit$$00000003)
    __rt_exit_prels_1                        0x0800021d   Thumb Code     0  rtexit2.o(.ARM.Collect$$rtexit$$00000002)
    __rt_exit_exit                           0x08000221   Thumb Code     0  rtexit2.o(.ARM.Collect$$rtexit$$00000004)
    Reset_Handler                            0x08000229   Thumb Code     8  startup_stm32f334x8.o(.text)
    ADC1_2_IRQHandler                        0x08000243   Thumb Code     0  startup_stm32f334x8.o(.text)
    CAN_RX1_IRQHandler                       0x08000243   Thumb Code     0  startup_stm32f334x8.o(.text)
    CAN_SCE_IRQHandler                       0x08000243   Thumb Code     0  startup_stm32f334x8.o(.text)
    CAN_TX_IRQHandler                        0x08000243   Thumb Code     0  startup_stm32f334x8.o(.text)
    COMP2_IRQHandler                         0x08000243   Thumb Code     0  startup_stm32f334x8.o(.text)
    COMP4_6_IRQHandler                       0x08000243   Thumb Code     0  startup_stm32f334x8.o(.text)
    DMA1_Channel3_IRQHandler                 0x08000243   Thumb Code     0  startup_stm32f334x8.o(.text)
    DMA1_Channel4_IRQHandler                 0x08000243   Thumb Code     0  startup_stm32f334x8.o(.text)
    DMA1_Channel5_IRQHandler                 0x08000243   Thumb Code     0  startup_stm32f334x8.o(.text)
    DMA1_Channel6_IRQHandler                 0x08000243   Thumb Code     0  startup_stm32f334x8.o(.text)
    DMA1_Channel7_IRQHandler                 0x08000243   Thumb Code     0  startup_stm32f334x8.o(.text)
    EXTI0_IRQHandler                         0x08000243   Thumb Code     0  startup_stm32f334x8.o(.text)
    EXTI15_10_IRQHandler                     0x08000243   Thumb Code     0  startup_stm32f334x8.o(.text)
    EXTI1_IRQHandler                         0x08000243   Thumb Code     0  startup_stm32f334x8.o(.text)
    EXTI2_TSC_IRQHandler                     0x08000243   Thumb Code     0  startup_stm32f334x8.o(.text)
    EXTI3_IRQHandler                         0x08000243   Thumb Code     0  startup_stm32f334x8.o(.text)
    EXTI4_IRQHandler                         0x08000243   Thumb Code     0  startup_stm32f334x8.o(.text)
    EXTI9_5_IRQHandler                       0x08000243   Thumb Code     0  startup_stm32f334x8.o(.text)
    FLASH_IRQHandler                         0x08000243   Thumb Code     0  startup_stm32f334x8.o(.text)
    FPU_IRQHandler                           0x08000243   Thumb Code     0  startup_stm32f334x8.o(.text)
    HRTIM1_FLT_IRQHandler                    0x08000243   Thumb Code     0  startup_stm32f334x8.o(.text)
    HRTIM1_TIMA_IRQHandler                   0x08000243   Thumb Code     0  startup_stm32f334x8.o(.text)
    HRTIM1_TIMB_IRQHandler                   0x08000243   Thumb Code     0  startup_stm32f334x8.o(.text)
    HRTIM1_TIMC_IRQHandler                   0x08000243   Thumb Code     0  startup_stm32f334x8.o(.text)
    HRTIM1_TIMD_IRQHandler                   0x08000243   Thumb Code     0  startup_stm32f334x8.o(.text)
    HRTIM1_TIME_IRQHandler                   0x08000243   Thumb Code     0  startup_stm32f334x8.o(.text)
    I2C1_ER_IRQHandler                       0x08000243   Thumb Code     0  startup_stm32f334x8.o(.text)
    I2C1_EV_IRQHandler                       0x08000243   Thumb Code     0  startup_stm32f334x8.o(.text)
    PVD_IRQHandler                           0x08000243   Thumb Code     0  startup_stm32f334x8.o(.text)
    RCC_IRQHandler                           0x08000243   Thumb Code     0  startup_stm32f334x8.o(.text)
    RTC_Alarm_IRQHandler                     0x08000243   Thumb Code     0  startup_stm32f334x8.o(.text)
    RTC_WKUP_IRQHandler                      0x08000243   Thumb Code     0  startup_stm32f334x8.o(.text)
    SPI1_IRQHandler                          0x08000243   Thumb Code     0  startup_stm32f334x8.o(.text)
    TAMP_STAMP_IRQHandler                    0x08000243   Thumb Code     0  startup_stm32f334x8.o(.text)
    TIM1_BRK_TIM15_IRQHandler                0x08000243   Thumb Code     0  startup_stm32f334x8.o(.text)
    TIM1_CC_IRQHandler                       0x08000243   Thumb Code     0  startup_stm32f334x8.o(.text)
    TIM1_TRG_COM_TIM17_IRQHandler            0x08000243   Thumb Code     0  startup_stm32f334x8.o(.text)
    TIM1_UP_TIM16_IRQHandler                 0x08000243   Thumb Code     0  startup_stm32f334x8.o(.text)
    TIM2_IRQHandler                          0x08000243   Thumb Code     0  startup_stm32f334x8.o(.text)
    TIM3_IRQHandler                          0x08000243   Thumb Code     0  startup_stm32f334x8.o(.text)
    TIM6_DAC1_IRQHandler                     0x08000243   Thumb Code     0  startup_stm32f334x8.o(.text)
    TIM7_DAC2_IRQHandler                     0x08000243   Thumb Code     0  startup_stm32f334x8.o(.text)
    USART1_IRQHandler                        0x08000243   Thumb Code     0  startup_stm32f334x8.o(.text)
    USART2_IRQHandler                        0x08000243   Thumb Code     0  startup_stm32f334x8.o(.text)
    WWDG_IRQHandler                          0x08000243   Thumb Code     0  startup_stm32f334x8.o(.text)
    __user_initial_stackheap                 0x08000245   Thumb Code     0  startup_stm32f334x8.o(.text)
    __aeabi_uldivmod                         0x08000269   Thumb Code     0  lludivv7m.o(.text)
    _ll_udiv                                 0x08000269   Thumb Code   238  lludivv7m.o(.text)
    __aeabi_memclr4                          0x08000357   Thumb Code     0  rt_memclr_w.o(.text)
    __aeabi_memclr8                          0x08000357   Thumb Code     0  rt_memclr_w.o(.text)
    __rt_memclr_w                            0x08000357   Thumb Code    78  rt_memclr_w.o(.text)
    _memset_w                                0x0800035b   Thumb Code     0  rt_memclr_w.o(.text)
    __use_two_region_memory                  0x080003a5   Thumb Code     2  heapauxi.o(.text)
    __rt_heap_escrow$2region                 0x080003a7   Thumb Code     2  heapauxi.o(.text)
    __rt_heap_expand$2region                 0x080003a9   Thumb Code     2  heapauxi.o(.text)
    __user_setup_stackheap                   0x080003ab   Thumb Code    74  sys_stackheap_outer.o(.text)
    exit                                     0x080003f5   Thumb Code    18  exit.o(.text)
    __user_libspace                          0x08000409   Thumb Code     8  libspace.o(.text)
    __user_perproc_libspace                  0x08000409   Thumb Code     0  libspace.o(.text)
    __user_perthread_libspace                0x08000409   Thumb Code     0  libspace.o(.text)
    _sys_exit                                0x08000411   Thumb Code     8  sys_exit.o(.text)
    __I$use$semihosting                      0x0800041d   Thumb Code     0  use_no_semi.o(.text)
    __use_no_semihosting_swi                 0x0800041d   Thumb Code     2  use_no_semi.o(.text)
    __semihosting_library_function           0x0800041f   Thumb Code     0  indicate_semi.o(.text)
    ADCF_Init                                0x08000421   Thumb Code    72  adc_function.o(i.ADCF_Init)
    ADCF_PushSample                          0x08000471   Thumb Code    58  adc_function.o(i.ADCF_PushSample)
    ADCF_Start                               0x080004b1   Thumb Code    78  adc_function.o(i.ADCF_Start)
    ADC_Average                              0x08000511   Thumb Code    68  adc_function.o(i.ADC_Average)
    ADC_Process                              0x08000691   Thumb Code   242  adc_function.o(i.ADC_Process)
    BusFault_Handler                         0x080007b9   Thumb Code    10  stm32f3xx_it.o(i.BusFault_Handler)
    CAN_RX0_IRQHandler                       0x080007c9   Thumb Code     6  stm32f3xx_it.o(i.CAN_RX0_IRQHandler)
    CAP_Init                                 0x080007d5   Thumb Code    28  cap_charge.o(i.CAP_Init)
    Charge_buck                              0x080007f5   Thumb Code    42  pwm_ctrl.o(i.Charge_buck)
    DMA1_Channel1_IRQHandler                 0x08000825   Thumb Code     6  stm32f3xx_it.o(i.DMA1_Channel1_IRQHandler)
    DMA1_Channel2_IRQHandler                 0x08000831   Thumb Code     6  stm32f3xx_it.o(i.DMA1_Channel2_IRQHandler)
    DebugMon_Handler                         0x08000887   Thumb Code     2  stm32f3xx_it.o(i.DebugMon_Handler)
    Error_Handler                            0x08000889   Thumb Code     4  main.o(i.Error_Handler)
    HAL_ADCEx_Calibration_Start              0x0800088d   Thumb Code   158  stm32f3xx_hal_adc_ex.o(i.HAL_ADCEx_Calibration_Start)
    HAL_ADCEx_MultiModeConfigChannel         0x0800092d   Thumb Code   214  stm32f3xx_hal_adc_ex.o(i.HAL_ADCEx_MultiModeConfigChannel)
    HAL_ADC_ConfigChannel                    0x08000a0d   Thumb Code   828  stm32f3xx_hal_adc_ex.o(i.HAL_ADC_ConfigChannel)
    HAL_ADC_ConvCpltCallback                 0x08000d5d   Thumb Code     2  stm32f3xx_hal_adc.o(i.HAL_ADC_ConvCpltCallback)
    HAL_ADC_ConvHalfCpltCallback             0x08000d5f   Thumb Code     2  stm32f3xx_hal_adc.o(i.HAL_ADC_ConvHalfCpltCallback)
    HAL_ADC_ErrorCallback                    0x08000d61   Thumb Code     2  stm32f3xx_hal_adc.o(i.HAL_ADC_ErrorCallback)
    HAL_ADC_Init                             0x08000d65   Thumb Code   460  stm32f3xx_hal_adc_ex.o(i.HAL_ADC_Init)
    HAL_ADC_MspInit                          0x08000f49   Thumb Code   228  adc.o(i.HAL_ADC_MspInit)
    HAL_ADC_Start_DMA                        0x08001045   Thumb Code   246  stm32f3xx_hal_adc_ex.o(i.HAL_ADC_Start_DMA)
    HAL_CAN_ActivateNotification             0x0800114d   Thumb Code    36  stm32f3xx_hal_can.o(i.HAL_CAN_ActivateNotification)
    HAL_CAN_AddTxMessage                     0x08001171   Thumb Code   188  stm32f3xx_hal_can.o(i.HAL_CAN_AddTxMessage)
    HAL_CAN_ConfigFilter                     0x0800122d   Thumb Code   238  stm32f3xx_hal_can.o(i.HAL_CAN_ConfigFilter)
    HAL_CAN_ErrorCallback                    0x0800131b   Thumb Code     2  stm32f3xx_hal_can.o(i.HAL_CAN_ErrorCallback)
    HAL_CAN_GetRxMessage                     0x0800131d   Thumb Code   244  stm32f3xx_hal_can.o(i.HAL_CAN_GetRxMessage)
    HAL_CAN_IRQHandler                       0x08001411   Thumb Code   508  stm32f3xx_hal_can.o(i.HAL_CAN_IRQHandler)
    HAL_CAN_Init                             0x0800160d   Thumb Code   282  stm32f3xx_hal_can.o(i.HAL_CAN_Init)
    HAL_CAN_MspInit                          0x08001729   Thumb Code   130  can.o(i.HAL_CAN_MspInit)
    HAL_CAN_RxFifo0FullCallback              0x080017b9   Thumb Code     2  stm32f3xx_hal_can.o(i.HAL_CAN_RxFifo0FullCallback)
    HAL_CAN_RxFifo0MsgPendingCallback        0x080017bb   Thumb Code     2  stm32f3xx_hal_can.o(i.HAL_CAN_RxFifo0MsgPendingCallback)
    HAL_CAN_RxFifo1FullCallback              0x080017bd   Thumb Code     2  stm32f3xx_hal_can.o(i.HAL_CAN_RxFifo1FullCallback)
    HAL_CAN_RxFifo1MsgPendingCallback        0x080017c1   Thumb Code    94  main.o(i.HAL_CAN_RxFifo1MsgPendingCallback)
    HAL_CAN_SleepCallback                    0x0800182d   Thumb Code     2  stm32f3xx_hal_can.o(i.HAL_CAN_SleepCallback)
    HAL_CAN_Start                            0x08001831   Thumb Code    88  stm32f3xx_hal_can.o(i.HAL_CAN_Start)
    HAL_CAN_TxMailbox0AbortCallback          0x08001889   Thumb Code     2  stm32f3xx_hal_can.o(i.HAL_CAN_TxMailbox0AbortCallback)
    HAL_CAN_TxMailbox0CompleteCallback       0x0800188b   Thumb Code     2  stm32f3xx_hal_can.o(i.HAL_CAN_TxMailbox0CompleteCallback)
    HAL_CAN_TxMailbox1AbortCallback          0x0800188d   Thumb Code     2  stm32f3xx_hal_can.o(i.HAL_CAN_TxMailbox1AbortCallback)
    HAL_CAN_TxMailbox1CompleteCallback       0x0800188f   Thumb Code     2  stm32f3xx_hal_can.o(i.HAL_CAN_TxMailbox1CompleteCallback)
    HAL_CAN_TxMailbox2AbortCallback          0x08001891   Thumb Code     2  stm32f3xx_hal_can.o(i.HAL_CAN_TxMailbox2AbortCallback)
    HAL_CAN_TxMailbox2CompleteCallback       0x08001893   Thumb Code     2  stm32f3xx_hal_can.o(i.HAL_CAN_TxMailbox2CompleteCallback)
    HAL_CAN_WakeUpFromRxMsgCallback          0x08001895   Thumb Code     2  stm32f3xx_hal_can.o(i.HAL_CAN_WakeUpFromRxMsgCallback)
    HAL_DMA_Abort                            0x08001897   Thumb Code    72  stm32f3xx_hal_dma.o(i.HAL_DMA_Abort)
    HAL_DMA_Abort_IT                         0x080018df   Thumb Code    74  stm32f3xx_hal_dma.o(i.HAL_DMA_Abort_IT)
    HAL_DMA_IRQHandler                       0x08001929   Thumb Code   168  stm32f3xx_hal_dma.o(i.HAL_DMA_IRQHandler)
    HAL_DMA_Init                             0x080019d1   Thumb Code    78  stm32f3xx_hal_dma.o(i.HAL_DMA_Init)
    HAL_DMA_Start_IT                         0x08001a1f   Thumb Code   112  stm32f3xx_hal_dma.o(i.HAL_DMA_Start_IT)
    HAL_GPIO_Init                            0x08001a91   Thumb Code   518  stm32f3xx_hal_gpio.o(i.HAL_GPIO_Init)
    HAL_GPIO_WritePin                        0x08001cb1   Thumb Code    10  stm32f3xx_hal_gpio.o(i.HAL_GPIO_WritePin)
    HAL_GetTick                              0x08001cbd   Thumb Code     6  stm32f3xx_hal.o(i.HAL_GetTick)
    HAL_HRTIM_ADCTriggerConfig               0x08001cc9   Thumb Code   190  stm32f3xx_hal_hrtim.o(i.HAL_HRTIM_ADCTriggerConfig)
    HAL_HRTIM_BurstModePeriodCallback        0x08001d87   Thumb Code     2  stm32f3xx_hal_hrtim.o(i.HAL_HRTIM_BurstModePeriodCallback)
    HAL_HRTIM_Capture1EventCallback          0x08001d89   Thumb Code     2  stm32f3xx_hal_hrtim.o(i.HAL_HRTIM_Capture1EventCallback)
    HAL_HRTIM_Capture2EventCallback          0x08001d8b   Thumb Code     2  stm32f3xx_hal_hrtim.o(i.HAL_HRTIM_Capture2EventCallback)
    HAL_HRTIM_Compare1EventCallback          0x08001d8d   Thumb Code     2  stm32f3xx_hal_hrtim.o(i.HAL_HRTIM_Compare1EventCallback)
    HAL_HRTIM_Compare2EventCallback          0x08001d8f   Thumb Code     2  stm32f3xx_hal_hrtim.o(i.HAL_HRTIM_Compare2EventCallback)
    HAL_HRTIM_Compare3EventCallback          0x08001d91   Thumb Code     2  stm32f3xx_hal_hrtim.o(i.HAL_HRTIM_Compare3EventCallback)
    HAL_HRTIM_Compare4EventCallback          0x08001d93   Thumb Code     2  stm32f3xx_hal_hrtim.o(i.HAL_HRTIM_Compare4EventCallback)
    HAL_HRTIM_CounterResetCallback           0x08001d95   Thumb Code     2  stm32f3xx_hal_hrtim.o(i.HAL_HRTIM_CounterResetCallback)
    HAL_HRTIM_DLLCalibrationReadyCallback    0x08001d97   Thumb Code     2  stm32f3xx_hal_hrtim.o(i.HAL_HRTIM_DLLCalibrationReadyCallback)
    HAL_HRTIM_DeadTimeConfig                 0x08001d99   Thumb Code   136  stm32f3xx_hal_hrtim.o(i.HAL_HRTIM_DeadTimeConfig)
    HAL_HRTIM_DelayedProtectionCallback      0x08001e25   Thumb Code     2  stm32f3xx_hal_hrtim.o(i.HAL_HRTIM_DelayedProtectionCallback)
    HAL_HRTIM_Fault1Callback                 0x08001e27   Thumb Code     2  stm32f3xx_hal_hrtim.o(i.HAL_HRTIM_Fault1Callback)
    HAL_HRTIM_Fault2Callback                 0x08001e29   Thumb Code     2  stm32f3xx_hal_hrtim.o(i.HAL_HRTIM_Fault2Callback)
    HAL_HRTIM_Fault3Callback                 0x08001e2b   Thumb Code     2  stm32f3xx_hal_hrtim.o(i.HAL_HRTIM_Fault3Callback)
    HAL_HRTIM_Fault4Callback                 0x08001e2d   Thumb Code     2  stm32f3xx_hal_hrtim.o(i.HAL_HRTIM_Fault4Callback)
    HAL_HRTIM_Fault5Callback                 0x08001e2f   Thumb Code     2  stm32f3xx_hal_hrtim.o(i.HAL_HRTIM_Fault5Callback)
    HAL_HRTIM_IRQHandler                     0x08001e31   Thumb Code    20  stm32f3xx_hal_hrtim.o(i.HAL_HRTIM_IRQHandler)
    HAL_HRTIM_Init                           0x08001e45   Thumb Code   180  stm32f3xx_hal_hrtim.o(i.HAL_HRTIM_Init)
    HAL_HRTIM_MspInit                        0x08001f01   Thumb Code    50  hrtim.o(i.HAL_HRTIM_MspInit)
    HAL_HRTIM_MspPostInit                    0x08001f3d   Thumb Code    76  hrtim.o(i.HAL_HRTIM_MspPostInit)
    HAL_HRTIM_Output1ResetCallback           0x08001f91   Thumb Code     2  stm32f3xx_hal_hrtim.o(i.HAL_HRTIM_Output1ResetCallback)
    HAL_HRTIM_Output1SetCallback             0x08001f93   Thumb Code     2  stm32f3xx_hal_hrtim.o(i.HAL_HRTIM_Output1SetCallback)
    HAL_HRTIM_Output2ResetCallback           0x08001f95   Thumb Code     2  stm32f3xx_hal_hrtim.o(i.HAL_HRTIM_Output2ResetCallback)
    HAL_HRTIM_Output2SetCallback             0x08001f97   Thumb Code     2  stm32f3xx_hal_hrtim.o(i.HAL_HRTIM_Output2SetCallback)
    HAL_HRTIM_RegistersUpdateCallback        0x08001f99   Thumb Code     2  stm32f3xx_hal_hrtim.o(i.HAL_HRTIM_RegistersUpdateCallback)
    HAL_HRTIM_RepetitionEventCallback        0x08001f9b   Thumb Code     2  stm32f3xx_hal_hrtim.o(i.HAL_HRTIM_RepetitionEventCallback)
    HAL_HRTIM_SynchronizationEventCallback   0x08001f9d   Thumb Code     2  stm32f3xx_hal_hrtim.o(i.HAL_HRTIM_SynchronizationEventCallback)
    HAL_HRTIM_SystemFaultCallback            0x08001f9f   Thumb Code     2  stm32f3xx_hal_hrtim.o(i.HAL_HRTIM_SystemFaultCallback)
    HAL_HRTIM_TimeBaseConfig                 0x08001fa1   Thumb Code   122  stm32f3xx_hal_hrtim.o(i.HAL_HRTIM_TimeBaseConfig)
    HAL_HRTIM_WaveformCompareConfig          0x0800201b   Thumb Code   308  stm32f3xx_hal_hrtim.o(i.HAL_HRTIM_WaveformCompareConfig)
    HAL_HRTIM_WaveformCountStart_IT          0x08002151   Thumb Code   128  stm32f3xx_hal_hrtim.o(i.HAL_HRTIM_WaveformCountStart_IT)
    HAL_HRTIM_WaveformOutputConfig           0x080021d5   Thumb Code    54  stm32f3xx_hal_hrtim.o(i.HAL_HRTIM_WaveformOutputConfig)
    HAL_HRTIM_WaveformOutputStart            0x0800220b   Thumb Code    48  stm32f3xx_hal_hrtim.o(i.HAL_HRTIM_WaveformOutputStart)
    HAL_HRTIM_WaveformOutputStop             0x0800223b   Thumb Code    48  stm32f3xx_hal_hrtim.o(i.HAL_HRTIM_WaveformOutputStop)
    HAL_HRTIM_WaveformTimerConfig            0x0800226b   Thumb Code   186  stm32f3xx_hal_hrtim.o(i.HAL_HRTIM_WaveformTimerConfig)
    HAL_IncTick                              0x08002325   Thumb Code    12  stm32f3xx_hal.o(i.HAL_IncTick)
    HAL_Init                                 0x08002335   Thumb Code    32  stm32f3xx_hal.o(i.HAL_Init)
    HAL_InitTick                             0x08002359   Thumb Code    54  stm32f3xx_hal.o(i.HAL_InitTick)
    HAL_MspInit                              0x08002399   Thumb Code    38  stm32f3xx_hal_msp.o(i.HAL_MspInit)
    HAL_NVIC_DisableIRQ                      0x080023c5   Thumb Code    34  stm32f3xx_hal_cortex.o(i.HAL_NVIC_DisableIRQ)
    HAL_NVIC_EnableIRQ                       0x080023e7   Thumb Code    26  stm32f3xx_hal_cortex.o(i.HAL_NVIC_EnableIRQ)
    HAL_NVIC_SetPriority                     0x08002401   Thumb Code    60  stm32f3xx_hal_cortex.o(i.HAL_NVIC_SetPriority)
    HAL_NVIC_SetPriorityGrouping             0x08002441   Thumb Code    26  stm32f3xx_hal_cortex.o(i.HAL_NVIC_SetPriorityGrouping)
    HAL_RCCEx_PeriphCLKConfig                0x08002465   Thumb Code   378  stm32f3xx_hal_rcc_ex.o(i.HAL_RCCEx_PeriphCLKConfig)
    HAL_RCC_ClockConfig                      0x080025ed   Thumb Code   308  stm32f3xx_hal_rcc.o(i.HAL_RCC_ClockConfig)
    HAL_RCC_GetPCLK1Freq                     0x08002735   Thumb Code    34  stm32f3xx_hal_rcc.o(i.HAL_RCC_GetPCLK1Freq)
    HAL_RCC_GetPCLK2Freq                     0x08002765   Thumb Code    34  stm32f3xx_hal_rcc.o(i.HAL_RCC_GetPCLK2Freq)
    HAL_RCC_GetSysClockFreq                  0x08002795   Thumb Code    64  stm32f3xx_hal_rcc.o(i.HAL_RCC_GetSysClockFreq)
    HAL_RCC_OscConfig                        0x080027e5   Thumb Code  1480  stm32f3xx_hal_rcc.o(i.HAL_RCC_OscConfig)
    HAL_SYSTICK_Config                       0x08002dad   Thumb Code    40  stm32f3xx_hal_cortex.o(i.HAL_SYSTICK_Config)
    HAL_UARTEx_RxEventCallback               0x08002dd5   Thumb Code     2  stm32f3xx_hal_uart.o(i.HAL_UARTEx_RxEventCallback)
    HAL_UARTEx_WakeupCallback                0x08002dd7   Thumb Code     2  stm32f3xx_hal_uart_ex.o(i.HAL_UARTEx_WakeupCallback)
    HAL_UART_ErrorCallback                   0x08002dd9   Thumb Code     2  stm32f3xx_hal_uart.o(i.HAL_UART_ErrorCallback)
    HAL_UART_IRQHandler                      0x08002ddd   Thumb Code   686  stm32f3xx_hal_uart.o(i.HAL_UART_IRQHandler)
    HAL_UART_Init                            0x08003095   Thumb Code   102  stm32f3xx_hal_uart.o(i.HAL_UART_Init)
    HAL_UART_MspInit                         0x080030fd   Thumb Code   106  usart.o(i.HAL_UART_MspInit)
    HAL_UART_Transmit_IT                     0x08003175   Thumb Code    84  stm32f3xx_hal_uart.o(i.HAL_UART_Transmit_IT)
    HAL_UART_TxCpltCallback                  0x080031d1   Thumb Code     2  stm32f3xx_hal_uart.o(i.HAL_UART_TxCpltCallback)
    HRTIM1_Master_IRQHandler                 0x080031d5   Thumb Code     8  stm32f3xx_it.o(i.HRTIM1_Master_IRQHandler)
    HRTIM_UpdateHighDuty                     0x08003735   Thumb Code   160  pwm_ctrl.o(i.HRTIM_UpdateHighDuty)
    HardFault_Handler                        0x080037e1   Thumb Code    10  stm32f3xx_it.o(i.HardFault_Handler)
    MX_ADC1_Init                             0x080037f1   Thumb Code   166  adc.o(i.MX_ADC1_Init)
    MX_ADC2_Init                             0x0800389d   Thumb Code   144  adc.o(i.MX_ADC2_Init)
    MX_CAN_Init                              0x08003935   Thumb Code    56  can.o(i.MX_CAN_Init)
    MX_DMA_Init                              0x08003975   Thumb Code    56  dma.o(i.MX_DMA_Init)
    MX_GPIO_Init                             0x080039b1   Thumb Code   118  gpio.o(i.MX_GPIO_Init)
    MX_HRTIM1_Init                           0x08003a31   Thumb Code   578  hrtim.o(i.MX_HRTIM1_Init)
    MX_USART3_UART_Init                      0x08003c7d   Thumb Code    52  usart.o(i.MX_USART3_UART_Init)
    MemManage_Handler                        0x08003cb9   Thumb Code     2  stm32f3xx_it.o(i.MemManage_Handler)
    NMI_Handler                              0x08003cbb   Thumb Code     2  stm32f3xx_it.o(i.NMI_Handler)
    Output_boost                             0x08003cbd   Thumb Code    42  pwm_ctrl.o(i.Output_boost)
    PID_Calculate                            0x08003ced   Thumb Code   532  pid.o(i.PID_Calculate)
    PID_Init                                 0x08003f0d   Thumb Code    40  pid.o(i.PID_Init)
    PID_InitAll                              0x08003f3d   Thumb Code   126  main.o(i.PID_InitAll)
    PendSV_Handler                           0x08004009   Thumb Code     2  stm32f3xx_it.o(i.PendSV_Handler)
    SVC_Handler                              0x0800400b   Thumb Code     2  stm32f3xx_it.o(i.SVC_Handler)
    SysTick_Handler                          0x0800400d   Thumb Code     4  stm32f3xx_it.o(i.SysTick_Handler)
    SystemClock_Config                       0x08004011   Thumb Code   128  main.o(i.SystemClock_Config)
    SystemInit                               0x08004091   Thumb Code    12  system_stm32f3xx.o(i.SystemInit)
    UART_AdvFeatureConfig                    0x080040a1   Thumb Code   200  stm32f3xx_hal_uart.o(i.UART_AdvFeatureConfig)
    UART_CheckIdleState                      0x08004169   Thumb Code   168  stm32f3xx_hal_uart.o(i.UART_CheckIdleState)
    UART_SetConfig                           0x08004271   Thumb Code   296  stm32f3xx_hal_uart.o(i.UART_SetConfig)
    UART_WaitOnFlagUntilTimeout              0x0800444d   Thumb Code   148  stm32f3xx_hal_uart.o(i.UART_WaitOnFlagUntilTimeout)
    USART3_IRQHandler                        0x080044e1   Thumb Code     6  stm32f3xx_it.o(i.USART3_IRQHandler)
    UsageFault_Handler                       0x080044ed   Thumb Code    10  stm32f3xx_it.o(i.UsageFault_Handler)
    can_filter_init                          0x0800451d   Thumb Code    52  can_bsp.o(i.can_filter_init)
    main                                     0x0800470d   Thumb Code   592  main.o(i.main)
    _fp_init                                 0x080049a5   Thumb Code    10  fpinit.o(x$fpl$fpinit)
    __fplib_config_fpu_vfp                   0x080049ad   Thumb Code     0  fpinit.o(x$fpl$fpinit)
    __fplib_config_pureend_doubles           0x080049ad   Thumb Code     0  fpinit.o(x$fpl$fpinit)
    AHBPrescTable                            0x080049ce   Data          16  system_stm32f3xx.o(.constdata)
    APBPrescTable                            0x080049de   Data           8  system_stm32f3xx.o(.constdata)
    Region$$Table$$Base                      0x080049e8   Number         0  anon$$obj.o(Region$$Table)
    Region$$Table$$Limit                     0x08004a08   Number         0  anon$$obj.o(Region$$Table)
    adc1_raw_data                            0x2000000c   Data           6  adc.o(.data)
    adc2_raw_data                            0x20000012   Data           6  adc.o(.data)
    g_hardfault_flag                         0x20000018   Data           4  stm32f3xx_it.o(.data)
    g_busfault_flag                          0x2000001c   Data           4  stm32f3xx_it.o(.data)
    g_usagefault_flag                        0x20000020   Data           4  stm32f3xx_it.o(.data)
    uwTickFreq                               0x20000024   Data           1  stm32f3xx_hal.o(.data)
    uwTickPrio                               0x20000028   Data           4  stm32f3xx_hal.o(.data)
    uwTick                                   0x2000002c   Data           4  stm32f3xx_hal.o(.data)
    SystemCoreClock                          0x20000048   Data           4  system_stm32f3xx.o(.data)
    RE_V_CHASSIS                             0x20000064   Data           4  adc_function.o(.data)
    RE_V_CAP                                 0x20000068   Data           4  adc_function.o(.data)
    RE_I_REFEREE                             0x2000006c   Data           4  adc_function.o(.data)
    RE_I_CHASSIS                             0x20000070   Data           4  adc_function.o(.data)
    RE_CAP_I                                 0x20000074   Data           4  adc_function.o(.data)
    TEMP                                     0x20000078   Data           4  adc_function.o(.data)
    pid_charge                               0x20000098   Data         136  main.o(.bss)
    pid_discharge                            0x20000120   Data         136  main.o(.bss)
    hadc1                                    0x200001a8   Data          80  adc.o(.bss)
    hadc2                                    0x200001f8   Data          80  adc.o(.bss)
    hdma_adc1                                0x20000248   Data          68  adc.o(.bss)
    hdma_adc2                                0x2000028c   Data          68  adc.o(.bss)
    hcan                                     0x200002d0   Data          40  can.o(.bss)
    hhrtim1                                  0x200002f8   Data         220  hrtim.o(.bss)
    huart3                                   0x200003d4   Data         136  usart.o(.bss)
    g_adcf                                   0x2000045c   Data         124  adc_function.o(.bss)
    __libspace_start                         0x200004d8   Data          96  libspace.o(.bss)
    __temporary_stack_top$libspace           0x20000538   Data           0  libspace.o(.bss)



==============================================================================

Memory Map of the image

  Image Entry point : 0x08000189

  Load Region LR_IROM1 (Base: 0x08000000, Size: 0x00004a84, Max: 0x00010000, ABSOLUTE)

    Execution Region ER_IROM1 (Exec base: 0x08000000, Load base: 0x08000000, Size: 0x00004a08, Max: 0x00010000, ABSOLUTE)

    Exec Addr    Load Addr    Size         Type   Attr      Idx    E Section Name        Object

    0x08000000   0x08000000   0x00000188   Data   RO            3    RESET               startup_stm32f334x8.o
    0x08000188   0x08000188   0x00000008   Code   RO         4357  * !!!main             c_w.l(__main.o)
    0x08000190   0x08000190   0x00000034   Code   RO         4524    !!!scatter          c_w.l(__scatter.o)
    0x080001c4   0x080001c4   0x0000001a   Code   RO         4526    !!handler_copy      c_w.l(__scatter_copy.o)
    0x080001de   0x080001de   0x00000002   PAD
    0x080001e0   0x080001e0   0x0000001c   Code   RO         4528    !!handler_zi        c_w.l(__scatter_zi.o)
    0x080001fc   0x080001fc   0x00000002   Code   RO         4394    .ARM.Collect$$libinit$$00000000  c_w.l(libinit.o)
    0x080001fe   0x080001fe   0x00000004   Code   RO         4406    .ARM.Collect$$libinit$$00000001  c_w.l(libinit2.o)
    0x08000202   0x08000202   0x00000000   Code   RO         4409    .ARM.Collect$$libinit$$00000004  c_w.l(libinit2.o)
    0x08000202   0x08000202   0x00000000   Code   RO         4412    .ARM.Collect$$libinit$$0000000A  c_w.l(libinit2.o)
    0x08000202   0x08000202   0x00000000   Code   RO         4414    .ARM.Collect$$libinit$$0000000C  c_w.l(libinit2.o)
    0x08000202   0x08000202   0x00000000   Code   RO         4416    .ARM.Collect$$libinit$$0000000E  c_w.l(libinit2.o)
    0x08000202   0x08000202   0x00000000   Code   RO         4419    .ARM.Collect$$libinit$$00000011  c_w.l(libinit2.o)
    0x08000202   0x08000202   0x00000000   Code   RO         4421    .ARM.Collect$$libinit$$00000013  c_w.l(libinit2.o)
    0x08000202   0x08000202   0x00000000   Code   RO         4423    .ARM.Collect$$libinit$$00000015  c_w.l(libinit2.o)
    0x08000202   0x08000202   0x00000000   Code   RO         4425    .ARM.Collect$$libinit$$00000017  c_w.l(libinit2.o)
    0x08000202   0x08000202   0x00000000   Code   RO         4427    .ARM.Collect$$libinit$$00000019  c_w.l(libinit2.o)
    0x08000202   0x08000202   0x00000000   Code   RO         4429    .ARM.Collect$$libinit$$0000001B  c_w.l(libinit2.o)
    0x08000202   0x08000202   0x00000000   Code   RO         4431    .ARM.Collect$$libinit$$0000001D  c_w.l(libinit2.o)
    0x08000202   0x08000202   0x00000000   Code   RO         4433    .ARM.Collect$$libinit$$0000001F  c_w.l(libinit2.o)
    0x08000202   0x08000202   0x00000000   Code   RO         4435    .ARM.Collect$$libinit$$00000021  c_w.l(libinit2.o)
    0x08000202   0x08000202   0x00000000   Code   RO         4437    .ARM.Collect$$libinit$$00000023  c_w.l(libinit2.o)
    0x08000202   0x08000202   0x00000000   Code   RO         4439    .ARM.Collect$$libinit$$00000025  c_w.l(libinit2.o)
    0x08000202   0x08000202   0x00000000   Code   RO         4443    .ARM.Collect$$libinit$$0000002C  c_w.l(libinit2.o)
    0x08000202   0x08000202   0x00000000   Code   RO         4445    .ARM.Collect$$libinit$$0000002E  c_w.l(libinit2.o)
    0x08000202   0x08000202   0x00000000   Code   RO         4447    .ARM.Collect$$libinit$$00000030  c_w.l(libinit2.o)
    0x08000202   0x08000202   0x00000000   Code   RO         4449    .ARM.Collect$$libinit$$00000032  c_w.l(libinit2.o)
    0x08000202   0x08000202   0x00000002   Code   RO         4450    .ARM.Collect$$libinit$$00000033  c_w.l(libinit2.o)
    0x08000204   0x08000204   0x00000002   Code   RO         4481    .ARM.Collect$$libshutdown$$00000000  c_w.l(libshutdown.o)
    0x08000206   0x08000206   0x00000000   Code   RO         4507    .ARM.Collect$$libshutdown$$00000002  c_w.l(libshutdown2.o)
    0x08000206   0x08000206   0x00000000   Code   RO         4509    .ARM.Collect$$libshutdown$$00000004  c_w.l(libshutdown2.o)
    0x08000206   0x08000206   0x00000000   Code   RO         4512    .ARM.Collect$$libshutdown$$00000007  c_w.l(libshutdown2.o)
    0x08000206   0x08000206   0x00000000   Code   RO         4515    .ARM.Collect$$libshutdown$$0000000A  c_w.l(libshutdown2.o)
    0x08000206   0x08000206   0x00000000   Code   RO         4517    .ARM.Collect$$libshutdown$$0000000C  c_w.l(libshutdown2.o)
    0x08000206   0x08000206   0x00000000   Code   RO         4520    .ARM.Collect$$libshutdown$$0000000F  c_w.l(libshutdown2.o)
    0x08000206   0x08000206   0x00000002   Code   RO         4521    .ARM.Collect$$libshutdown$$00000010  c_w.l(libshutdown2.o)
    0x08000208   0x08000208   0x00000000   Code   RO         4359    .ARM.Collect$$rtentry$$00000000  c_w.l(__rtentry.o)
    0x08000208   0x08000208   0x00000000   Code   RO         4365    .ARM.Collect$$rtentry$$00000002  c_w.l(__rtentry2.o)
    0x08000208   0x08000208   0x00000006   Code   RO         4377    .ARM.Collect$$rtentry$$00000004  c_w.l(__rtentry4.o)
    0x0800020e   0x0800020e   0x00000000   Code   RO         4367    .ARM.Collect$$rtentry$$00000009  c_w.l(__rtentry2.o)
    0x0800020e   0x0800020e   0x00000004   Code   RO         4368    .ARM.Collect$$rtentry$$0000000A  c_w.l(__rtentry2.o)
    0x08000212   0x08000212   0x00000000   Code   RO         4370    .ARM.Collect$$rtentry$$0000000C  c_w.l(__rtentry2.o)
    0x08000212   0x08000212   0x00000008   Code   RO         4371    .ARM.Collect$$rtentry$$0000000D  c_w.l(__rtentry2.o)
    0x0800021a   0x0800021a   0x00000002   Code   RO         4398    .ARM.Collect$$rtexit$$00000000  c_w.l(rtexit.o)
    0x0800021c   0x0800021c   0x00000000   Code   RO         4454    .ARM.Collect$$rtexit$$00000002  c_w.l(rtexit2.o)
    0x0800021c   0x0800021c   0x00000004   Code   RO         4455    .ARM.Collect$$rtexit$$00000003  c_w.l(rtexit2.o)
    0x08000220   0x08000220   0x00000006   Code   RO         4456    .ARM.Collect$$rtexit$$00000004  c_w.l(rtexit2.o)
    0x08000226   0x08000226   0x00000002   PAD
    0x08000228   0x08000228   0x00000040   Code   RO            4    .text               startup_stm32f334x8.o
    0x08000268   0x08000268   0x000000ee   Code   RO         4349    .text               c_w.l(lludivv7m.o)
    0x08000356   0x08000356   0x0000004e   Code   RO         4353    .text               c_w.l(rt_memclr_w.o)
    0x080003a4   0x080003a4   0x00000006   Code   RO         4355    .text               c_w.l(heapauxi.o)
    0x080003aa   0x080003aa   0x0000004a   Code   RO         4381    .text               c_w.l(sys_stackheap_outer.o)
    0x080003f4   0x080003f4   0x00000012   Code   RO         4383    .text               c_w.l(exit.o)
    0x08000406   0x08000406   0x00000002   PAD
    0x08000408   0x08000408   0x00000008   Code   RO         4395    .text               c_w.l(libspace.o)
    0x08000410   0x08000410   0x0000000c   Code   RO         4451    .text               c_w.l(sys_exit.o)
    0x0800041c   0x0800041c   0x00000002   Code   RO         4470    .text               c_w.l(use_no_semi.o)
    0x0800041e   0x0800041e   0x00000000   Code   RO         4472    .text               c_w.l(indicate_semi.o)
    0x0800041e   0x0800041e   0x00000002   PAD
    0x08000420   0x08000420   0x00000050   Code   RO         4198    i.ADCF_Init         adc_function.o
    0x08000470   0x08000470   0x00000040   Code   RO         4199    i.ADCF_PushSample   adc_function.o
    0x080004b0   0x080004b0   0x00000060   Code   RO         4200    i.ADCF_Start        adc_function.o
    0x08000510   0x08000510   0x00000048   Code   RO         4201    i.ADC_Average       adc_function.o
    0x08000558   0x08000558   0x00000044   Code   RO          852    i.ADC_DMAConvCplt   stm32f3xx_hal_adc_ex.o
    0x0800059c   0x0800059c   0x00000016   Code   RO          853    i.ADC_DMAError      stm32f3xx_hal_adc_ex.o
    0x080005b2   0x080005b2   0x00000006   Code   RO          854    i.ADC_DMAHalfConvCplt  stm32f3xx_hal_adc_ex.o
    0x080005b8   0x080005b8   0x0000006a   Code   RO          855    i.ADC_Disable       stm32f3xx_hal_adc_ex.o
    0x08000622   0x08000622   0x00000002   PAD
    0x08000624   0x08000624   0x0000006c   Code   RO          856    i.ADC_Enable        stm32f3xx_hal_adc_ex.o
    0x08000690   0x08000690   0x00000128   Code   RO         4202    i.ADC_Process       adc_function.o
    0x080007b8   0x080007b8   0x00000010   Code   RO          568    i.BusFault_Handler  stm32f3xx_it.o
    0x080007c8   0x080007c8   0x0000000c   Code   RO          569    i.CAN_RX0_IRQHandler  stm32f3xx_it.o
    0x080007d4   0x080007d4   0x00000020   Code   RO         4125    i.CAP_Init          cap_charge.o
    0x080007f4   0x080007f4   0x00000030   Code   RO         4305    i.Charge_buck       pwm_ctrl.o
    0x08000824   0x08000824   0x0000000c   Code   RO          570    i.DMA1_Channel1_IRQHandler  stm32f3xx_it.o
    0x08000830   0x08000830   0x0000000c   Code   RO          571    i.DMA1_Channel2_IRQHandler  stm32f3xx_it.o
    0x0800083c   0x0800083c   0x00000020   Code   RO         1501    i.DMA_CalcBaseAndBitshift  stm32f3xx_hal_dma.o
    0x0800085c   0x0800085c   0x0000002a   Code   RO         1502    i.DMA_SetConfig     stm32f3xx_hal_dma.o
    0x08000886   0x08000886   0x00000002   Code   RO          572    i.DebugMon_Handler  stm32f3xx_it.o
    0x08000888   0x08000888   0x00000004   Code   RO           13    i.Error_Handler     main.o
    0x0800088c   0x0800088c   0x0000009e   Code   RO          859    i.HAL_ADCEx_Calibration_Start  stm32f3xx_hal_adc_ex.o
    0x0800092a   0x0800092a   0x00000002   PAD
    0x0800092c   0x0800092c   0x000000e0   Code   RO          871    i.HAL_ADCEx_MultiModeConfigChannel  stm32f3xx_hal_adc_ex.o
    0x08000a0c   0x08000a0c   0x00000350   Code   RO          880    i.HAL_ADC_ConfigChannel  stm32f3xx_hal_adc_ex.o
    0x08000d5c   0x08000d5c   0x00000002   Code   RO          703    i.HAL_ADC_ConvCpltCallback  stm32f3xx_hal_adc.o
    0x08000d5e   0x08000d5e   0x00000002   Code   RO          704    i.HAL_ADC_ConvHalfCpltCallback  stm32f3xx_hal_adc.o
    0x08000d60   0x08000d60   0x00000002   Code   RO          706    i.HAL_ADC_ErrorCallback  stm32f3xx_hal_adc.o
    0x08000d62   0x08000d62   0x00000002   PAD
    0x08000d64   0x08000d64   0x000001e4   Code   RO          884    i.HAL_ADC_Init      stm32f3xx_hal_adc_ex.o
    0x08000f48   0x08000f48   0x000000fc   Code   RO          355    i.HAL_ADC_MspInit   adc.o
    0x08001044   0x08001044   0x00000108   Code   RO          888    i.HAL_ADC_Start_DMA  stm32f3xx_hal_adc_ex.o
    0x0800114c   0x0800114c   0x00000024   Code   RO         2643    i.HAL_CAN_ActivateNotification  stm32f3xx_hal_can.o
    0x08001170   0x08001170   0x000000bc   Code   RO         2644    i.HAL_CAN_AddTxMessage  stm32f3xx_hal_can.o
    0x0800122c   0x0800122c   0x000000ee   Code   RO         2645    i.HAL_CAN_ConfigFilter  stm32f3xx_hal_can.o
    0x0800131a   0x0800131a   0x00000002   Code   RO         2648    i.HAL_CAN_ErrorCallback  stm32f3xx_hal_can.o
    0x0800131c   0x0800131c   0x000000f4   Code   RO         2651    i.HAL_CAN_GetRxMessage  stm32f3xx_hal_can.o
    0x08001410   0x08001410   0x000001fc   Code   RO         2655    i.HAL_CAN_IRQHandler  stm32f3xx_hal_can.o
    0x0800160c   0x0800160c   0x0000011a   Code   RO         2656    i.HAL_CAN_Init      stm32f3xx_hal_can.o
    0x08001726   0x08001726   0x00000002   PAD
    0x08001728   0x08001728   0x00000090   Code   RO          410    i.HAL_CAN_MspInit   can.o
    0x080017b8   0x080017b8   0x00000002   Code   RO         2663    i.HAL_CAN_RxFifo0FullCallback  stm32f3xx_hal_can.o
    0x080017ba   0x080017ba   0x00000002   Code   RO         2664    i.HAL_CAN_RxFifo0MsgPendingCallback  stm32f3xx_hal_can.o
    0x080017bc   0x080017bc   0x00000002   Code   RO         2665    i.HAL_CAN_RxFifo1FullCallback  stm32f3xx_hal_can.o
    0x080017be   0x080017be   0x00000002   PAD
    0x080017c0   0x080017c0   0x0000006c   Code   RO           14    i.HAL_CAN_RxFifo1MsgPendingCallback  main.o
    0x0800182c   0x0800182c   0x00000002   Code   RO         2667    i.HAL_CAN_SleepCallback  stm32f3xx_hal_can.o
    0x0800182e   0x0800182e   0x00000002   PAD
    0x08001830   0x08001830   0x00000058   Code   RO         2668    i.HAL_CAN_Start     stm32f3xx_hal_can.o
    0x08001888   0x08001888   0x00000002   Code   RO         2670    i.HAL_CAN_TxMailbox0AbortCallback  stm32f3xx_hal_can.o
    0x0800188a   0x0800188a   0x00000002   Code   RO         2671    i.HAL_CAN_TxMailbox0CompleteCallback  stm32f3xx_hal_can.o
    0x0800188c   0x0800188c   0x00000002   Code   RO         2672    i.HAL_CAN_TxMailbox1AbortCallback  stm32f3xx_hal_can.o
    0x0800188e   0x0800188e   0x00000002   Code   RO         2673    i.HAL_CAN_TxMailbox1CompleteCallback  stm32f3xx_hal_can.o
    0x08001890   0x08001890   0x00000002   Code   RO         2674    i.HAL_CAN_TxMailbox2AbortCallback  stm32f3xx_hal_can.o
    0x08001892   0x08001892   0x00000002   Code   RO         2675    i.HAL_CAN_TxMailbox2CompleteCallback  stm32f3xx_hal_can.o
    0x08001894   0x08001894   0x00000002   Code   RO         2677    i.HAL_CAN_WakeUpFromRxMsgCallback  stm32f3xx_hal_can.o
    0x08001896   0x08001896   0x00000048   Code   RO         1503    i.HAL_DMA_Abort     stm32f3xx_hal_dma.o
    0x080018de   0x080018de   0x0000004a   Code   RO         1504    i.HAL_DMA_Abort_IT  stm32f3xx_hal_dma.o
    0x08001928   0x08001928   0x000000a8   Code   RO         1508    i.HAL_DMA_IRQHandler  stm32f3xx_hal_dma.o
    0x080019d0   0x080019d0   0x0000004e   Code   RO         1509    i.HAL_DMA_Init      stm32f3xx_hal_dma.o
    0x08001a1e   0x08001a1e   0x00000070   Code   RO         1513    i.HAL_DMA_Start_IT  stm32f3xx_hal_dma.o
    0x08001a8e   0x08001a8e   0x00000002   PAD
    0x08001a90   0x08001a90   0x00000220   Code   RO         1438    i.HAL_GPIO_Init     stm32f3xx_hal_gpio.o
    0x08001cb0   0x08001cb0   0x0000000a   Code   RO         1442    i.HAL_GPIO_WritePin  stm32f3xx_hal_gpio.o
    0x08001cba   0x08001cba   0x00000002   PAD
    0x08001cbc   0x08001cbc   0x0000000c   Code   RO         1126    i.HAL_GetTick       stm32f3xx_hal.o
    0x08001cc8   0x08001cc8   0x000000be   Code   RO         2877    i.HAL_HRTIM_ADCTriggerConfig  stm32f3xx_hal_hrtim.o
    0x08001d86   0x08001d86   0x00000002   Code   RO         2883    i.HAL_HRTIM_BurstModePeriodCallback  stm32f3xx_hal_hrtim.o
    0x08001d88   0x08001d88   0x00000002   Code   RO         2885    i.HAL_HRTIM_Capture1EventCallback  stm32f3xx_hal_hrtim.o
    0x08001d8a   0x08001d8a   0x00000002   Code   RO         2886    i.HAL_HRTIM_Capture2EventCallback  stm32f3xx_hal_hrtim.o
    0x08001d8c   0x08001d8c   0x00000002   Code   RO         2888    i.HAL_HRTIM_Compare1EventCallback  stm32f3xx_hal_hrtim.o
    0x08001d8e   0x08001d8e   0x00000002   Code   RO         2889    i.HAL_HRTIM_Compare2EventCallback  stm32f3xx_hal_hrtim.o
    0x08001d90   0x08001d90   0x00000002   Code   RO         2890    i.HAL_HRTIM_Compare3EventCallback  stm32f3xx_hal_hrtim.o
    0x08001d92   0x08001d92   0x00000002   Code   RO         2891    i.HAL_HRTIM_Compare4EventCallback  stm32f3xx_hal_hrtim.o
    0x08001d94   0x08001d94   0x00000002   Code   RO         2892    i.HAL_HRTIM_CounterResetCallback  stm32f3xx_hal_hrtim.o
    0x08001d96   0x08001d96   0x00000002   Code   RO         2893    i.HAL_HRTIM_DLLCalibrationReadyCallback  stm32f3xx_hal_hrtim.o
    0x08001d98   0x08001d98   0x0000008c   Code   RO         2897    i.HAL_HRTIM_DeadTimeConfig  stm32f3xx_hal_hrtim.o
    0x08001e24   0x08001e24   0x00000002   Code   RO         2898    i.HAL_HRTIM_DelayedProtectionCallback  stm32f3xx_hal_hrtim.o
    0x08001e26   0x08001e26   0x00000002   Code   RO         2902    i.HAL_HRTIM_Fault1Callback  stm32f3xx_hal_hrtim.o
    0x08001e28   0x08001e28   0x00000002   Code   RO         2903    i.HAL_HRTIM_Fault2Callback  stm32f3xx_hal_hrtim.o
    0x08001e2a   0x08001e2a   0x00000002   Code   RO         2904    i.HAL_HRTIM_Fault3Callback  stm32f3xx_hal_hrtim.o
    0x08001e2c   0x08001e2c   0x00000002   Code   RO         2905    i.HAL_HRTIM_Fault4Callback  stm32f3xx_hal_hrtim.o
    0x08001e2e   0x08001e2e   0x00000002   Code   RO         2906    i.HAL_HRTIM_Fault5Callback  stm32f3xx_hal_hrtim.o
    0x08001e30   0x08001e30   0x00000014   Code   RO         2916    i.HAL_HRTIM_IRQHandler  stm32f3xx_hal_hrtim.o
    0x08001e44   0x08001e44   0x000000bc   Code   RO         2917    i.HAL_HRTIM_Init    stm32f3xx_hal_hrtim.o
    0x08001f00   0x08001f00   0x0000003c   Code   RO          479    i.HAL_HRTIM_MspInit  hrtim.o
    0x08001f3c   0x08001f3c   0x00000054   Code   RO          480    i.HAL_HRTIM_MspPostInit  hrtim.o
    0x08001f90   0x08001f90   0x00000002   Code   RO         2920    i.HAL_HRTIM_Output1ResetCallback  stm32f3xx_hal_hrtim.o
    0x08001f92   0x08001f92   0x00000002   Code   RO         2921    i.HAL_HRTIM_Output1SetCallback  stm32f3xx_hal_hrtim.o
    0x08001f94   0x08001f94   0x00000002   Code   RO         2922    i.HAL_HRTIM_Output2ResetCallback  stm32f3xx_hal_hrtim.o
    0x08001f96   0x08001f96   0x00000002   Code   RO         2923    i.HAL_HRTIM_Output2SetCallback  stm32f3xx_hal_hrtim.o
    0x08001f98   0x08001f98   0x00000002   Code   RO         2925    i.HAL_HRTIM_RegistersUpdateCallback  stm32f3xx_hal_hrtim.o
    0x08001f9a   0x08001f9a   0x00000002   Code   RO         2926    i.HAL_HRTIM_RepetitionEventCallback  stm32f3xx_hal_hrtim.o
    0x08001f9c   0x08001f9c   0x00000002   Code   RO         2962    i.HAL_HRTIM_SynchronizationEventCallback  stm32f3xx_hal_hrtim.o
    0x08001f9e   0x08001f9e   0x00000002   Code   RO         2963    i.HAL_HRTIM_SystemFaultCallback  stm32f3xx_hal_hrtim.o
    0x08001fa0   0x08001fa0   0x0000007a   Code   RO         2964    i.HAL_HRTIM_TimeBaseConfig  stm32f3xx_hal_hrtim.o
    0x0800201a   0x0800201a   0x00000134   Code   RO         2969    i.HAL_HRTIM_WaveformCompareConfig  stm32f3xx_hal_hrtim.o
    0x0800214e   0x0800214e   0x00000002   PAD
    0x08002150   0x08002150   0x00000084   Code   RO         2972    i.HAL_HRTIM_WaveformCountStart_IT  stm32f3xx_hal_hrtim.o
    0x080021d4   0x080021d4   0x00000036   Code   RO         2978    i.HAL_HRTIM_WaveformOutputConfig  stm32f3xx_hal_hrtim.o
    0x0800220a   0x0800220a   0x00000030   Code   RO         2979    i.HAL_HRTIM_WaveformOutputStart  stm32f3xx_hal_hrtim.o
    0x0800223a   0x0800223a   0x00000030   Code   RO         2980    i.HAL_HRTIM_WaveformOutputStop  stm32f3xx_hal_hrtim.o
    0x0800226a   0x0800226a   0x000000ba   Code   RO         2982    i.HAL_HRTIM_WaveformTimerConfig  stm32f3xx_hal_hrtim.o
    0x08002324   0x08002324   0x00000010   Code   RO         1132    i.HAL_IncTick       stm32f3xx_hal.o
    0x08002334   0x08002334   0x00000024   Code   RO         1133    i.HAL_Init          stm32f3xx_hal.o
    0x08002358   0x08002358   0x00000040   Code   RO         1134    i.HAL_InitTick      stm32f3xx_hal.o
    0x08002398   0x08002398   0x0000002c   Code   RO          677    i.HAL_MspInit       stm32f3xx_hal_msp.o
    0x080023c4   0x080023c4   0x00000022   Code   RO         1602    i.HAL_NVIC_DisableIRQ  stm32f3xx_hal_cortex.o
    0x080023e6   0x080023e6   0x0000001a   Code   RO         1603    i.HAL_NVIC_EnableIRQ  stm32f3xx_hal_cortex.o
    0x08002400   0x08002400   0x00000040   Code   RO         1609    i.HAL_NVIC_SetPriority  stm32f3xx_hal_cortex.o
    0x08002440   0x08002440   0x00000024   Code   RO         1610    i.HAL_NVIC_SetPriorityGrouping  stm32f3xx_hal_cortex.o
    0x08002464   0x08002464   0x00000188   Code   RO         1395    i.HAL_RCCEx_PeriphCLKConfig  stm32f3xx_hal_rcc_ex.o
    0x080025ec   0x080025ec   0x00000148   Code   RO         1290    i.HAL_RCC_ClockConfig  stm32f3xx_hal_rcc.o
    0x08002734   0x08002734   0x00000030   Code   RO         1297    i.HAL_RCC_GetPCLK1Freq  stm32f3xx_hal_rcc.o
    0x08002764   0x08002764   0x00000030   Code   RO         1298    i.HAL_RCC_GetPCLK2Freq  stm32f3xx_hal_rcc.o
    0x08002794   0x08002794   0x00000050   Code   RO         1299    i.HAL_RCC_GetSysClockFreq  stm32f3xx_hal_rcc.o
    0x080027e4   0x080027e4   0x000005c8   Code   RO         1302    i.HAL_RCC_OscConfig  stm32f3xx_hal_rcc.o
    0x08002dac   0x08002dac   0x00000028   Code   RO         1614    i.HAL_SYSTICK_Config  stm32f3xx_hal_cortex.o
    0x08002dd4   0x08002dd4   0x00000002   Code   RO         3626    i.HAL_UARTEx_RxEventCallback  stm32f3xx_hal_uart.o
    0x08002dd6   0x08002dd6   0x00000002   Code   RO         4018    i.HAL_UARTEx_WakeupCallback  stm32f3xx_hal_uart_ex.o
    0x08002dd8   0x08002dd8   0x00000002   Code   RO         3642    i.HAL_UART_ErrorCallback  stm32f3xx_hal_uart.o
    0x08002dda   0x08002dda   0x00000002   PAD
    0x08002ddc   0x08002ddc   0x000002b8   Code   RO         3645    i.HAL_UART_IRQHandler  stm32f3xx_hal_uart.o
    0x08003094   0x08003094   0x00000066   Code   RO         3646    i.HAL_UART_Init     stm32f3xx_hal_uart.o
    0x080030fa   0x080030fa   0x00000002   PAD
    0x080030fc   0x080030fc   0x00000078   Code   RO          527    i.HAL_UART_MspInit  usart.o
    0x08003174   0x08003174   0x0000005c   Code   RO         3657    i.HAL_UART_Transmit_IT  stm32f3xx_hal_uart.o
    0x080031d0   0x080031d0   0x00000002   Code   RO         3658    i.HAL_UART_TxCpltCallback  stm32f3xx_hal_uart.o
    0x080031d2   0x080031d2   0x00000002   PAD
    0x080031d4   0x080031d4   0x0000000c   Code   RO          573    i.HRTIM1_Master_IRQHandler  stm32f3xx_it.o
    0x080031e0   0x080031e0   0x0000005a   Code   RO         2989    i.HRTIM_ForceRegistersUpdate  stm32f3xx_hal_hrtim.o
    0x0800323a   0x0800323a   0x00000092   Code   RO         2993    i.HRTIM_HRTIM_ISR   stm32f3xx_hal_hrtim.o
    0x080032cc   0x080032cc   0x000000f0   Code   RO         2994    i.HRTIM_Master_ISR  stm32f3xx_hal_hrtim.o
    0x080033bc   0x080033bc   0x000000ce   Code   RO         2995    i.HRTIM_OutputConfig  stm32f3xx_hal_hrtim.o
    0x0800348a   0x0800348a   0x00000166   Code   RO         2997    i.HRTIM_Timer_ISR   stm32f3xx_hal_hrtim.o
    0x080035f0   0x080035f0   0x00000142   Code   RO         2998    i.HRTIM_TimingUnitWaveform_Config  stm32f3xx_hal_hrtim.o
    0x08003732   0x08003732   0x00000002   PAD
    0x08003734   0x08003734   0x000000ac   Code   RO         4306    i.HRTIM_UpdateHighDuty  pwm_ctrl.o
    0x080037e0   0x080037e0   0x00000010   Code   RO          574    i.HardFault_Handler  stm32f3xx_it.o
    0x080037f0   0x080037f0   0x000000ac   Code   RO          356    i.MX_ADC1_Init      adc.o
    0x0800389c   0x0800389c   0x00000098   Code   RO          357    i.MX_ADC2_Init      adc.o
    0x08003934   0x08003934   0x00000040   Code   RO          411    i.MX_CAN_Init       can.o
    0x08003974   0x08003974   0x0000003c   Code   RO          451    i.MX_DMA_Init       dma.o
    0x080039b0   0x080039b0   0x00000080   Code   RO          225    i.MX_GPIO_Init      gpio.o
    0x08003a30   0x08003a30   0x0000024c   Code   RO          481    i.MX_HRTIM1_Init    hrtim.o
    0x08003c7c   0x08003c7c   0x0000003c   Code   RO          528    i.MX_USART3_UART_Init  usart.o
    0x08003cb8   0x08003cb8   0x00000002   Code   RO          575    i.MemManage_Handler  stm32f3xx_it.o
    0x08003cba   0x08003cba   0x00000002   Code   RO          576    i.NMI_Handler       stm32f3xx_it.o
    0x08003cbc   0x08003cbc   0x00000030   Code   RO         4307    i.Output_boost      pwm_ctrl.o
    0x08003cec   0x08003cec   0x00000220   Code   RO         4255    i.PID_Calculate     pid.o
    0x08003f0c   0x08003f0c   0x00000030   Code   RO         4256    i.PID_Init          pid.o
    0x08003f3c   0x08003f3c   0x0000009c   Code   RO           15    i.PID_InitAll       main.o
    0x08003fd8   0x08003fd8   0x00000030   Code   RO           16    i.PID_Output_To_Duty  main.o
    0x08004008   0x08004008   0x00000002   Code   RO          577    i.PendSV_Handler    stm32f3xx_it.o
    0x0800400a   0x0800400a   0x00000002   Code   RO          578    i.SVC_Handler       stm32f3xx_it.o
    0x0800400c   0x0800400c   0x00000004   Code   RO          579    i.SysTick_Handler   stm32f3xx_it.o
    0x08004010   0x08004010   0x00000080   Code   RO           17    i.SystemClock_Config  main.o
    0x08004090   0x08004090   0x00000010   Code   RO         4088    i.SystemInit        system_stm32f3xx.o
    0x080040a0   0x080040a0   0x000000c8   Code   RO         3660    i.UART_AdvFeatureConfig  stm32f3xx_hal_uart.o
    0x08004168   0x08004168   0x000000a8   Code   RO         3661    i.UART_CheckIdleState  stm32f3xx_hal_uart.o
    0x08004210   0x08004210   0x00000014   Code   RO         3662    i.UART_DMAAbortOnError  stm32f3xx_hal_uart.o
    0x08004224   0x08004224   0x0000004c   Code   RO         3672    i.UART_EndRxTransfer  stm32f3xx_hal_uart.o
    0x08004270   0x08004270   0x00000140   Code   RO         3676    i.UART_SetConfig    stm32f3xx_hal_uart.o
    0x080043b0   0x080043b0   0x00000050   Code   RO         3679    i.UART_TxISR_16BIT  stm32f3xx_hal_uart.o
    0x08004400   0x08004400   0x0000004c   Code   RO         3680    i.UART_TxISR_8BIT   stm32f3xx_hal_uart.o
    0x0800444c   0x0800444c   0x00000094   Code   RO         3681    i.UART_WaitOnFlagUntilTimeout  stm32f3xx_hal_uart.o
    0x080044e0   0x080044e0   0x0000000c   Code   RO          580    i.USART3_IRQHandler  stm32f3xx_it.o
    0x080044ec   0x080044ec   0x00000010   Code   RO          581    i.UsageFault_Handler  stm32f3xx_it.o
    0x080044fc   0x080044fc   0x00000020   Code   RO         1616    i.__NVIC_SetPriority  stm32f3xx_hal_cortex.o
    0x0800451c   0x0800451c   0x00000038   Code   RO         4170    i.can_filter_init   can_bsp.o
    0x08004554   0x08004554   0x00000024   Code   RO         4308    i.clamp01           pwm_ctrl.o
    0x08004578   0x08004578   0x00000090   Code   RO         4258    i.f_Changing_Integral_Rate  pid.o
    0x08004608   0x08004608   0x00000084   Code   RO         4259    i.f_Integral_Limit  pid.o
    0x0800468c   0x0800468c   0x00000060   Code   RO         4260    i.f_PID_param_init  pid.o
    0x080046ec   0x080046ec   0x00000020   Code   RO         4261    i.f_PID_reset       pid.o
    0x0800470c   0x0800470c   0x00000298   Code   RO           18    i.main              main.o
    0x080049a4   0x080049a4   0x0000000a   Code   RO         4466    x$fpl$fpinit        fz_wm.l(fpinit.o)
    0x080049ae   0x080049ae   0x00000020   Data   RO         1303    .constdata          stm32f3xx_hal_rcc.o
    0x080049ce   0x080049ce   0x00000010   Data   RO         4089    .constdata          system_stm32f3xx.o
    0x080049de   0x080049de   0x00000008   Data   RO         4090    .constdata          system_stm32f3xx.o
    0x080049e6   0x080049e6   0x00000002   PAD
    0x080049e8   0x080049e8   0x00000020   Data   RO         4522    Region$$Table       anon$$obj.o


    Execution Region RW_IRAM1 (Exec base: 0x20000000, Load base: 0x08004a08, Size: 0x00000b38, Max: 0x00003000, ABSOLUTE)

    Exec Addr    Load Addr    Size         Type   Attr      Idx    E Section Name        Object

    0x20000000   0x08004a08   0x00000008   Data   RW           24    .data               main.o
    0x20000008   0x08004a10   0x00000004   Data   RW          359    .data               adc.o
    0x2000000c   0x08004a14   0x00000006   Data   RW          360    .data               adc.o
    0x20000012   0x08004a1a   0x00000006   Data   RW          361    .data               adc.o
    0x20000018   0x08004a20   0x0000000c   Data   RW          582    .data               stm32f3xx_it.o
    0x20000024   0x08004a2c   0x0000000c   Data   RW         1140    .data               stm32f3xx_hal.o
    0x20000030   0x08004a38   0x00000018   Data   RW         2999    .data               stm32f3xx_hal_hrtim.o
    0x20000048   0x08004a50   0x00000004   Data   RW         4091    .data               system_stm32f3xx.o
    0x2000004c   0x08004a54   0x00000018   Data   RW         4128    .data               cap_charge.o
    0x20000064   0x08004a6c   0x00000018   Data   RW         4204    .data               adc_function.o
    0x2000007c   0x08004a84   0x00000004   PAD
    0x20000080        -       0x00000128   Zero   RW           19    .bss                main.o
    0x200001a8        -       0x00000128   Zero   RW          358    .bss                adc.o
    0x200002d0        -       0x00000028   Zero   RW          412    .bss                can.o
    0x200002f8        -       0x000000dc   Zero   RW          482    .bss                hrtim.o
    0x200003d4        -       0x00000088   Zero   RW          529    .bss                usart.o
    0x2000045c        -       0x0000007c   Zero   RW         4203    .bss                adc_function.o
    0x200004d8        -       0x00000060   Zero   RW         4396    .bss                c_w.l(libspace.o)
    0x20000538        -       0x00000200   Zero   RW            2    HEAP                startup_stm32f334x8.o
    0x20000738        -       0x00000400   Zero   RW            1    STACK               startup_stm32f334x8.o


==============================================================================

Image component sizes


      Code (inc. data)   RO Data    RW Data    ZI Data      Debug   Object Name

       576         38          0         16        296       2898   adc.o
       608         90          0         24        124       4812   adc_function.o
       208         22          0          0         40       1667   can.o
        56          4          0          0          0        538   can_bsp.o
        32          4          0         24          0       1691   cap_charge.o
        60          4          0          0          0        750   dma.o
       128         10          0          0          0     736791   gpio.o
       732         28          0          0        220       2727   hrtim.o
      1108        120          0          8        296     606076   main.o
       996         38          0          0          0       6603   pid.o
       304         28          0          0          0       3320   pwm_ctrl.o
        64         26        392          0       1536        828   startup_stm32f334x8.o
       128         24          0         12          0      14441   stm32f3xx_hal.o
         6          0          0          0          0       1970   stm32f3xx_hal_adc.o
      2288         78          0          0          0       9704   stm32f3xx_hal_adc_ex.o
      1608          0          0          0          0      13975   stm32f3xx_hal_can.o
       232         14          0          0          0      32841   stm32f3xx_hal_cortex.o
       578         10          0          0          0       5502   stm32f3xx_hal_dma.o
       554         26          0          0          0       2228   stm32f3xx_hal_gpio.o
      2844         28          0         24          0      30078   stm32f3xx_hal_hrtim.o
        44          6          0          0          0        822   stm32f3xx_hal_msp.o
      1984         76         32          0          0       5632   stm32f3xx_hal_rcc.o
       392         14          0          0          0       1440   stm32f3xx_hal_rcc_ex.o
      1984         62          0          0          0      11754   stm32f3xx_hal_uart.o
         2          0          0          0          0        992   stm32f3xx_hal_uart_ex.o
       122         46          0         12          0       7095   stm32f3xx_it.o
        16          4         24          4          0       1079   system_stm32f3xx.o
       180         22          0          0        136       1654   usart.o

    ----------------------------------------------------------------------
     17860        822        482        124       2652    1509908   Object Totals
         0          0         32          0          0          0   (incl. Generated)
        26          0          2          0          4          0   (incl. Padding)

    ----------------------------------------------------------------------

      Code (inc. data)   RO Data    RW Data    ZI Data      Debug   Library Member Name

         8          0          0          0          0         68   __main.o
         0          0          0          0          0          0   __rtentry.o
        12          0          0          0          0          0   __rtentry2.o
         6          0          0          0          0          0   __rtentry4.o
        52          8          0          0          0          0   __scatter.o
        26          0          0          0          0          0   __scatter_copy.o
        28          0          0          0          0          0   __scatter_zi.o
        18          0          0          0          0         80   exit.o
         6          0          0          0          0        152   heapauxi.o
         0          0          0          0          0          0   indicate_semi.o
         2          0          0          0          0          0   libinit.o
         6          0          0          0          0          0   libinit2.o
         2          0          0          0          0          0   libshutdown.o
         2          0          0          0          0          0   libshutdown2.o
         8          4          0          0         96         68   libspace.o
       238          0          0          0          0        100   lludivv7m.o
        78          0          0          0          0         80   rt_memclr_w.o
         2          0          0          0          0          0   rtexit.o
        10          0          0          0          0          0   rtexit2.o
        12          4          0          0          0         68   sys_exit.o
        74          0          0          0          0         80   sys_stackheap_outer.o
         2          0          0          0          0         68   use_no_semi.o
        10          0          0          0          0        116   fpinit.o

    ----------------------------------------------------------------------
       610         16          0          0         96        880   Library Totals
         8          0          0          0          0          0   (incl. Padding)

    ----------------------------------------------------------------------

      Code (inc. data)   RO Data    RW Data    ZI Data      Debug   Library Name

       592         16          0          0         96        764   c_w.l
        10          0          0          0          0        116   fz_wm.l

    ----------------------------------------------------------------------
       610         16          0          0         96        880   Library Totals

    ----------------------------------------------------------------------

==============================================================================


      Code (inc. data)   RO Data    RW Data    ZI Data      Debug   

     18470        838        482        124       2748    1495328   Grand Totals
     18470        838        482        124       2748    1495328   ELF Image Totals
     18470        838        482        124          0          0   ROM Totals

==============================================================================

    Total RO  Size (Code + RO Data)                18952 (  18.51kB)
    Total RW  Size (RW Data + ZI Data)              2872 (   2.80kB)
    Total ROM Size (Code + RO Data + RW Data)      19076 (  18.63kB)

==============================================================================

